Enter password: ********
Welcome to the MySQL monitor.  Commands end with ; or \g.
Your MySQL connection id is 82
Server version: 8.1.0 MySQL Community Server - GPL

Copyright (c) 2000, 2023, Oracle and/or its affiliates.

Oracle is a registered trademark of Oracle Corporation and/or its
affiliates. Other names may be trademarks of their respective
owners.

Type 'help;' or '\h' for help. Type '\c' to clear the current input statement.

mysql> use quitanda;
Database changed
mysql> select * from frutas;
+----+----------+------------+------+--------------+---------+------------+
| id | nome     | quantidade | cor  | categoria_id | estado  | data       |
+----+----------+------------+------+--------------+---------+------------+
|  1 | Laranja  |          1 | NULL |            1 | bom     | 1999-05-11 |
|  2 | Melancia |          2 | NULL |            1 | Bom     | 2000-05-11 |
|  3 | Maça     |          4 | NULL |            1 | Regular | 1999-05-11 |
+----+----------+------------+------+--------------+---------+------------+
3 rows in set (0.00 sec)

mysql> select * from frutas;
+----+----------+------------+------+--------------+---------+------------+
| id | nome     | quantidade | cor  | categoria_id | estado  | data       |
+----+----------+------------+------+--------------+---------+------------+
|  1 | Laranja  |          1 | NULL |            1 | bom     | 1999-05-11 |
|  2 | Melancia |          2 | NULL |            1 | Bom     | 2000-05-11 |
|  3 | Maça     |          4 | NULL |            1 | Regular | 1999-05-11 |
|  4 | Pêra     |          3 | NULL |            2 | otimo   | 2000-09-20 |
+----+----------+------------+------+--------------+---------+------------+
4 rows in set (0.00 sec)

mysql> desc frutas;
+--------------+--------------+------+-----+---------+----------------+
| Field        | Type         | Null | Key | Default | Extra          |
+--------------+--------------+------+-----+---------+----------------+
| id           | int          | NO   | PRI | NULL    | auto_increment |
| nome         | varchar(50)  | NO   |     | NULL    |                |
| quantidade   | int          | NO   |     | NULL    |                |
| cor          | varchar(255) | YES  |     | NULL    |                |
| categoria_id | int          | NO   |     | NULL    |                |
| estado       | varchar(50)  | NO   |     | NULL    |                |
| data         | date         | NO   |     | NULL    |                |
+--------------+--------------+------+-----+---------+----------------+
7 rows in set (0.01 sec)

mysql> alter table frutas
    -> add column preco float;
Query OK, 4 rows affected (0.06 sec)
Records: 4  Duplicates: 0  Warnings: 0

mysql> desc frutas;
+--------------+--------------+------+-----+---------+----------------+
| Field        | Type         | Null | Key | Default | Extra          |
+--------------+--------------+------+-----+---------+----------------+
| id           | int          | NO   | PRI | NULL    | auto_increment |
| nome         | varchar(50)  | NO   |     | NULL    |                |
| quantidade   | int          | NO   |     | NULL    |                |
| cor          | varchar(255) | YES  |     | NULL    |                |
| categoria_id | int          | NO   |     | NULL    |                |
| estado       | varchar(50)  | NO   |     | NULL    |                |
| data         | date         | NO   |     | NULL    |                |
| preco        | float        | YES  |     | NULL    |                |
+--------------+--------------+------+-----+---------+----------------+
8 rows in set (0.00 sec)

mysql> select * from frutas;
+----+----------+------------+------+--------------+---------+------------+-------+
| id | nome     | quantidade | cor  | categoria_id | estado  | data       | preco |
+----+----------+------------+------+--------------+---------+------------+-------+
|  1 | Laranja  |          1 | NULL |            1 | bom     | 1999-05-11 |  NULL |
|  2 | Melancia |          2 | NULL |            1 | Bom     | 2000-05-11 |  NULL |
|  3 | Maça     |          4 | NULL |            1 | Regular | 1999-05-11 |  NULL |
|  4 | Pêra     |          3 | NULL |            2 | otimo   | 2000-09-20 |  NULL |
|  5 | Manga    |          4 | NULL |            1 | Bom     | 2023-10-24 |  2.99 |
+----+----------+------------+------+--------------+---------+------------+-------+
5 rows in set (0.00 sec)

mysql> select * from frutas;
+----+----------+------------+------+--------------+---------+------------+-------+
| id | nome     | quantidade | cor  | categoria_id | estado  | data       | preco |
+----+----------+------------+------+--------------+---------+------------+-------+
|  1 | Laranja  |          1 | NULL |            1 | bom     | 1999-05-11 |  NULL |
|  2 | Melancia |          2 | NULL |            1 | Bom     | 2000-05-11 |  NULL |
|  3 | Maça     |          4 | NULL |            1 | Regular | 1999-05-11 |  NULL |
|  4 | Pêra     |          3 | NULL |            2 | otimo   | 2000-09-20 |  NULL |
|  5 | Manga    |          4 | NULL |            1 | Bom     | 2023-10-24 |  2.99 |
+----+----------+------------+------+--------------+---------+------------+-------+
5 rows in set (0.00 sec)

mysql> select * from frutas;
+----+----------+------------+---------+--------------+---------+------------+-------+
| id | nome     | quantidade | cor     | categoria_id | estado  | data       | preco |
+----+----------+------------+---------+--------------+---------+------------+-------+
|  1 | Laranja  |          1 | NULL    |            1 | bom     | 1999-05-11 |  NULL |
|  2 | Melancia |          2 | NULL    |            1 | Bom     | 2000-05-11 |  NULL |
|  3 | Maça     |          4 | NULL    |            1 | Regular | 1999-05-11 |  NULL |
|  4 | Pêra     |          3 | NULL    |            2 | otimo   | 2000-09-20 |  NULL |
|  5 | Manga    |          4 | NULL    |            1 | Bom     | 2023-10-24 |  2.99 |
|  6 | Caqui    |         69 | Laranja |            3 | Ruim    | 2009-10-01 |   0.5 |
+----+----------+------------+---------+--------------+---------+------------+-------+
6 rows in set (0.00 sec)

mysql> use sakila;
Database changed
mysql> select count(fa.ator_id), f.titulo
    -> from filme_ator fa, ator a, filme f
    -> where fa.ator_id = a.ator_id
    -> and fa.filme_id = f.filme_id
    -> group by titulo order by "A" asc;
+-------------------+-----------------------------+
| count(fa.ator_id) | titulo                      |
+-------------------+-----------------------------+
|                 7 | BACKLASH UNDEFEATED         |
|                 4 | BETRAYED REAR               |
|                 7 | CAPER MOTIONS               |
|                 5 | CATCH AMISTAD               |
|                 6 | CHANCE RESURRECTION         |
|                 6 | CONFUSED CANDLES            |
|                 8 | CUPBOARD SINNERS            |
|                 6 | DIVIDE MONSTER              |
|                 8 | DOOM DANCING                |
|                 9 | DOORS PRESIDENT             |
|                 8 | DRIVER ANNIE                |
|                 9 | FEATHERS METAL              |
|                 5 | FIRE WOLVES                 |
|                 6 | HILLS NEIGHBORS             |
|                 6 | HOME PITY                   |
|                 3 | INNOCENT USUAL              |
|                 5 | JAWBREAKER BROOKLYN         |
|                 9 | LUKE MUMMY                  |
|                 7 | MAGNOLIA FORRESTER          |
|                 8 | MAIDEN HOME                 |
|                11 | MAKER GABLES                |
|                 5 | MILLION ACE                 |
|                 7 | MOURNING PURPLE             |
|                 2 | NUTS TIES                   |
|                 9 | OKLAHOMA JUMANJI            |
|                 3 | OPERATION OPERATION         |
|                 5 | PRINCESS GIANT              |
|                 8 | RESERVOIR ADAPTATION        |
|                 4 | SABRINA MIDNIGHT            |
|                 4 | SINNERS ATLANTIS            |
|                 7 | STREETCAR INTENTIONS        |
|                11 | SUBMARINE BED               |
|                 8 | BOULEVARD MOB               |
|                 4 | BRAVEHEART HUMAN            |
|                 6 | BUCKET BROTHERHOOD          |
|                 2 | BUGSY SONG                  |
|                 4 | CASABLANCA SUPER            |
|                 3 | CHARADE DUFFEL              |
|                 8 | DANGEROUS UPTOWN            |
|                 5 | DEVIL DESIRE                |
|                 9 | FRISCO FORREST              |
|                 6 | GRINCH MASSAGE              |
|                 6 | HOURS RAGE                  |
|                 3 | HURRICANE AFFAIR            |
|                11 | IMAGE PRINCESS              |
|                 4 | ISHTAR ROCKETEER            |
|                 6 | LABYRINTH LEAGUE            |
|                 6 | LEAGUE HELLFIGHTERS         |
|                 6 | MADIGAN DORADO              |
|                 7 | MADNESS ATTACKS             |
|                 4 | MAGIC MALLRATS              |
|                 9 | MASSAGE IMAGE               |
|                 6 | MEMENTO ZOOLANDER           |
|                 8 | NECKLACE OUTBREAK           |
|                 5 | PATHS CONTROL               |
|                 7 | PLUTO OLEANDER              |
|                 5 | PRIVATE DROP                |
|                 6 | RAIDERS ANTITRUST           |
|                 7 | REUNION WITCHES             |
|                12 | SKY MIRACLE                 |
|                 3 | SPEAKEASY DATE              |
|                 6 | STAGECOACH ARMAGEDDON       |
|                 6 | TIES HUNGER                 |
|                 5 | USUAL UNTOUCHABLES          |
|                 4 | WORST BANGER                |
|                 8 | APOLLO TEEN                 |
|                 4 | CLUB GRAFFITI               |
|                 9 | FAMILY SWEET                |
|                 4 | FLINTSTONES HAPPINESS       |
|                 3 | GALAXY SWEETHEARTS          |
|                 6 | GLORY TRACY                 |
|                 6 | HALF OUTFIELD               |
|                 4 | HEDWIG ALTER                |
|                 6 | HOLIDAY GAMES               |
|                 9 | HOUSE DYNAMITE              |
|                 7 | MONEY HAROLD                |
|                 6 | OPPOSITE NECKLACE           |
|                 5 | PEAK FOREVER                |
|                 5 | PIANIST OUTFIELD            |
|                 7 | PILOT HOOSIERS              |
|                 5 | PRESIDENT BANG              |
|                13 | RANDOM GO                   |
|                 5 | REDEMPTION COMFORTS         |
|                 5 | SONG HEDWIG                 |
|                 6 | SPIKING ELEMENT             |
|                 4 | STEPMOM DREAM               |
|                 7 | SUNDANCE INVASION           |
|                 5 | VICTORY ACADEMY             |
|                 8 | WORLD LEATHERNECKS          |
|                 8 | ARACHNOPHOBIA ROLLERCOASTER |
|                 7 | ARMAGEDDON LOST             |
|                 3 | ARSENIC INDEPENDENCE        |
|                 8 | BADMAN DAWN                 |
|                 5 | BARBARELLA STREETCAR        |
|                 6 | CHAPLIN LICENSE             |
|                 8 | CHICAGO NORTH               |
|                 4 | CINCINATTI WHISPERER        |
|                 8 | FICTION CHRISTMAS           |
|                 4 | GROSSE WONDERFUL            |
|                 5 | HAPPINESS UNITED            |
|                 6 | KING EVOLUTION              |
|                12 | LESSON CLEOPATRA            |
|                 5 | MANNEQUIN WORST             |
|                 6 | METROPOLIS COMA             |
|                 5 | ORANGE GRAPES               |
|                 3 | PAPI NECKLACE               |
|                 5 | ROBBERS JOON                |
|                 8 | SHIP WONDERLAND             |
|                 9 | STRANGELOVE DESIRE          |
|                 9 | VELVET TERMINATOR           |
|                 9 | WAR NOTTING                 |
|                 9 | WEST LION                   |
|                 7 | BUTTERFLY CHOCOLAT          |
|                 8 | CARIBBEAN LIBERTY           |
|                 7 | CLASH FREDDY                |
|                 7 | CLEOPATRA DEVIL             |
|                 5 | EXORCIST STING              |
|                 4 | HARPER DYING                |
|                 5 | HEARTBREAKERS BRIGHT        |
|                 9 | INDEPENDENCE HOTEL          |
|                 9 | JAPANESE RUN                |
|                 2 | JINGLE SAGEBRUSH            |
|                 8 | KARATE MOON                 |
|                 6 | LOLA AGENT                  |
|                 7 | MONSTER SPARTACUS           |
|                 6 | NONE SPIKING                |
|                 2 | NOTORIOUS REUNION           |
|                 6 | PAST SUICIDES               |
|                 4 | PATRIOT ROMAN               |
|                 6 | POTLUCK MIXED               |
|                 6 | RAINBOW SHOCK               |
|                 6 | RUGRATS SHAKESPEARE         |
|                 2 | SOUP WISDOM                 |
|                 7 | TITANS JERK                 |
|                 8 | UNFAITHFUL KILL             |
|                 9 | WAIT CIDER                  |
|                 9 | ALABAMA DEVIL               |
|                 7 | ARTIST COLDBLOODED          |
|                10 | BERETS AGENT                |
|                 6 | BOOGIE AMELIE               |
|                 9 | BORN SPINAL                 |
|                 4 | BRIGHT ENCOUNTERS           |
|                 6 | CLUE GRAIL                  |
|                 4 | CLYDE THEORY                |
|                 6 | DAWN POND                   |
|                 5 | DIRTY ACE                   |
|                 3 | GATHERING CALENDAR          |
|                 7 | HIGH ENCINO                 |
|                 6 | JET NEIGHBORS               |
|                 5 | KILLER INNOCENT             |
|                 4 | LOSE INCH                   |
|                 8 | RECORDS ZORRO               |
|                 7 | ROCKETEER MOTHER            |
|                 5 | SHEPHERD MIDSUMMER          |
|                 6 | SWEET BROTHERHOOD           |
|                 5 | BEAST HUNCHBACK             |
|                 7 | BENEATH RUSH                |
|                 5 | BREAKFAST GOLDFINGER        |
|                 7 | CARRIE BUNCH                |
|                 6 | CRANES RESERVOIR            |
|                 7 | DESIRE ALIEN                |
|                 4 | DISTURBING SCARFACE         |
|                 3 | DRAGONFLY STRANGERS         |
|                 8 | GANDHI KWAI                 |
|                 4 | HUSTLER PARTY               |
|                 2 | INTENTIONS EMPIRE           |
|                 8 | JADE BUNCH                  |
|                 5 | MULAN MOON                  |
|                13 | MUMMY CREATURES             |
|                 7 | ORDER BETRAYED              |
|                 7 | OUTLAW HANKY                |
|                 8 | PACIFIC AMISTAD             |
|                 6 | RACER EGG                   |
|                 2 | SAMURAI LION                |
|                 2 | SATURN NAME                 |
|                 7 | SEVEN SWARM                 |
|                 5 | STORY SIDE                  |
|                 8 | SUMMER SCARFACE             |
|                 3 | SUNSET RACER                |
|                 6 | SWARM GOLD                  |
|                 8 | TROJAN TOMORROW             |
|                 2 | VANISHED GARDEN             |
|                 8 | WARDROBE PHANTOM            |
|                12 | ARABIA DOGMA                |
|                 4 | ARIZONA BANG                |
|                 4 | CONFESSIONS MAGUIRE         |
|                13 | CRAZY HOME                  |
|                 6 | DINOSAUR SECRETARY          |
|                11 | FIDDLER LOST                |
|                 9 | FLATLINERS KILLER           |
|                 8 | IDOLS SNATCHERS             |
|                 3 | MATRIX SNOWMAN              |
|                 8 | MOVIE SHAKESPEARE           |
|                 8 | PANKY SUBMARINE             |
|                 3 | PAYCHECK WAIT               |
|                 7 | PRIX UNDEFEATED             |
|                 8 | SEA VIRGIN                  |
|                 5 | SIERRA DIVIDE               |
|                 9 | SOLDIERS EVOLUTION          |
|                 8 | SPINAL ROCKY                |
|                 5 | SUNRISE LEAGUE              |
|                 8 | SUSPECTS QUILLS             |
|                 9 | WORKER TARZAN               |
|                 5 | ANALYZE HOOSIERS            |
|                 6 | BASIC EASY                  |
|                10 | CHINATOWN GLADIATOR         |
|                 4 | DORADO NOTTING              |
|                 8 | DROP WATERFRONT             |
|                 2 | HEAD STRANGER               |
|                 6 | KICK SAVANNAH               |
|                 8 | MIGHTY LUCK                 |
|                 3 | MOULIN WAKE                 |
|                 8 | REQUIEM TYCOON              |
|                 7 | RIGHT CRANES                |
|                 6 | SAVANNAH TOWN               |
|                 5 | SUIT WALLS                  |
|                 6 | TRUMAN CRAZY                |
|                 8 | VIRGINIAN PLUTO             |
|                 3 | WHISPERER GIANT             |
|                 6 | WOLVES DESIRE               |
|                 3 | ARK RIDGEMONT               |
|                 6 | BANGER PINOCCHIO            |
|                 5 | BED HIGHBALL                |
|                13 | BOONDOCK BALLROOM           |
|                 7 | DRIFTER COMMANDMENTS        |
|                 5 | ELF MURDER                  |
|                 3 | FEVER EMPIRE                |
|                 6 | GRAFFITI LOVE               |
|                 6 | HEAVENLY GUN                |
|                 2 | ITALIAN AFRICAN             |
|                 3 | MASKED BUBBLE               |
|                 4 | NEWTON LABYRINTH            |
|                 5 | PITTSBURGH HUNCHBACK        |
|                 7 | POTTER CONNECTICUT          |
|                 8 | PURPLE MOVIE                |
|                 4 | QUILLS BULL                 |
|                 6 | SLEEPY JAPANESE             |
|                 8 | TADPOLE PARK                |
|                 6 | WARLOCK WEREWOLF            |
|                 7 | BALLROOM MOCKINGBIRD        |
|                 8 | DOUBLE WRATH                |
|                 5 | DOUBTFIRE LABYRINTH         |
|                 5 | ELEPHANT TROJAN             |
|                 3 | FANTASIA PARK               |
|                 8 | GREEDY ROOTS                |
|                 7 | GROOVE FICTION              |
|                 8 | HOMICIDE PEACH              |
|                 8 | LADY STAGE                  |
|                 8 | MUPPET MILE                 |
|                 7 | NASH CHOCOLAT               |
|                 5 | PERDITION FARGO             |
|                 7 | PUNK DIVORCE                |
|                 3 | ROLLERCOASTER BRINGING      |
|                 7 | RUSHMORE MERMAID            |
|                 7 | STING PERSONAL              |
|                 7 | THIEF PELICAN               |
|                 6 | WAGON JAWS                  |
|                 5 | WALLS ARTIST                |
|                10 | WEDDING APOLLO              |
|                 5 | WONDERLAND CHRISTMAS        |
|                 6 | WYOMING STORM               |
|                 8 | ALONE TRIP                  |
|                 9 | ANGELS LIFE                 |
|                 7 | ANTITRUST TOMATOES          |
|                 6 | BALLOON HOMEWARD            |
|                 5 | BINGO TALENTED              |
|                 4 | BIRDCAGE CASPER             |
|                 4 | CABIN FLASH                 |
|                 4 | CAT CONEHEADS               |
|                 5 | COMANCHEROS ENEMY           |
|                 5 | DESERT POSEIDON             |
|                 4 | DESPERATE TRAINSPOTTING     |
|                 7 | EXTRAORDINARY CONQUERER     |
|                 5 | GHOST GROUNDHOG             |
|                 4 | HOTEL HAPPINESS             |
|                 4 | HUNTER ALTER                |
|                 9 | LOVERBOY ATTACKS            |
|                 7 | MAGNIFICENT CHITTY          |
|                11 | MASK PEACH                  |
|                 4 | NATURAL STOCK               |
|                 7 | SCARFACE BANG               |
|                 7 | SENSE GREEK                 |
|                 6 | TRAMP OTHERS                |
|                 8 | TROUBLE DATE                |
|                 3 | WIND PHANTOM                |
|                 5 | ARGONAUTS TOWN              |
|                 7 | BANG KWAI                   |
|                 9 | CONEHEADS SMOOCHY           |
|                 7 | DISCIPLE MOTHER             |
|                 7 | EFFECT GLADIATOR            |
|                 5 | GASLIGHT CRUSADE            |
|                 7 | GROUNDHOG UNCUT             |
|                 8 | JERK PAYCHECK               |
|                15 | LAMBS CINCINATTI            |
|                 5 | PELICAN COMFORTS            |
|                 8 | ROAD ROXANNE                |
|                 8 | ROCK INSTINCT               |
|                 5 | SCISSORHANDS SLUMS          |
|                 6 | SECRETARY ROUGE             |
|                 5 | SHINING ROSES               |
|                 3 | SHOOTIST SUPERFLY           |
|                 5 | TROOPERS METAL              |
|                 7 | UNFORGIVEN ZOOLANDER        |
|                 8 | VIRGIN DAISY                |
|                 6 | WIFE TURN                   |
|                 5 | APOCALYPSE FLAMINGOS        |
|                 8 | BABY HALL                   |
|                 6 | BEETHOVEN EXORCIST          |
|                 3 | BUBBLE GROSSE               |
|                 7 | CAROL TEXAS                 |
|                 7 | CONNECTICUT TRAMP           |
|                 7 | CONNECTION MICROCOSMOS      |
|                 7 | DONNIE ALLEY                |
|                10 | JACKET FRISCO               |
|                 4 | JERICHO MULAN               |
|                 5 | LOSER HUSTLER               |
|                 5 | MALLRATS UNITED             |
|                 1 | MINORITY KISS               |
|                 7 | NATIONAL STORY              |
|                 6 | NOON PAPI                   |
|                 9 | OPEN AFRICAN                |
|                 3 | SIMON NORTH                 |
|                 6 | SMOKING BARBARELLA          |
|                 3 | SPARTACUS CHEAPER           |
|                11 | SPIRIT FLINTSTONES          |
|                 6 | STAMPEDE DISTURBING         |
|                 7 | TELEGRAPH VOYAGE            |
|                11 | TELEMARK HEARTBREAKERS      |
|                 9 | TOMATOES HELLFIGHTERS       |
|                 5 | TOOTSIE PILOT               |
|                10 | WEEKEND PERSONAL            |
|                 7 | WEREWOLF LOLA               |
|                 4 | AMISTAD MIDSUMMER           |
|                 4 | BULWORTH COMMANDMENTS       |
|                 2 | CALIFORNIA BIRDS            |
|                 6 | CREEPERS KANE               |
|                 7 | DUDE BLINDNESS              |
|                 9 | DURHAM PANKY                |
|                 6 | EVE RESURRECTION            |
|                 6 | FULL FLATLINERS             |
|                 4 | IDENTITY LOVER              |
|                 7 | INVASION CYCLONE            |
|                 6 | LUCK OPUS                   |
|                 5 | ROOF CHAMPION               |
|                 6 | SEATTLE EXPECATIONS         |
|                10 | SHAWSHANK BUBBLE            |
|                 3 | SNATCH SLIPPER              |
|                 5 | TENENBAUMS COMMAND          |
|                 6 | WORDS HUNTER                |
|                 5 | YOUTH KICK                  |
|                 4 | ALAMO VIDEOTAPE             |
|                 5 | BEAUTY GREASE               |
|                 5 | EYES DRIVING                |
|                 5 | HUNTING MUSKETEERS          |
|                 5 | IGBY MAKER                  |
|                 3 | MUSIC BOONDOCK              |
|                 8 | NEWSIES STORY               |
|                 6 | PARK CITIZEN                |
|                 4 | REEF SALUTE                 |
|                 6 | SENSIBILITY REAR            |
|                 4 | SILENCE KANE                |
|                 7 | SLIPPER FIDELITY            |
|                11 | SPICE SORORITY              |
|                 9 | STRANGER STRANGERS          |
|                 5 | WOMEN DORADO                |
|                 7 | DRIVING POLISH              |
|                 7 | DRUMS DYNAMITE              |
|                 4 | ENEMY ODDS                  |
|                 8 | EXCITEMENT EVE              |
|                 7 | GORGEOUS BINGO              |
|                 8 | HOBBIT ALIEN                |
|                 3 | IMPACT ALADDIN              |
|                 4 | KENTUCKIAN GIANT            |
|                 6 | LOVELY JINGLE               |
|                 7 | LOVER TRUMAN                |
|                 7 | MUSSOLINI SPOILERS          |
|                10 | POLISH BROOKLYN             |
|                 4 | SALUTE APOLLO               |
|                 9 | SATURDAY LAMBS              |
|                 7 | STOCK GLASS                 |
|                 5 | TIGHTS DAWN                 |
|                 7 | TRAP GUYS                   |
|                 6 | TYCOON GATHERING            |
|                 3 | VOICE PEACH                 |
|                 6 | WESTWARD SEABISCUIT         |
|                 8 | COMMAND DARLING             |
|                 6 | CRAFT OUTFIELD              |
|                 5 | CRYSTAL BREAKING            |
|                 3 | DEER VIRGINIAN              |
|                 8 | GENTLEMEN STAGE             |
|                 4 | JEDI BENEATH                |
|                 5 | OCTOBER SUBMARINE           |
|                 6 | PARIS WEEKEND               |
|                 8 | SCORPION APOLLO             |
|                 2 | TERMINATOR CLUB             |
|                 6 | TEXAS WATCH                 |
|                 5 | ALLEY EVOLUTION             |
|                 2 | BOUND CHEAPER               |
|                 5 | BOWFINGER GABLES            |
|                 8 | BUNCH MINDS                 |
|                10 | DARES PLUTO                 |
|                 4 | DATE SPEED                  |
|                 5 | DAY UNFAITHFUL              |
|                 4 | FURY MURDER                 |
|                 3 | HARDLY ROBBERS              |
|                 5 | HIGHBALL POTTER             |
|                11 | HOLES BRANNIGAN             |
|                 7 | LEATHERNECKS DWARFS         |
|                10 | LUCKY FLYING                |
|                 6 | MONTEREY LABYRINTH          |
|                 6 | NOVOCAINE FLIGHT            |
|                 6 | PERFECT GROOVE              |
|                 4 | REAP UNFAITHFUL             |
|                 5 | SWEDEN SHINING              |
|                 4 | APACHE DIVINE               |
|                 9 | BONNIE HOLOCAUST            |
|                 7 | CHAMBER ITALIAN             |
|                 2 | CHICKEN HELLFIGHTERS        |
|                 6 | CONQUERER NUTS              |
|                 7 | DOGMA FAMILY                |
|                 9 | DUMBO LUST                  |
|                 6 | FACTORY DRAGON              |
|                 3 | FREDDY STORM                |
|                 5 | GRAPES FURY                 |
|                 6 | HOLLYWOOD ANONYMOUS         |
|                 5 | KANE EXORCIST               |
|                 3 | LOUISIANA HARRY             |
|                 9 | PATTON INTERVIEW            |
|                 3 | SHANE DARKNESS              |
|                 8 | SHANGHAI TYCOON             |
|                 4 | SLEEPLESS MONSOON           |
|                 8 | SPY MILE                    |
|                 7 | UPTOWN YOUNG                |
|                 5 | WHALE BIKINI                |
|                 2 | WONKA SEA                   |
|                 5 | ALI FOREVER                 |
|                 3 | CONGENIALITY QUEST          |
|                 5 | CONTACT ANONYMOUS           |
|                 5 | FREEDOM CLEOPATRA           |
|                 6 | ICE CROSSING                |
|                 6 | JEEPERS WEDDING             |
|                 6 | LANGUAGE COWBOY             |
|                 2 | LAWRENCE LOVE               |
|                 8 | MURDER ANTITRUST            |
|                 7 | SLEUTH ORIENT               |
|                 8 | STORM HAPPINESS             |
|                 5 | SUGAR WONKA                 |
|                 5 | VIDEOTAPE ARSENIC           |
|                 9 | ATLANTIS CAUSE              |
|                 4 | BLOOD ARGONAUTS             |
|                 4 | COMMANDMENTS EXPRESS        |
|                 5 | DYNAMITE TARZAN             |
|                 3 | EDGE KISSING                |
|                 5 | FINDING ANACONDA            |
|                 6 | GREATEST NORTH              |
|                 6 | JUNGLE CLOSER               |
|                 7 | LIBERTY MAGNIFICENT         |
|                 3 | LOST BIRD                   |
|                 7 | MARS ROMAN                  |
|                 8 | NORTHWEST POLISH            |
|                 6 | SONS INTERVIEW              |
|                 4 | TOWERS HURRICANE            |
|                 5 | AMERICAN CIRCUS             |
|                 8 | CITIZEN SHREK               |
|                 6 | DALMATIONS SWEDEN           |
|                 7 | DESTINY SATURDAY            |
|                 3 | HATE HANDICAP               |
|                 5 | MISSION ZOOLANDER           |
|                 7 | PRIMARY GLASS               |
|                 8 | ALADDIN CALENDAR            |
|                 7 | ALASKA PHANTOM              |
|                 6 | AMADEUS HOLY                |
|                 6 | CANYON STOCK                |
|                13 | CHITTY LOCK                 |
|                 5 | FIREBALL PHILADELPHIA       |
|                 7 | INTRIGUE WORST              |
|                 9 | JERSEY SASSY                |
|                12 | LONELY ELEPHANT             |
|                 8 | MODEL FISH                  |
|                 4 | PATIENT SISTER              |
|                10 | PREJUDICE OLEANDER          |
|                 7 | STALLION SUNDANCE           |
|                 4 | TOWN ARK                    |
|                 6 | UNITED PILOT                |
|                 5 | WATCH TRACY                 |
|                 5 | WORKING MICROCOSMOS         |
|                 5 | AIRPLANE SIERRA             |
|                 2 | CHARIOTS CONSPIRACY         |
|                 2 | DYING MAKER                 |
|                 9 | ENOUGH RAGING               |
|                 4 | GLASS DYING                 |
|                 7 | HOMEWARD CIDER              |
|                 6 | IDAHO LOVE                  |
|                 4 | LAWLESS VISION              |
|                 6 | LIAISONS SWEET              |
|                 7 | MALKOVICH PET               |
|                 8 | METAL ARMAGEDDON            |
|                 6 | MIXED DOORS                 |
|                 5 | RIDGEMONT SUBMARINE         |
|                 6 | SANTA PARIS                 |
|                 3 | SOMETHING DUCK              |
|                 8 | UNBREAKABLE KARATE          |
|                 6 | WATERSHIP FRONTIER          |
|                 6 | BILL OTHERS                 |
|                 3 | BLINDNESS GUN               |
|                 3 | CONVERSATION DOWNHILL       |
|                10 | CROW GREASE                 |
|                 9 | DARN FORRESTER              |
|                 5 | ODDS BOOGIE                 |
|                 7 | RAGE GAMES                  |
|                 5 | REDS POCUS                  |
|                 6 | SHAKESPEARE SADDLE          |
|                 3 | BILKO ANONYMOUS             |
|                 7 | DAISY MENAGERIE             |
|                 5 | EVERYONE CRAFT              |
|                 9 | FLAMINGOS CONNECTICUT       |
|                 3 | HOLY TADPOLE                |
|                10 | HOOSIERS BIRDCAGE           |
|                 5 | INCH JET                    |
|                 5 | JASON TRAP                  |
|                 3 | MARRIED GO                  |
|                 6 | MOD SECRETARY               |
|                 4 | MOSQUITO ARMAGEDDON         |
|                 5 | PITY BOUND                  |
|                 6 | POLLOCK DELIVERANCE         |
|                 4 | PRIDE ALAMO                 |
|                 2 | ROBBERY BRIGHT              |
|                 9 | SNATCHERS MONTEZUMA         |
|                 5 | SPIRITED CASUALTIES         |
|                 6 | AMELIE HELLFIGHTERS         |
|                 6 | DANCING FEVER               |
|                 6 | DOZEN LION                  |
|                11 | FUGITIVE MAGUIRE            |
|                 6 | GODFATHER DIARY             |
|                 8 | MOTIONS DETAILS             |
|                 7 | PET HAUNTING                |
|                11 | PINOCCHIO SIMON             |
|                 1 | SHOCK CABIN                 |
|                 3 | TARZAN VIDEOTAPE            |
|                 3 | TRANSLATION SUMMER          |
|                 7 | WISDOM WORKER               |
|                 7 | BEDAZZLED MARRIED           |
|                 6 | CROOKED FROGMEN             |
|                 3 | EXPECATIONS NATURAL         |
|                 2 | FISH OPUS                   |
|                 6 | FROGMEN BREAKING            |
|                 7 | FROST HEAD                  |
|                 8 | REAR TRADING                |
|                 6 | SIDE ARK                    |
|                 5 | DANCES NONE                 |
|                 6 | ENCINO ELF                  |
|                 5 | ENDING CROWDS               |
|                 7 | HANDICAP BOONDOCK           |
|                 5 | HONEY TIES                  |
|                 8 | HORN WORKING                |
|                 6 | MEET CHOCOLATE              |
|                 7 | MOONWALKER FOOL             |
|                10 | OLEANDER CLUE               |
|                 5 | STRANGERS GRAFFITI          |
|                 2 | THIN SAGEBRUSH              |
|                10 | ACADEMY DINOSAUR            |
|                 8 | FLYING HOOK                 |
|                 5 | HAMLET WISDOM               |
|                 7 | HANGING DEEP                |
|                11 | INSTINCT AIRPORT            |
|                 6 | INTOLERABLE INTENTIONS      |
|                 7 | LIES TREATMENT              |
|                 3 | REIGN GENTLEMEN             |
|                10 | ROOTS REMEMBER              |
|                 5 | ROXANNE REBEL               |
|                 7 | SUPERFLY TRIP               |
|                 5 | VAMPIRE WHALE               |
|                 5 | AFRICAN EGG                 |
|                 7 | ARMY FLINTSTONES            |
|                 6 | BIRCH ANTITRUST             |
|                 5 | BLACKOUT PRIVATE            |
|                 4 | BLUES INSTINCT              |
|                 2 | CIRCUS YOUTH                |
|                 4 | CROWDS TELEMARK             |
|                 5 | GUN BONNIE                  |
|                 6 | HARRY IDAHO                 |
|                 4 | LADYBUGS ARMAGEDDON         |
|                 8 | LIFE TWISTED                |
|                 7 | LUST LOCK                   |
|                 4 | MADRE GABLES                |
|                 6 | MINDS TRUMAN                |
|                 5 | MOONSHINE CABIN             |
|                 5 | MUSCLE BRIGHT               |
|                 3 | SNOWMAN ROLLERCOASTER       |
|                 5 | SQUAD FISH                  |
|                12 | TITANIC BOONDOCK            |
|                 4 | TRIP NEWTON                 |
|                 7 | UNCUT SUICIDES              |
|                 2 | CRUELTY UNFORGIVEN          |
|                13 | DRACULA CRYSTAL             |
|                 9 | FANTASY TROOPERS            |
|                 3 | FORWARD TEMPLE              |
|                 4 | HOPE TOOTSIE                |
|                 5 | JEOPARDY ENCINO             |
|                 8 | LICENSE WEEKEND             |
|                 8 | RUNNER MADIGAN              |
|                 3 | SLING LUKE                  |
|                 4 | STRICTLY SCARFACE           |
|                 5 | TEEN APOLLO                 |
|                 4 | TRAINSPOTTING STRANGERS     |
|                 7 | CADDYSHACK JEDI             |
|                 5 | COWBOY DOOM                 |
|                 5 | FORREST SONS                |
|                 7 | FRENCH HOLIDAY              |
|                 7 | HALLOWEEN NUTS              |
|                 5 | PLATOON INSTINCT            |
|                 5 | YOUNG LANGUAGE              |
|                 7 | BORROWERS BEDAZZLED         |
|                 5 | CIDER DESIRE                |
|                 8 | CLUELESS BUCKET             |
|                 6 | DOCTOR GRAIL                |
|                 4 | DREAM PICKUP                |
|                 7 | HAROLD FRENCH               |
|                10 | INDIAN LOVE                 |
|                 4 | INSECTS STONE               |
|                 6 | MICROCOSMOS PARADISE        |
|                 4 | ROUGE SQUAD                 |
|                10 | SAINTS BRIDE                |
|                 3 | VIRTUAL SPOILERS            |
|                 4 | FIDELITY DEVIL              |
|                 4 | GUNFIGHT MOON               |
|                 4 | GUNFIGHTER MUSSOLINI        |
|                 5 | GUYS FALCON                 |
|                 4 | RANGE MOONWALKER            |
|                 5 | VOLCANO TEXAS               |
|                 5 | WON DARES                   |
|                 4 | BLANKET BEVERLY             |
|                 5 | BROTHERHOOD BLANKET         |
|                 4 | DECEIVER BETRAYED           |
|                 3 | DELIVERANCE MULHOLLAND      |
|                 6 | EAGLES PANKY                |
|                 5 | EARRING INSTINCT            |
|                 3 | EASY GLADIATOR              |
|                 9 | EMPIRE MALKOVICH            |
|                 4 | ENTRAPMENT SATISFACTION     |
|                 8 | GABLES METROPOLIS           |
|                 4 | HUMAN GRAFFITI              |
|                 3 | IMPOSSIBLE PREJUDICE        |
|                 8 | KRAMER CHOCOLATE            |
|                 1 | MIRACLE VIRTUAL             |
|                 6 | THEORY MERMAID              |
|                 2 | BRANNIGAN SUNRISE           |
|                 5 | CHOCOLAT HARRY              |
|                 3 | CYCLONE FAMILY              |
|                 3 | DESTINATION JERK            |
|                 2 | FOOL MOCKINGBIRD            |
|                 6 | FRONTIER CABIN              |
|                 5 | HALL CASSIDY                |
|                 5 | MADISON TRAP                |
|                 6 | OSCAR GOLD                  |
|                11 | RINGS HEARTBREAKERS         |
|                 7 | SIEGE MADRE                 |
|                 4 | SORORITY QUEEN              |
|                 4 | TRAIN BUNCH                 |
|                 8 | BAREFOOT MANCHURIAN         |
|                 7 | COLOR PHILADELPHIA          |
|                 5 | DADDY PITTSBURGH            |
|                 4 | DIARY PANIC                 |
|                 4 | DOWNHILL ENOUGH             |
|                 7 | GOLDMINE TYCOON             |
|                 7 | ILLUSION AMELIE             |
|                 3 | ISLAND EXORCIST             |
|                 4 | OPUS ICE                    |
|                 4 | PEARL DESTINY               |
|                 5 | PIZZA JUMANJI               |
|                 6 | SPEED SUIT                  |
|                 7 | SPOILERS HELLFIGHTERS       |
|                 5 | TREATMENT JEKYLL            |
|                 6 | WASTELAND DIVINE            |
|                 8 | DRAGON SQUAD                |
|                 4 | ENCOUNTERS CURTAIN          |
|                 7 | HAWK CHILL                  |
|                 8 | IRON MOON                   |
|                 1 | MOON BUNCH                  |
|                 9 | RIDER CADDYSHACK            |
|                 8 | SMILE EARRING               |
|                 5 | UPRISING UPTOWN             |
|                 4 | WINDOW SIDE                 |
|                 9 | WIZARD COLDBLOODED          |
|                 3 | BEAR GRACELAND              |
|                 2 | BIKINI BORROWERS            |
|                 4 | CLERKS ANGELS               |
|                 4 | CORE SUIT                   |
|                 2 | DUCK RACER                  |
|                 4 | FEUD FROGMEN                |
|                 4 | LEGEND JEDI                 |
|                 4 | PARADISE SABRINA            |
|                 3 | ROCKY WAR                   |
|                 5 | UNTOUCHABLES SUNRISE        |
|                 4 | WONDERFUL DROP              |
|                 5 | ZOOLANDER FICTION           |
|                 6 | ALIEN CENTER                |
|                 4 | CANDIDATE PERDITION         |
|                 5 | CLONES PINOCCHIO            |
|                 5 | FREAKY POCUS                |
|                 6 | GRACELAND DYNAMITE          |
|                 3 | GREASE YOUTH                |
|                 6 | LORD ARIZONA                |
|                11 | OZ LIAISONS                 |
|                 6 | RUN PACIFIC                 |
|                 5 | WAKE JAWS                   |
|                 9 | WRONG BEHAVIOR              |
|                 2 | CAMELOT VACATION            |
|                 4 | CHAMPION FLATLINERS         |
|                 2 | CROSSING DIVORCE            |
|                 6 | KNOCK WARLOCK               |
|                 6 | MULHOLLAND BEAST            |
|                 5 | QUEST MUSSOLINI             |
|                 5 | SCALAWAG DUCK               |
|                 4 | TIMBERLAND SKY              |
|                 3 | TWISTED PIRATES             |
|                 4 | BEVERLY OUTLAW              |
|                 5 | CASPER DRAGONFLY            |
|                 7 | NEIGHBORS CHARADE           |
|                 5 | POCUS PULP                  |
|                 4 | WITCHES PANIC               |
|                 5 | AFFAIR PREJUDICE            |
|                 7 | DEEP CRUSADE                |
|                 6 | EARLY HOME                  |
|                 5 | FARGO GANDHI                |
|                 2 | FRANKENSTEIN STRANGER       |
|                 7 | HANOVER GALAXY              |
|                 5 | INTERVIEW LIAISONS          |
|                 4 | MYSTIC TRUMAN               |
|                 4 | ORIENT CLOSER               |
|                 5 | ANACONDA CONFESSIONS        |
|                 5 | BLADE POLISH                |
|                 1 | GHOSTBUSTERS ELF            |
|                 6 | JUMANJI BLADE               |
|                 6 | POSEIDON FOREVER            |
|                 5 | SILVERADO GOLDFINGER        |
|                10 | SPLASH GUMP                 |
|                 7 | TREASURE COMMAND            |
|                 3 | CREATURES SHAKESPEARE       |
|                 5 | EGYPT TENENBAUMS            |
|                 8 | JUMPING WRATH               |
|                 5 | PANTHER REDS                |
|                 7 | PULP BEVERLY                |
|                 4 | SEARCHERS WAIT              |
|                 5 | STAR OPERATION              |
|                 4 | VALLEY PACKER               |
|                 5 | VANISHING ROCKY             |
|                 4 | AIRPORT POLLOCK             |
|                 9 | ANONYMOUS HUMAN             |
|                 5 | CASUALTIES ENCINO           |
|                 8 | GOODFELLAS SALUTE           |
|                 5 | LOATHING LEGALLY            |
|                 3 | SISTER FREDDY               |
|                 5 | WASH HEAVENLY               |
|                 2 | BRINGING HYSTERICAL         |
|                10 | COAST RAINBOW               |
|                 2 | DARLING BREAKING            |
|                 4 | EXPENDABLE STALLION         |
|                 4 | GANGS PRIDE                 |
|                 6 | MERMAID INSECTS             |
|                 5 | MOTHER OLEANDER             |
|                 4 | OTHERS SOUP                 |
|                 7 | SAGEBRUSH CLUELESS          |
|                 3 | SHREK LICENSE               |
|                 3 | UNDEFEATED DALMATIONS       |
|                 5 | MODERN DORADO               |
|                 8 | GLEAMING JAWBREAKER         |
|                 6 | GUMP DATE                   |
|                 5 | KILL BROTHERHOOD            |
|                 2 | PARTY KNOCK                 |
|                 3 | POND SEATTLE                |
|                 6 | QUEEN LUKE                  |
|                 7 | CASSIDY WYOMING             |
|                 5 | CLOCKWORK PARADISE          |
|                 4 | DAUGHTER MADIGAN            |
|                 9 | HYSTERICAL GRAIL            |
|                 5 | NORTH TEQUILA               |
|                 3 | CHRISTMAS MOONSHINE         |
|                 5 | GONE TROUBLE                |
|                 2 | HOLLOW JEOPARDY             |
|                 6 | REBEL AIRPORT               |
|                 5 | BROOKLYN DESERT             |
|                 6 | CLOSER BANG                 |
|                 6 | FATAL HAUNTED               |
|                 5 | PICKUP DRIVING              |
|                 4 | REMEMBER DIARY              |
|                 2 | VIETNAM SMOOCHY             |
|                 8 | CALENDAR GUNFIGHT           |
|                 4 | COLDBLOODED DARLING         |
|                 2 | DARKNESS WAR                |
|                 4 | HOOK CHARIOTS               |
|                 6 | HYDE DOCTOR                 |
|                 9 | MIDNIGHT WESTWARD           |
|                 4 | GOLDFINGER SENSIBILITY      |
|                 2 | MINE TITANS                 |
|                 3 | SUPER WYOMING               |
|                 3 | ZORRO ARK                   |
|                 7 | CANDLES GRAPES              |
|                 3 | CONTROL ANTHEM              |
|                 5 | HAUNTING PIANIST            |
|                10 | HEAVEN FREEDOM              |
|                 2 | JOON NORTHWEST              |
|                10 | SPLENDOR PATTON             |
|                 5 | ADAPTATION HOLES            |
|                 8 | BULL SHAWSHANK              |
|                 7 | CHOCOLATE DUCK              |
|                 3 | MILE MULAN                  |
|                 3 | SUICIDES SILENCE            |
|                12 | HELLFIGHTERS SIERRA         |
|                 3 | MASSACRE USUAL              |
|                 6 | TAXI KICK                   |
|                 4 | WRATH MILE                  |
|                 4 | ACE GOLDFINGER              |
|                 8 | SCHOOL JACKET               |
|                 3 | TEQUILA PAST                |
|                 5 | VOLUME HOUSE                |
|                 4 | BIRDS PERDITION             |
|                 2 | CONFIDENTIAL INTERVIEW      |
|                 5 | RUSH GOODFELLAS             |
|                 5 | SUN CONFESSIONS             |
|                 5 | HAUNTED ANTITRUST           |
|                 4 | MAGUIRE APACHE              |
|                 4 | GREEK EVERYONE              |
|                 2 | MENAGERIE RUSHMORE          |
|                 5 | TALENTED HOMICIDE           |
|                 2 | VALENTINE VANISHING         |
|                 7 | WANDA CHAMBER               |
|                 4 | ALICE FANTASIA              |
|                 5 | HEAVYWEIGHTS BEAST          |
|                 6 | MAUDE MOD                   |
|                 3 | SEABISCUIT PUNK             |
|                 4 | ATTACKS HATE                |
|                 3 | BUTCH PANTHER               |
|                 2 | GOLD RIVER                  |
|                 2 | HUNCHBACK IMPOSSIBLE        |
|                 7 | KISS GLORY                  |
|                 6 | MOB DUFFEL                  |
|                 2 | PHANTOM GLORY               |
|                 5 | SATISFACTION CONFIDENTIAL   |
|                 5 | TEMPLE ATTRACTION           |
|                 2 | VANILLA DAY                 |
|                 6 | DAZED PUNK                  |
|                 9 | PERSONAL LADYBUGS           |
|                 3 | RAGING AIRPLANE             |
|                 3 | SADDLE ANTITRUST            |
|                 8 | BOILED DARES                |
|                 4 | CHISUM BEHAVIOR             |
|                 5 | DIVINE RESURRECTION         |
|                 6 | VACATION BOONDOCK           |
|                 6 | WATERFRONT DELIVERANCE      |
|                 3 | GRIT CLOCKWORK              |
|                 3 | INFORMER DOUBLE             |
|                 5 | RESURRECTION SILVERADO      |
|                 5 | RULES HUMAN                 |
|                 2 | SHOW LORD                   |
|                 5 | GRAIL FRANKENSTEIN          |
|                 5 | VISION TORQUE               |
|                 5 | COMFORTS RUSH               |
|                 3 | GOSFORD DONNIE              |
|                 5 | ROSES TREASURE              |
|                 8 | CROSSROADS CASUALTIES       |
|                 5 | EGG IGBY                    |
|                 4 | ELEMENT FREDDY              |
|                 3 | FIGHT JAWBREAKER            |
|                 1 | HUNGER ROOF                 |
|                 9 | JUGGLER HARDLY              |
|                 7 | STATE WASTELAND             |
|                 8 | EXPRESS LONELY              |
|                 5 | JAWS HARRY                  |
|                 3 | CURTAIN VIDEOTAPE           |
|                 3 | DUFFEL APOCALYPSE           |
|                 2 | GRADUATE LORD               |
|                 3 | ANNIE IDENTITY              |
|                 6 | GLADIATOR WESTWARD          |
|                 2 | CHEAPER CLYDE               |
|                 4 | VERTIGO NORTHWEST           |
|                 9 | CRUSADE HONEY               |
|                 3 | FORRESTER COMANCHEROS       |
|                 3 | GO PURPLE                   |
|                 3 | MOCKINGBIRD HOLLYWOOD       |
|                 2 | PHILADELPHIA WIFE           |
|                 3 | STREAK RIDGEMONT            |
|                 3 | TRACY CIDER                 |
|                 5 | BEHAVIOR RUNAWAY            |
|                 4 | CENTER DINOSAUR             |
|                 6 | EVOLUTION ALTER             |
|                 4 | WARS PLUTO                  |
|                 2 | LIGHTS DEER                 |
|                 1 | PACKER MADIGAN              |
|                 5 | PEACH INNOCENT              |
|                 6 | CAUSE DATE                  |
|                 5 | HOLOCAUST HIGHBALL          |
|                 5 | MONSOON CAUSE               |
|                 6 | SECRETS PARADISE            |
|                 6 | ZHIVAGO CORE                |
|                 7 | FELLOWSHIP AUTUMN           |
|                 9 | INSIDER ARIZONA             |
|                 4 | STEERS ARMAGEDDON           |
|                 3 | STRAIGHT HOURS              |
|                 6 | GILMORE BOILED              |
|                 5 | FIREHOUSE VIETNAM           |
|                 1 | MUSKETEERS WAIT             |
|                 3 | TOURIST PELICAN             |
|                 5 | CHILL LUCK                  |
|                 5 | VOYAGE LEGALLY              |
|                 3 | COMA HEAD                   |
|                 3 | KISSING DOLLS               |
|                 6 | TOMORROW HUSTLER            |
|                 7 | BEACH HEARTBREAKERS         |
|                 6 | BREAKING HOME               |
|                 5 | PAJAMA JAWBREAKER           |
|                 2 | ROOM ROMAN                  |
|                 4 | SHRUNK DIVINE               |
|                 5 | OUTBREAK DIVINE             |
|                 3 | SECRET GROUNDHOG            |
|                 3 | TURN STAR                   |
|                 7 | AGENT TRUMAN                |
|                 5 | HORROR REIGN                |
|                 5 | TORQUE BOUND                |
|                 2 | LOCK REAR                   |
|                 3 | PANIC CLUB                  |
|                 4 | ESCAPE METROPOLIS           |
|                 5 | KWAI HOMEWARD               |
|                 5 | MAJESTIC FLOATS             |
|                 3 | NETWORK PEAK                |
|                 2 | CHAINSAW UPTOWN             |
|                 2 | NIGHTMARE CHILL             |
|                 5 | CHASING FIGHT               |
|                 4 | CONSPIRACY SPIRIT           |
|                 3 | AUTUMN CROW                 |
|                 1 | BRIDE INTRIGUE              |
|                 8 | GAMES BOWFINGER             |
|                 1 | MALTESE HOPE                |
|                 6 | LEGALLY SECRETARY           |
|                 4 | OUTFIELD MASSACRE           |
|                 3 | NAME DETECTIVE              |
|                 3 | RUNAWAY TENENBAUMS          |
|                 3 | CAMPUS REMEMBER             |
|                 7 | FLASH WARS                  |
|                 2 | MANCHURIAN CURTAIN          |
|                 3 | LEBOWSKI SOLDIERS           |
|                 3 | TUXEDO MILE                 |
|                 2 | ANTHEM LUKE                 |
|                 2 | PURE RUNNER                 |
|                 4 | SLEEPING SUSPECTS           |
|                 1 | STONE FIRE                  |
|                 3 | TRADING PINOCCHIO           |
|                 1 | DWARFS ALTER                |
|                 3 | STEEL SANTA                 |
|                 3 | HOCUS FRIDA                 |
|                 4 | ALTER VICTORY               |
|                 3 | SLUMS DUCK                  |
|                 2 | WILLOW TRACY                |
|                 2 | BIRD INDEPENDENCE           |
|                 5 | NEMO CAMPUS                 |
|                 3 | ELIZABETH SHANE             |
|                 4 | CELEBRITY HORN              |
|                 5 | ENGLISH BULWORTH            |
|                 1 | GIANT TROOPERS              |
|                 4 | TRAFFIC HOBBIT              |
|                 4 | LOVE SUICIDES               |
|                 4 | DARKO DORADO                |
|                 4 | FALCON VOLUME               |
|                 1 | BAKED CLEOPATRA             |
|                 2 | DETAILS PACKER              |
|                 2 | SOUTH WAIT                  |
|                 1 | DOLLS RAGE                  |
|                 2 | VILLAIN DESPERATE           |
|                 6 | DIVORCE SHINING             |
|                 5 | SWEETHEARTS SUSPECTS        |
|                 3 | ANYTHING SAVANNAH           |
|                 3 | HANKY OCTOBER               |
|                 4 | RIVER OUTLAW                |
|                 3 | SASSY PACKER                |
|                 4 | WILD APOLLO                 |
|                 5 | FLOATS GARDEN               |
|                 2 | ROMAN PUNK                  |
|                 5 | FRIDA SLIPPER               |
|                 3 | GARDEN ISLAND               |
|                 3 | EARTH VISION                |
|                 2 | MONTEZUMA COMMAND           |
|                 4 | GILBERT PELICAN             |
|                 4 | ATTRACTION NEWTON           |
|                 1 | PSYCHO SHRUNK               |
|                 3 | LION UNCUT                  |
|                 1 | FOREVER CANDIDATE           |
|                 3 | JEKYLL FROGMEN              |
|                 2 | MIDSUMMER GROUNDHOG         |
|                 2 | SMOOCHY CONTROL             |
|                 1 | FERRIS MOTHER               |
|                 3 | VARSITY TRIP                |
|                 2 | NOTTING SPEAKEASY           |
|                 3 | DETECTIVE VISION            |
|                 2 | STAGE WORLD                 |
|                 1 | YENTL IDAHO                 |
|                 1 | PIRATES ROXANNE             |
|                 1 | LOLITA WORLD                |
+-------------------+-----------------------------+
997 rows in set (0.04 sec)

mysql> select titulo from filme where titulo like "A%";
+-----------------------------+
| titulo                      |
+-----------------------------+
| ACADEMY DINOSAUR            |
| ACE GOLDFINGER              |
| ADAPTATION HOLES            |
| AFFAIR PREJUDICE            |
| AFRICAN EGG                 |
| AGENT TRUMAN                |
| AIRPLANE SIERRA             |
| AIRPORT POLLOCK             |
| ALABAMA DEVIL               |
| ALADDIN CALENDAR            |
| ALAMO VIDEOTAPE             |
| ALASKA PHANTOM              |
| ALI FOREVER                 |
| ALICE FANTASIA              |
| ALIEN CENTER                |
| ALLEY EVOLUTION             |
| ALONE TRIP                  |
| ALTER VICTORY               |
| AMADEUS HOLY                |
| AMELIE HELLFIGHTERS         |
| AMERICAN CIRCUS             |
| AMISTAD MIDSUMMER           |
| ANACONDA CONFESSIONS        |
| ANALYZE HOOSIERS            |
| ANGELS LIFE                 |
| ANNIE IDENTITY              |
| ANONYMOUS HUMAN             |
| ANTHEM LUKE                 |
| ANTITRUST TOMATOES          |
| ANYTHING SAVANNAH           |
| APACHE DIVINE               |
| APOCALYPSE FLAMINGOS        |
| APOLLO TEEN                 |
| ARABIA DOGMA                |
| ARACHNOPHOBIA ROLLERCOASTER |
| ARGONAUTS TOWN              |
| ARIZONA BANG                |
| ARK RIDGEMONT               |
| ARMAGEDDON LOST             |
| ARMY FLINTSTONES            |
| ARSENIC INDEPENDENCE        |
| ARTIST COLDBLOODED          |
| ATLANTIS CAUSE              |
| ATTACKS HATE                |
| ATTRACTION NEWTON           |
| AUTUMN CROW                 |
+-----------------------------+
46 rows in set (0.01 sec)

mysql> select titulo, filme_id from filme where titulo like "A%";
+-----------------------------+----------+
| titulo                      | filme_id |
+-----------------------------+----------+
| ACADEMY DINOSAUR            |        1 |
| ACE GOLDFINGER              |        2 |
| ADAPTATION HOLES            |        3 |
| AFFAIR PREJUDICE            |        4 |
| AFRICAN EGG                 |        5 |
| AGENT TRUMAN                |        6 |
| AIRPLANE SIERRA             |        7 |
| AIRPORT POLLOCK             |        8 |
| ALABAMA DEVIL               |        9 |
| ALADDIN CALENDAR            |       10 |
| ALAMO VIDEOTAPE             |       11 |
| ALASKA PHANTOM              |       12 |
| ALI FOREVER                 |       13 |
| ALICE FANTASIA              |       14 |
| ALIEN CENTER                |       15 |
| ALLEY EVOLUTION             |       16 |
| ALONE TRIP                  |       17 |
| ALTER VICTORY               |       18 |
| AMADEUS HOLY                |       19 |
| AMELIE HELLFIGHTERS         |       20 |
| AMERICAN CIRCUS             |       21 |
| AMISTAD MIDSUMMER           |       22 |
| ANACONDA CONFESSIONS        |       23 |
| ANALYZE HOOSIERS            |       24 |
| ANGELS LIFE                 |       25 |
| ANNIE IDENTITY              |       26 |
| ANONYMOUS HUMAN             |       27 |
| ANTHEM LUKE                 |       28 |
| ANTITRUST TOMATOES          |       29 |
| ANYTHING SAVANNAH           |       30 |
| APACHE DIVINE               |       31 |
| APOCALYPSE FLAMINGOS        |       32 |
| APOLLO TEEN                 |       33 |
| ARABIA DOGMA                |       34 |
| ARACHNOPHOBIA ROLLERCOASTER |       35 |
| ARGONAUTS TOWN              |       36 |
| ARIZONA BANG                |       37 |
| ARK RIDGEMONT               |       38 |
| ARMAGEDDON LOST             |       39 |
| ARMY FLINTSTONES            |       40 |
| ARSENIC INDEPENDENCE        |       41 |
| ARTIST COLDBLOODED          |       42 |
| ATLANTIS CAUSE              |       43 |
| ATTACKS HATE                |       44 |
| ATTRACTION NEWTON           |       45 |
| AUTUMN CROW                 |       46 |
+-----------------------------+----------+
46 rows in set (0.00 sec)

mysql> select filme_id, ator_id from filme_ator where filme_id = 21;
+----------+---------+
| filme_id | ator_id |
+----------+---------+
|       21 |      25 |
|       21 |      26 |
|       21 |     105 |
|       21 |     119 |
|       21 |     126 |
+----------+---------+
5 rows in set (0.02 sec)

mysql> select count(fa.ator_id), f.titulo
    -> from filme_ator fa, ator a, filme f
    -> where fa.ator_id = a.ator_id
    -> and fa.filme_id = f.filme_id
    -> group by titulo order byasc;
ERROR 1064 (42000): You have an error in your SQL syntax; check the manual that corresponds to your MySQL server version for the right syntax to use near 'byasc' at line 5
mysql> select count(fa.ator_id), f.titulo
    -> from filme_ator fa, ator a, filme f
    -> where fa.ator_id = a.ator_id
    -> and fa.filme_id = f.filme_id
    -> group by titulo order by asc;
ERROR 1064 (42000): You have an error in your SQL syntax; check the manual that corresponds to your MySQL server version for the right syntax to use near 'asc' at line 5
mysql> select count(fa.ator_id), f.titulo
    -> from filme_ator fa, ator a, filme f
    -> where fa.ator_id = a.ator_id
    -> and fa.filme_id = f.filme_id
    -> group by titulo order by "" asc;
+-------------------+-----------------------------+
| count(fa.ator_id) | titulo                      |
+-------------------+-----------------------------+
|                 7 | BACKLASH UNDEFEATED         |
|                 4 | BETRAYED REAR               |
|                 7 | CAPER MOTIONS               |
|                 5 | CATCH AMISTAD               |
|                 6 | CHANCE RESURRECTION         |
|                 6 | CONFUSED CANDLES            |
|                 8 | CUPBOARD SINNERS            |
|                 6 | DIVIDE MONSTER              |
|                 8 | DOOM DANCING                |
|                 9 | DOORS PRESIDENT             |
|                 8 | DRIVER ANNIE                |
|                 9 | FEATHERS METAL              |
|                 5 | FIRE WOLVES                 |
|                 6 | HILLS NEIGHBORS             |
|                 6 | HOME PITY                   |
|                 3 | INNOCENT USUAL              |
|                 5 | JAWBREAKER BROOKLYN         |
|                 9 | LUKE MUMMY                  |
|                 7 | MAGNOLIA FORRESTER          |
|                 8 | MAIDEN HOME                 |
|                11 | MAKER GABLES                |
|                 5 | MILLION ACE                 |
|                 7 | MOURNING PURPLE             |
|                 2 | NUTS TIES                   |
|                 9 | OKLAHOMA JUMANJI            |
|                 3 | OPERATION OPERATION         |
|                 5 | PRINCESS GIANT              |
|                 8 | RESERVOIR ADAPTATION        |
|                 4 | SABRINA MIDNIGHT            |
|                 4 | SINNERS ATLANTIS            |
|                 7 | STREETCAR INTENTIONS        |
|                11 | SUBMARINE BED               |
|                 8 | BOULEVARD MOB               |
|                 4 | BRAVEHEART HUMAN            |
|                 6 | BUCKET BROTHERHOOD          |
|                 2 | BUGSY SONG                  |
|                 4 | CASABLANCA SUPER            |
|                 3 | CHARADE DUFFEL              |
|                 8 | DANGEROUS UPTOWN            |
|                 5 | DEVIL DESIRE                |
|                 9 | FRISCO FORREST              |
|                 6 | GRINCH MASSAGE              |
|                 6 | HOURS RAGE                  |
|                 3 | HURRICANE AFFAIR            |
|                11 | IMAGE PRINCESS              |
|                 4 | ISHTAR ROCKETEER            |
|                 6 | LABYRINTH LEAGUE            |
|                 6 | LEAGUE HELLFIGHTERS         |
|                 6 | MADIGAN DORADO              |
|                 7 | MADNESS ATTACKS             |
|                 4 | MAGIC MALLRATS              |
|                 9 | MASSAGE IMAGE               |
|                 6 | MEMENTO ZOOLANDER           |
|                 8 | NECKLACE OUTBREAK           |
|                 5 | PATHS CONTROL               |
|                 7 | PLUTO OLEANDER              |
|                 5 | PRIVATE DROP                |
|                 6 | RAIDERS ANTITRUST           |
|                 7 | REUNION WITCHES             |
|                12 | SKY MIRACLE                 |
|                 3 | SPEAKEASY DATE              |
|                 6 | STAGECOACH ARMAGEDDON       |
|                 6 | TIES HUNGER                 |
|                 5 | USUAL UNTOUCHABLES          |
|                 4 | WORST BANGER                |
|                 8 | APOLLO TEEN                 |
|                 4 | CLUB GRAFFITI               |
|                 9 | FAMILY SWEET                |
|                 4 | FLINTSTONES HAPPINESS       |
|                 3 | GALAXY SWEETHEARTS          |
|                 6 | GLORY TRACY                 |
|                 6 | HALF OUTFIELD               |
|                 4 | HEDWIG ALTER                |
|                 6 | HOLIDAY GAMES               |
|                 9 | HOUSE DYNAMITE              |
|                 7 | MONEY HAROLD                |
|                 6 | OPPOSITE NECKLACE           |
|                 5 | PEAK FOREVER                |
|                 5 | PIANIST OUTFIELD            |
|                 7 | PILOT HOOSIERS              |
|                 5 | PRESIDENT BANG              |
|                13 | RANDOM GO                   |
|                 5 | REDEMPTION COMFORTS         |
|                 5 | SONG HEDWIG                 |
|                 6 | SPIKING ELEMENT             |
|                 4 | STEPMOM DREAM               |
|                 7 | SUNDANCE INVASION           |
|                 5 | VICTORY ACADEMY             |
|                 8 | WORLD LEATHERNECKS          |
|                 8 | ARACHNOPHOBIA ROLLERCOASTER |
|                 7 | ARMAGEDDON LOST             |
|                 3 | ARSENIC INDEPENDENCE        |
|                 8 | BADMAN DAWN                 |
|                 5 | BARBARELLA STREETCAR        |
|                 6 | CHAPLIN LICENSE             |
|                 8 | CHICAGO NORTH               |
|                 4 | CINCINATTI WHISPERER        |
|                 8 | FICTION CHRISTMAS           |
|                 4 | GROSSE WONDERFUL            |
|                 5 | HAPPINESS UNITED            |
|                 6 | KING EVOLUTION              |
|                12 | LESSON CLEOPATRA            |
|                 5 | MANNEQUIN WORST             |
|                 6 | METROPOLIS COMA             |
|                 5 | ORANGE GRAPES               |
|                 3 | PAPI NECKLACE               |
|                 5 | ROBBERS JOON                |
|                 8 | SHIP WONDERLAND             |
|                 9 | STRANGELOVE DESIRE          |
|                 9 | VELVET TERMINATOR           |
|                 9 | WAR NOTTING                 |
|                 9 | WEST LION                   |
|                 7 | BUTTERFLY CHOCOLAT          |
|                 8 | CARIBBEAN LIBERTY           |
|                 7 | CLASH FREDDY                |
|                 7 | CLEOPATRA DEVIL             |
|                 5 | EXORCIST STING              |
|                 4 | HARPER DYING                |
|                 5 | HEARTBREAKERS BRIGHT        |
|                 9 | INDEPENDENCE HOTEL          |
|                 9 | JAPANESE RUN                |
|                 2 | JINGLE SAGEBRUSH            |
|                 8 | KARATE MOON                 |
|                 6 | LOLA AGENT                  |
|                 7 | MONSTER SPARTACUS           |
|                 6 | NONE SPIKING                |
|                 2 | NOTORIOUS REUNION           |
|                 6 | PAST SUICIDES               |
|                 4 | PATRIOT ROMAN               |
|                 6 | POTLUCK MIXED               |
|                 6 | RAINBOW SHOCK               |
|                 6 | RUGRATS SHAKESPEARE         |
|                 2 | SOUP WISDOM                 |
|                 7 | TITANS JERK                 |
|                 8 | UNFAITHFUL KILL             |
|                 9 | WAIT CIDER                  |
|                 9 | ALABAMA DEVIL               |
|                 7 | ARTIST COLDBLOODED          |
|                10 | BERETS AGENT                |
|                 6 | BOOGIE AMELIE               |
|                 9 | BORN SPINAL                 |
|                 4 | BRIGHT ENCOUNTERS           |
|                 6 | CLUE GRAIL                  |
|                 4 | CLYDE THEORY                |
|                 6 | DAWN POND                   |
|                 5 | DIRTY ACE                   |
|                 3 | GATHERING CALENDAR          |
|                 7 | HIGH ENCINO                 |
|                 6 | JET NEIGHBORS               |
|                 5 | KILLER INNOCENT             |
|                 4 | LOSE INCH                   |
|                 8 | RECORDS ZORRO               |
|                 7 | ROCKETEER MOTHER            |
|                 5 | SHEPHERD MIDSUMMER          |
|                 6 | SWEET BROTHERHOOD           |
|                 5 | BEAST HUNCHBACK             |
|                 7 | BENEATH RUSH                |
|                 5 | BREAKFAST GOLDFINGER        |
|                 7 | CARRIE BUNCH                |
|                 6 | CRANES RESERVOIR            |
|                 7 | DESIRE ALIEN                |
|                 4 | DISTURBING SCARFACE         |
|                 3 | DRAGONFLY STRANGERS         |
|                 8 | GANDHI KWAI                 |
|                 4 | HUSTLER PARTY               |
|                 2 | INTENTIONS EMPIRE           |
|                 8 | JADE BUNCH                  |
|                 5 | MULAN MOON                  |
|                13 | MUMMY CREATURES             |
|                 7 | ORDER BETRAYED              |
|                 7 | OUTLAW HANKY                |
|                 8 | PACIFIC AMISTAD             |
|                 6 | RACER EGG                   |
|                 2 | SAMURAI LION                |
|                 2 | SATURN NAME                 |
|                 7 | SEVEN SWARM                 |
|                 5 | STORY SIDE                  |
|                 8 | SUMMER SCARFACE             |
|                 3 | SUNSET RACER                |
|                 6 | SWARM GOLD                  |
|                 8 | TROJAN TOMORROW             |
|                 2 | VANISHED GARDEN             |
|                 8 | WARDROBE PHANTOM            |
|                12 | ARABIA DOGMA                |
|                 4 | ARIZONA BANG                |
|                 4 | CONFESSIONS MAGUIRE         |
|                13 | CRAZY HOME                  |
|                 6 | DINOSAUR SECRETARY          |
|                11 | FIDDLER LOST                |
|                 9 | FLATLINERS KILLER           |
|                 8 | IDOLS SNATCHERS             |
|                 3 | MATRIX SNOWMAN              |
|                 8 | MOVIE SHAKESPEARE           |
|                 8 | PANKY SUBMARINE             |
|                 3 | PAYCHECK WAIT               |
|                 7 | PRIX UNDEFEATED             |
|                 8 | SEA VIRGIN                  |
|                 5 | SIERRA DIVIDE               |
|                 9 | SOLDIERS EVOLUTION          |
|                 8 | SPINAL ROCKY                |
|                 5 | SUNRISE LEAGUE              |
|                 8 | SUSPECTS QUILLS             |
|                 9 | WORKER TARZAN               |
|                 5 | ANALYZE HOOSIERS            |
|                 6 | BASIC EASY                  |
|                10 | CHINATOWN GLADIATOR         |
|                 4 | DORADO NOTTING              |
|                 8 | DROP WATERFRONT             |
|                 2 | HEAD STRANGER               |
|                 6 | KICK SAVANNAH               |
|                 8 | MIGHTY LUCK                 |
|                 3 | MOULIN WAKE                 |
|                 8 | REQUIEM TYCOON              |
|                 7 | RIGHT CRANES                |
|                 6 | SAVANNAH TOWN               |
|                 5 | SUIT WALLS                  |
|                 6 | TRUMAN CRAZY                |
|                 8 | VIRGINIAN PLUTO             |
|                 3 | WHISPERER GIANT             |
|                 6 | WOLVES DESIRE               |
|                 3 | ARK RIDGEMONT               |
|                 6 | BANGER PINOCCHIO            |
|                 5 | BED HIGHBALL                |
|                13 | BOONDOCK BALLROOM           |
|                 7 | DRIFTER COMMANDMENTS        |
|                 5 | ELF MURDER                  |
|                 3 | FEVER EMPIRE                |
|                 6 | GRAFFITI LOVE               |
|                 6 | HEAVENLY GUN                |
|                 2 | ITALIAN AFRICAN             |
|                 3 | MASKED BUBBLE               |
|                 4 | NEWTON LABYRINTH            |
|                 5 | PITTSBURGH HUNCHBACK        |
|                 7 | POTTER CONNECTICUT          |
|                 8 | PURPLE MOVIE                |
|                 4 | QUILLS BULL                 |
|                 6 | SLEEPY JAPANESE             |
|                 8 | TADPOLE PARK                |
|                 6 | WARLOCK WEREWOLF            |
|                 7 | BALLROOM MOCKINGBIRD        |
|                 8 | DOUBLE WRATH                |
|                 5 | DOUBTFIRE LABYRINTH         |
|                 5 | ELEPHANT TROJAN             |
|                 3 | FANTASIA PARK               |
|                 8 | GREEDY ROOTS                |
|                 7 | GROOVE FICTION              |
|                 8 | HOMICIDE PEACH              |
|                 8 | LADY STAGE                  |
|                 8 | MUPPET MILE                 |
|                 7 | NASH CHOCOLAT               |
|                 5 | PERDITION FARGO             |
|                 7 | PUNK DIVORCE                |
|                 3 | ROLLERCOASTER BRINGING      |
|                 7 | RUSHMORE MERMAID            |
|                 7 | STING PERSONAL              |
|                 7 | THIEF PELICAN               |
|                 6 | WAGON JAWS                  |
|                 5 | WALLS ARTIST                |
|                10 | WEDDING APOLLO              |
|                 5 | WONDERLAND CHRISTMAS        |
|                 6 | WYOMING STORM               |
|                 8 | ALONE TRIP                  |
|                 9 | ANGELS LIFE                 |
|                 7 | ANTITRUST TOMATOES          |
|                 6 | BALLOON HOMEWARD            |
|                 5 | BINGO TALENTED              |
|                 4 | BIRDCAGE CASPER             |
|                 4 | CABIN FLASH                 |
|                 4 | CAT CONEHEADS               |
|                 5 | COMANCHEROS ENEMY           |
|                 5 | DESERT POSEIDON             |
|                 4 | DESPERATE TRAINSPOTTING     |
|                 7 | EXTRAORDINARY CONQUERER     |
|                 5 | GHOST GROUNDHOG             |
|                 4 | HOTEL HAPPINESS             |
|                 4 | HUNTER ALTER                |
|                 9 | LOVERBOY ATTACKS            |
|                 7 | MAGNIFICENT CHITTY          |
|                11 | MASK PEACH                  |
|                 4 | NATURAL STOCK               |
|                 7 | SCARFACE BANG               |
|                 7 | SENSE GREEK                 |
|                 6 | TRAMP OTHERS                |
|                 8 | TROUBLE DATE                |
|                 3 | WIND PHANTOM                |
|                 5 | ARGONAUTS TOWN              |
|                 7 | BANG KWAI                   |
|                 9 | CONEHEADS SMOOCHY           |
|                 7 | DISCIPLE MOTHER             |
|                 7 | EFFECT GLADIATOR            |
|                 5 | GASLIGHT CRUSADE            |
|                 7 | GROUNDHOG UNCUT             |
|                 8 | JERK PAYCHECK               |
|                15 | LAMBS CINCINATTI            |
|                 5 | PELICAN COMFORTS            |
|                 8 | ROAD ROXANNE                |
|                 8 | ROCK INSTINCT               |
|                 5 | SCISSORHANDS SLUMS          |
|                 6 | SECRETARY ROUGE             |
|                 5 | SHINING ROSES               |
|                 3 | SHOOTIST SUPERFLY           |
|                 5 | TROOPERS METAL              |
|                 7 | UNFORGIVEN ZOOLANDER        |
|                 8 | VIRGIN DAISY                |
|                 6 | WIFE TURN                   |
|                 5 | APOCALYPSE FLAMINGOS        |
|                 8 | BABY HALL                   |
|                 6 | BEETHOVEN EXORCIST          |
|                 3 | BUBBLE GROSSE               |
|                 7 | CAROL TEXAS                 |
|                 7 | CONNECTICUT TRAMP           |
|                 7 | CONNECTION MICROCOSMOS      |
|                 7 | DONNIE ALLEY                |
|                10 | JACKET FRISCO               |
|                 4 | JERICHO MULAN               |
|                 5 | LOSER HUSTLER               |
|                 5 | MALLRATS UNITED             |
|                 1 | MINORITY KISS               |
|                 7 | NATIONAL STORY              |
|                 6 | NOON PAPI                   |
|                 9 | OPEN AFRICAN                |
|                 3 | SIMON NORTH                 |
|                 6 | SMOKING BARBARELLA          |
|                 3 | SPARTACUS CHEAPER           |
|                11 | SPIRIT FLINTSTONES          |
|                 6 | STAMPEDE DISTURBING         |
|                 7 | TELEGRAPH VOYAGE            |
|                11 | TELEMARK HEARTBREAKERS      |
|                 9 | TOMATOES HELLFIGHTERS       |
|                 5 | TOOTSIE PILOT               |
|                10 | WEEKEND PERSONAL            |
|                 7 | WEREWOLF LOLA               |
|                 4 | AMISTAD MIDSUMMER           |
|                 4 | BULWORTH COMMANDMENTS       |
|                 2 | CALIFORNIA BIRDS            |
|                 6 | CREEPERS KANE               |
|                 7 | DUDE BLINDNESS              |
|                 9 | DURHAM PANKY                |
|                 6 | EVE RESURRECTION            |
|                 6 | FULL FLATLINERS             |
|                 4 | IDENTITY LOVER              |
|                 7 | INVASION CYCLONE            |
|                 6 | LUCK OPUS                   |
|                 5 | ROOF CHAMPION               |
|                 6 | SEATTLE EXPECATIONS         |
|                10 | SHAWSHANK BUBBLE            |
|                 3 | SNATCH SLIPPER              |
|                 5 | TENENBAUMS COMMAND          |
|                 6 | WORDS HUNTER                |
|                 5 | YOUTH KICK                  |
|                 4 | ALAMO VIDEOTAPE             |
|                 5 | BEAUTY GREASE               |
|                 5 | EYES DRIVING                |
|                 5 | HUNTING MUSKETEERS          |
|                 5 | IGBY MAKER                  |
|                 3 | MUSIC BOONDOCK              |
|                 8 | NEWSIES STORY               |
|                 6 | PARK CITIZEN                |
|                 4 | REEF SALUTE                 |
|                 6 | SENSIBILITY REAR            |
|                 4 | SILENCE KANE                |
|                 7 | SLIPPER FIDELITY            |
|                11 | SPICE SORORITY              |
|                 9 | STRANGER STRANGERS          |
|                 5 | WOMEN DORADO                |
|                 7 | DRIVING POLISH              |
|                 7 | DRUMS DYNAMITE              |
|                 4 | ENEMY ODDS                  |
|                 8 | EXCITEMENT EVE              |
|                 7 | GORGEOUS BINGO              |
|                 8 | HOBBIT ALIEN                |
|                 3 | IMPACT ALADDIN              |
|                 4 | KENTUCKIAN GIANT            |
|                 6 | LOVELY JINGLE               |
|                 7 | LOVER TRUMAN                |
|                 7 | MUSSOLINI SPOILERS          |
|                10 | POLISH BROOKLYN             |
|                 4 | SALUTE APOLLO               |
|                 9 | SATURDAY LAMBS              |
|                 7 | STOCK GLASS                 |
|                 5 | TIGHTS DAWN                 |
|                 7 | TRAP GUYS                   |
|                 6 | TYCOON GATHERING            |
|                 3 | VOICE PEACH                 |
|                 6 | WESTWARD SEABISCUIT         |
|                 8 | COMMAND DARLING             |
|                 6 | CRAFT OUTFIELD              |
|                 5 | CRYSTAL BREAKING            |
|                 3 | DEER VIRGINIAN              |
|                 8 | GENTLEMEN STAGE             |
|                 4 | JEDI BENEATH                |
|                 5 | OCTOBER SUBMARINE           |
|                 6 | PARIS WEEKEND               |
|                 8 | SCORPION APOLLO             |
|                 2 | TERMINATOR CLUB             |
|                 6 | TEXAS WATCH                 |
|                 5 | ALLEY EVOLUTION             |
|                 2 | BOUND CHEAPER               |
|                 5 | BOWFINGER GABLES            |
|                 8 | BUNCH MINDS                 |
|                10 | DARES PLUTO                 |
|                 4 | DATE SPEED                  |
|                 5 | DAY UNFAITHFUL              |
|                 4 | FURY MURDER                 |
|                 3 | HARDLY ROBBERS              |
|                 5 | HIGHBALL POTTER             |
|                11 | HOLES BRANNIGAN             |
|                 7 | LEATHERNECKS DWARFS         |
|                10 | LUCKY FLYING                |
|                 6 | MONTEREY LABYRINTH          |
|                 6 | NOVOCAINE FLIGHT            |
|                 6 | PERFECT GROOVE              |
|                 4 | REAP UNFAITHFUL             |
|                 5 | SWEDEN SHINING              |
|                 4 | APACHE DIVINE               |
|                 9 | BONNIE HOLOCAUST            |
|                 7 | CHAMBER ITALIAN             |
|                 2 | CHICKEN HELLFIGHTERS        |
|                 6 | CONQUERER NUTS              |
|                 7 | DOGMA FAMILY                |
|                 9 | DUMBO LUST                  |
|                 6 | FACTORY DRAGON              |
|                 3 | FREDDY STORM                |
|                 5 | GRAPES FURY                 |
|                 6 | HOLLYWOOD ANONYMOUS         |
|                 5 | KANE EXORCIST               |
|                 3 | LOUISIANA HARRY             |
|                 9 | PATTON INTERVIEW            |
|                 3 | SHANE DARKNESS              |
|                 8 | SHANGHAI TYCOON             |
|                 4 | SLEEPLESS MONSOON           |
|                 8 | SPY MILE                    |
|                 7 | UPTOWN YOUNG                |
|                 5 | WHALE BIKINI                |
|                 2 | WONKA SEA                   |
|                 5 | ALI FOREVER                 |
|                 3 | CONGENIALITY QUEST          |
|                 5 | CONTACT ANONYMOUS           |
|                 5 | FREEDOM CLEOPATRA           |
|                 6 | ICE CROSSING                |
|                 6 | JEEPERS WEDDING             |
|                 6 | LANGUAGE COWBOY             |
|                 2 | LAWRENCE LOVE               |
|                 8 | MURDER ANTITRUST            |
|                 7 | SLEUTH ORIENT               |
|                 8 | STORM HAPPINESS             |
|                 5 | SUGAR WONKA                 |
|                 5 | VIDEOTAPE ARSENIC           |
|                 9 | ATLANTIS CAUSE              |
|                 4 | BLOOD ARGONAUTS             |
|                 4 | COMMANDMENTS EXPRESS        |
|                 5 | DYNAMITE TARZAN             |
|                 3 | EDGE KISSING                |
|                 5 | FINDING ANACONDA            |
|                 6 | GREATEST NORTH              |
|                 6 | JUNGLE CLOSER               |
|                 7 | LIBERTY MAGNIFICENT         |
|                 3 | LOST BIRD                   |
|                 7 | MARS ROMAN                  |
|                 8 | NORTHWEST POLISH            |
|                 6 | SONS INTERVIEW              |
|                 4 | TOWERS HURRICANE            |
|                 5 | AMERICAN CIRCUS             |
|                 8 | CITIZEN SHREK               |
|                 6 | DALMATIONS SWEDEN           |
|                 7 | DESTINY SATURDAY            |
|                 3 | HATE HANDICAP               |
|                 5 | MISSION ZOOLANDER           |
|                 7 | PRIMARY GLASS               |
|                 8 | ALADDIN CALENDAR            |
|                 7 | ALASKA PHANTOM              |
|                 6 | AMADEUS HOLY                |
|                 6 | CANYON STOCK                |
|                13 | CHITTY LOCK                 |
|                 5 | FIREBALL PHILADELPHIA       |
|                 7 | INTRIGUE WORST              |
|                 9 | JERSEY SASSY                |
|                12 | LONELY ELEPHANT             |
|                 8 | MODEL FISH                  |
|                 4 | PATIENT SISTER              |
|                10 | PREJUDICE OLEANDER          |
|                 7 | STALLION SUNDANCE           |
|                 4 | TOWN ARK                    |
|                 6 | UNITED PILOT                |
|                 5 | WATCH TRACY                 |
|                 5 | WORKING MICROCOSMOS         |
|                 5 | AIRPLANE SIERRA             |
|                 2 | CHARIOTS CONSPIRACY         |
|                 2 | DYING MAKER                 |
|                 9 | ENOUGH RAGING               |
|                 4 | GLASS DYING                 |
|                 7 | HOMEWARD CIDER              |
|                 6 | IDAHO LOVE                  |
|                 4 | LAWLESS VISION              |
|                 6 | LIAISONS SWEET              |
|                 7 | MALKOVICH PET               |
|                 8 | METAL ARMAGEDDON            |
|                 6 | MIXED DOORS                 |
|                 5 | RIDGEMONT SUBMARINE         |
|                 6 | SANTA PARIS                 |
|                 3 | SOMETHING DUCK              |
|                 8 | UNBREAKABLE KARATE          |
|                 6 | WATERSHIP FRONTIER          |
|                 6 | BILL OTHERS                 |
|                 3 | BLINDNESS GUN               |
|                 3 | CONVERSATION DOWNHILL       |
|                10 | CROW GREASE                 |
|                 9 | DARN FORRESTER              |
|                 5 | ODDS BOOGIE                 |
|                 7 | RAGE GAMES                  |
|                 5 | REDS POCUS                  |
|                 6 | SHAKESPEARE SADDLE          |
|                 3 | BILKO ANONYMOUS             |
|                 7 | DAISY MENAGERIE             |
|                 5 | EVERYONE CRAFT              |
|                 9 | FLAMINGOS CONNECTICUT       |
|                 3 | HOLY TADPOLE                |
|                10 | HOOSIERS BIRDCAGE           |
|                 5 | INCH JET                    |
|                 5 | JASON TRAP                  |
|                 3 | MARRIED GO                  |
|                 6 | MOD SECRETARY               |
|                 4 | MOSQUITO ARMAGEDDON         |
|                 5 | PITY BOUND                  |
|                 6 | POLLOCK DELIVERANCE         |
|                 4 | PRIDE ALAMO                 |
|                 2 | ROBBERY BRIGHT              |
|                 9 | SNATCHERS MONTEZUMA         |
|                 5 | SPIRITED CASUALTIES         |
|                 6 | AMELIE HELLFIGHTERS         |
|                 6 | DANCING FEVER               |
|                 6 | DOZEN LION                  |
|                11 | FUGITIVE MAGUIRE            |
|                 6 | GODFATHER DIARY             |
|                 8 | MOTIONS DETAILS             |
|                 7 | PET HAUNTING                |
|                11 | PINOCCHIO SIMON             |
|                 1 | SHOCK CABIN                 |
|                 3 | TARZAN VIDEOTAPE            |
|                 3 | TRANSLATION SUMMER          |
|                 7 | WISDOM WORKER               |
|                 7 | BEDAZZLED MARRIED           |
|                 6 | CROOKED FROGMEN             |
|                 3 | EXPECATIONS NATURAL         |
|                 2 | FISH OPUS                   |
|                 6 | FROGMEN BREAKING            |
|                 7 | FROST HEAD                  |
|                 8 | REAR TRADING                |
|                 6 | SIDE ARK                    |
|                 5 | DANCES NONE                 |
|                 6 | ENCINO ELF                  |
|                 5 | ENDING CROWDS               |
|                 7 | HANDICAP BOONDOCK           |
|                 5 | HONEY TIES                  |
|                 8 | HORN WORKING                |
|                 6 | MEET CHOCOLATE              |
|                 7 | MOONWALKER FOOL             |
|                10 | OLEANDER CLUE               |
|                 5 | STRANGERS GRAFFITI          |
|                 2 | THIN SAGEBRUSH              |
|                10 | ACADEMY DINOSAUR            |
|                 8 | FLYING HOOK                 |
|                 5 | HAMLET WISDOM               |
|                 7 | HANGING DEEP                |
|                11 | INSTINCT AIRPORT            |
|                 6 | INTOLERABLE INTENTIONS      |
|                 7 | LIES TREATMENT              |
|                 3 | REIGN GENTLEMEN             |
|                10 | ROOTS REMEMBER              |
|                 5 | ROXANNE REBEL               |
|                 7 | SUPERFLY TRIP               |
|                 5 | VAMPIRE WHALE               |
|                 5 | AFRICAN EGG                 |
|                 7 | ARMY FLINTSTONES            |
|                 6 | BIRCH ANTITRUST             |
|                 5 | BLACKOUT PRIVATE            |
|                 4 | BLUES INSTINCT              |
|                 2 | CIRCUS YOUTH                |
|                 4 | CROWDS TELEMARK             |
|                 5 | GUN BONNIE                  |
|                 6 | HARRY IDAHO                 |
|                 4 | LADYBUGS ARMAGEDDON         |
|                 8 | LIFE TWISTED                |
|                 7 | LUST LOCK                   |
|                 4 | MADRE GABLES                |
|                 6 | MINDS TRUMAN                |
|                 5 | MOONSHINE CABIN             |
|                 5 | MUSCLE BRIGHT               |
|                 3 | SNOWMAN ROLLERCOASTER       |
|                 5 | SQUAD FISH                  |
|                12 | TITANIC BOONDOCK            |
|                 4 | TRIP NEWTON                 |
|                 7 | UNCUT SUICIDES              |
|                 2 | CRUELTY UNFORGIVEN          |
|                13 | DRACULA CRYSTAL             |
|                 9 | FANTASY TROOPERS            |
|                 3 | FORWARD TEMPLE              |
|                 4 | HOPE TOOTSIE                |
|                 5 | JEOPARDY ENCINO             |
|                 8 | LICENSE WEEKEND             |
|                 8 | RUNNER MADIGAN              |
|                 3 | SLING LUKE                  |
|                 4 | STRICTLY SCARFACE           |
|                 5 | TEEN APOLLO                 |
|                 4 | TRAINSPOTTING STRANGERS     |
|                 7 | CADDYSHACK JEDI             |
|                 5 | COWBOY DOOM                 |
|                 5 | FORREST SONS                |
|                 7 | FRENCH HOLIDAY              |
|                 7 | HALLOWEEN NUTS              |
|                 5 | PLATOON INSTINCT            |
|                 5 | YOUNG LANGUAGE              |
|                 7 | BORROWERS BEDAZZLED         |
|                 5 | CIDER DESIRE                |
|                 8 | CLUELESS BUCKET             |
|                 6 | DOCTOR GRAIL                |
|                 4 | DREAM PICKUP                |
|                 7 | HAROLD FRENCH               |
|                10 | INDIAN LOVE                 |
|                 4 | INSECTS STONE               |
|                 6 | MICROCOSMOS PARADISE        |
|                 4 | ROUGE SQUAD                 |
|                10 | SAINTS BRIDE                |
|                 3 | VIRTUAL SPOILERS            |
|                 4 | FIDELITY DEVIL              |
|                 4 | GUNFIGHT MOON               |
|                 4 | GUNFIGHTER MUSSOLINI        |
|                 5 | GUYS FALCON                 |
|                 4 | RANGE MOONWALKER            |
|                 5 | VOLCANO TEXAS               |
|                 5 | WON DARES                   |
|                 4 | BLANKET BEVERLY             |
|                 5 | BROTHERHOOD BLANKET         |
|                 4 | DECEIVER BETRAYED           |
|                 3 | DELIVERANCE MULHOLLAND      |
|                 6 | EAGLES PANKY                |
|                 5 | EARRING INSTINCT            |
|                 3 | EASY GLADIATOR              |
|                 9 | EMPIRE MALKOVICH            |
|                 4 | ENTRAPMENT SATISFACTION     |
|                 8 | GABLES METROPOLIS           |
|                 4 | HUMAN GRAFFITI              |
|                 3 | IMPOSSIBLE PREJUDICE        |
|                 8 | KRAMER CHOCOLATE            |
|                 1 | MIRACLE VIRTUAL             |
|                 6 | THEORY MERMAID              |
|                 2 | BRANNIGAN SUNRISE           |
|                 5 | CHOCOLAT HARRY              |
|                 3 | CYCLONE FAMILY              |
|                 3 | DESTINATION JERK            |
|                 2 | FOOL MOCKINGBIRD            |
|                 6 | FRONTIER CABIN              |
|                 5 | HALL CASSIDY                |
|                 5 | MADISON TRAP                |
|                 6 | OSCAR GOLD                  |
|                11 | RINGS HEARTBREAKERS         |
|                 7 | SIEGE MADRE                 |
|                 4 | SORORITY QUEEN              |
|                 4 | TRAIN BUNCH                 |
|                 8 | BAREFOOT MANCHURIAN         |
|                 7 | COLOR PHILADELPHIA          |
|                 5 | DADDY PITTSBURGH            |
|                 4 | DIARY PANIC                 |
|                 4 | DOWNHILL ENOUGH             |
|                 7 | GOLDMINE TYCOON             |
|                 7 | ILLUSION AMELIE             |
|                 3 | ISLAND EXORCIST             |
|                 4 | OPUS ICE                    |
|                 4 | PEARL DESTINY               |
|                 5 | PIZZA JUMANJI               |
|                 6 | SPEED SUIT                  |
|                 7 | SPOILERS HELLFIGHTERS       |
|                 5 | TREATMENT JEKYLL            |
|                 6 | WASTELAND DIVINE            |
|                 8 | DRAGON SQUAD                |
|                 4 | ENCOUNTERS CURTAIN          |
|                 7 | HAWK CHILL                  |
|                 8 | IRON MOON                   |
|                 1 | MOON BUNCH                  |
|                 9 | RIDER CADDYSHACK            |
|                 8 | SMILE EARRING               |
|                 5 | UPRISING UPTOWN             |
|                 4 | WINDOW SIDE                 |
|                 9 | WIZARD COLDBLOODED          |
|                 3 | BEAR GRACELAND              |
|                 2 | BIKINI BORROWERS            |
|                 4 | CLERKS ANGELS               |
|                 4 | CORE SUIT                   |
|                 2 | DUCK RACER                  |
|                 4 | FEUD FROGMEN                |
|                 4 | LEGEND JEDI                 |
|                 4 | PARADISE SABRINA            |
|                 3 | ROCKY WAR                   |
|                 5 | UNTOUCHABLES SUNRISE        |
|                 4 | WONDERFUL DROP              |
|                 5 | ZOOLANDER FICTION           |
|                 6 | ALIEN CENTER                |
|                 4 | CANDIDATE PERDITION         |
|                 5 | CLONES PINOCCHIO            |
|                 5 | FREAKY POCUS                |
|                 6 | GRACELAND DYNAMITE          |
|                 3 | GREASE YOUTH                |
|                 6 | LORD ARIZONA                |
|                11 | OZ LIAISONS                 |
|                 6 | RUN PACIFIC                 |
|                 5 | WAKE JAWS                   |
|                 9 | WRONG BEHAVIOR              |
|                 2 | CAMELOT VACATION            |
|                 4 | CHAMPION FLATLINERS         |
|                 2 | CROSSING DIVORCE            |
|                 6 | KNOCK WARLOCK               |
|                 6 | MULHOLLAND BEAST            |
|                 5 | QUEST MUSSOLINI             |
|                 5 | SCALAWAG DUCK               |
|                 4 | TIMBERLAND SKY              |
|                 3 | TWISTED PIRATES             |
|                 4 | BEVERLY OUTLAW              |
|                 5 | CASPER DRAGONFLY            |
|                 7 | NEIGHBORS CHARADE           |
|                 5 | POCUS PULP                  |
|                 4 | WITCHES PANIC               |
|                 5 | AFFAIR PREJUDICE            |
|                 7 | DEEP CRUSADE                |
|                 6 | EARLY HOME                  |
|                 5 | FARGO GANDHI                |
|                 2 | FRANKENSTEIN STRANGER       |
|                 7 | HANOVER GALAXY              |
|                 5 | INTERVIEW LIAISONS          |
|                 4 | MYSTIC TRUMAN               |
|                 4 | ORIENT CLOSER               |
|                 5 | ANACONDA CONFESSIONS        |
|                 5 | BLADE POLISH                |
|                 1 | GHOSTBUSTERS ELF            |
|                 6 | JUMANJI BLADE               |
|                 6 | POSEIDON FOREVER            |
|                 5 | SILVERADO GOLDFINGER        |
|                10 | SPLASH GUMP                 |
|                 7 | TREASURE COMMAND            |
|                 3 | CREATURES SHAKESPEARE       |
|                 5 | EGYPT TENENBAUMS            |
|                 8 | JUMPING WRATH               |
|                 5 | PANTHER REDS                |
|                 7 | PULP BEVERLY                |
|                 4 | SEARCHERS WAIT              |
|                 5 | STAR OPERATION              |
|                 4 | VALLEY PACKER               |
|                 5 | VANISHING ROCKY             |
|                 4 | AIRPORT POLLOCK             |
|                 9 | ANONYMOUS HUMAN             |
|                 5 | CASUALTIES ENCINO           |
|                 8 | GOODFELLAS SALUTE           |
|                 5 | LOATHING LEGALLY            |
|                 3 | SISTER FREDDY               |
|                 5 | WASH HEAVENLY               |
|                 2 | BRINGING HYSTERICAL         |
|                10 | COAST RAINBOW               |
|                 2 | DARLING BREAKING            |
|                 4 | EXPENDABLE STALLION         |
|                 4 | GANGS PRIDE                 |
|                 6 | MERMAID INSECTS             |
|                 5 | MOTHER OLEANDER             |
|                 4 | OTHERS SOUP                 |
|                 7 | SAGEBRUSH CLUELESS          |
|                 3 | SHREK LICENSE               |
|                 3 | UNDEFEATED DALMATIONS       |
|                 5 | MODERN DORADO               |
|                 8 | GLEAMING JAWBREAKER         |
|                 6 | GUMP DATE                   |
|                 5 | KILL BROTHERHOOD            |
|                 2 | PARTY KNOCK                 |
|                 3 | POND SEATTLE                |
|                 6 | QUEEN LUKE                  |
|                 7 | CASSIDY WYOMING             |
|                 5 | CLOCKWORK PARADISE          |
|                 4 | DAUGHTER MADIGAN            |
|                 9 | HYSTERICAL GRAIL            |
|                 5 | NORTH TEQUILA               |
|                 3 | CHRISTMAS MOONSHINE         |
|                 5 | GONE TROUBLE                |
|                 2 | HOLLOW JEOPARDY             |
|                 6 | REBEL AIRPORT               |
|                 5 | BROOKLYN DESERT             |
|                 6 | CLOSER BANG                 |
|                 6 | FATAL HAUNTED               |
|                 5 | PICKUP DRIVING              |
|                 4 | REMEMBER DIARY              |
|                 2 | VIETNAM SMOOCHY             |
|                 8 | CALENDAR GUNFIGHT           |
|                 4 | COLDBLOODED DARLING         |
|                 2 | DARKNESS WAR                |
|                 4 | HOOK CHARIOTS               |
|                 6 | HYDE DOCTOR                 |
|                 9 | MIDNIGHT WESTWARD           |
|                 4 | GOLDFINGER SENSIBILITY      |
|                 2 | MINE TITANS                 |
|                 3 | SUPER WYOMING               |
|                 3 | ZORRO ARK                   |
|                 7 | CANDLES GRAPES              |
|                 3 | CONTROL ANTHEM              |
|                 5 | HAUNTING PIANIST            |
|                10 | HEAVEN FREEDOM              |
|                 2 | JOON NORTHWEST              |
|                10 | SPLENDOR PATTON             |
|                 5 | ADAPTATION HOLES            |
|                 8 | BULL SHAWSHANK              |
|                 7 | CHOCOLATE DUCK              |
|                 3 | MILE MULAN                  |
|                 3 | SUICIDES SILENCE            |
|                12 | HELLFIGHTERS SIERRA         |
|                 3 | MASSACRE USUAL              |
|                 6 | TAXI KICK                   |
|                 4 | WRATH MILE                  |
|                 4 | ACE GOLDFINGER              |
|                 8 | SCHOOL JACKET               |
|                 3 | TEQUILA PAST                |
|                 5 | VOLUME HOUSE                |
|                 4 | BIRDS PERDITION             |
|                 2 | CONFIDENTIAL INTERVIEW      |
|                 5 | RUSH GOODFELLAS             |
|                 5 | SUN CONFESSIONS             |
|                 5 | HAUNTED ANTITRUST           |
|                 4 | MAGUIRE APACHE              |
|                 4 | GREEK EVERYONE              |
|                 2 | MENAGERIE RUSHMORE          |
|                 5 | TALENTED HOMICIDE           |
|                 2 | VALENTINE VANISHING         |
|                 7 | WANDA CHAMBER               |
|                 4 | ALICE FANTASIA              |
|                 5 | HEAVYWEIGHTS BEAST          |
|                 6 | MAUDE MOD                   |
|                 3 | SEABISCUIT PUNK             |
|                 4 | ATTACKS HATE                |
|                 3 | BUTCH PANTHER               |
|                 2 | GOLD RIVER                  |
|                 2 | HUNCHBACK IMPOSSIBLE        |
|                 7 | KISS GLORY                  |
|                 6 | MOB DUFFEL                  |
|                 2 | PHANTOM GLORY               |
|                 5 | SATISFACTION CONFIDENTIAL   |
|                 5 | TEMPLE ATTRACTION           |
|                 2 | VANILLA DAY                 |
|                 6 | DAZED PUNK                  |
|                 9 | PERSONAL LADYBUGS           |
|                 3 | RAGING AIRPLANE             |
|                 3 | SADDLE ANTITRUST            |
|                 8 | BOILED DARES                |
|                 4 | CHISUM BEHAVIOR             |
|                 5 | DIVINE RESURRECTION         |
|                 6 | VACATION BOONDOCK           |
|                 6 | WATERFRONT DELIVERANCE      |
|                 3 | GRIT CLOCKWORK              |
|                 3 | INFORMER DOUBLE             |
|                 5 | RESURRECTION SILVERADO      |
|                 5 | RULES HUMAN                 |
|                 2 | SHOW LORD                   |
|                 5 | GRAIL FRANKENSTEIN          |
|                 5 | VISION TORQUE               |
|                 5 | COMFORTS RUSH               |
|                 3 | GOSFORD DONNIE              |
|                 5 | ROSES TREASURE              |
|                 8 | CROSSROADS CASUALTIES       |
|                 5 | EGG IGBY                    |
|                 4 | ELEMENT FREDDY              |
|                 3 | FIGHT JAWBREAKER            |
|                 1 | HUNGER ROOF                 |
|                 9 | JUGGLER HARDLY              |
|                 7 | STATE WASTELAND             |
|                 8 | EXPRESS LONELY              |
|                 5 | JAWS HARRY                  |
|                 3 | CURTAIN VIDEOTAPE           |
|                 3 | DUFFEL APOCALYPSE           |
|                 2 | GRADUATE LORD               |
|                 3 | ANNIE IDENTITY              |
|                 6 | GLADIATOR WESTWARD          |
|                 2 | CHEAPER CLYDE               |
|                 4 | VERTIGO NORTHWEST           |
|                 9 | CRUSADE HONEY               |
|                 3 | FORRESTER COMANCHEROS       |
|                 3 | GO PURPLE                   |
|                 3 | MOCKINGBIRD HOLLYWOOD       |
|                 2 | PHILADELPHIA WIFE           |
|                 3 | STREAK RIDGEMONT            |
|                 3 | TRACY CIDER                 |
|                 5 | BEHAVIOR RUNAWAY            |
|                 4 | CENTER DINOSAUR             |
|                 6 | EVOLUTION ALTER             |
|                 4 | WARS PLUTO                  |
|                 2 | LIGHTS DEER                 |
|                 1 | PACKER MADIGAN              |
|                 5 | PEACH INNOCENT              |
|                 6 | CAUSE DATE                  |
|                 5 | HOLOCAUST HIGHBALL          |
|                 5 | MONSOON CAUSE               |
|                 6 | SECRETS PARADISE            |
|                 6 | ZHIVAGO CORE                |
|                 7 | FELLOWSHIP AUTUMN           |
|                 9 | INSIDER ARIZONA             |
|                 4 | STEERS ARMAGEDDON           |
|                 3 | STRAIGHT HOURS              |
|                 6 | GILMORE BOILED              |
|                 5 | FIREHOUSE VIETNAM           |
|                 1 | MUSKETEERS WAIT             |
|                 3 | TOURIST PELICAN             |
|                 5 | CHILL LUCK                  |
|                 5 | VOYAGE LEGALLY              |
|                 3 | COMA HEAD                   |
|                 3 | KISSING DOLLS               |
|                 6 | TOMORROW HUSTLER            |
|                 7 | BEACH HEARTBREAKERS         |
|                 6 | BREAKING HOME               |
|                 5 | PAJAMA JAWBREAKER           |
|                 2 | ROOM ROMAN                  |
|                 4 | SHRUNK DIVINE               |
|                 5 | OUTBREAK DIVINE             |
|                 3 | SECRET GROUNDHOG            |
|                 3 | TURN STAR                   |
|                 7 | AGENT TRUMAN                |
|                 5 | HORROR REIGN                |
|                 5 | TORQUE BOUND                |
|                 2 | LOCK REAR                   |
|                 3 | PANIC CLUB                  |
|                 4 | ESCAPE METROPOLIS           |
|                 5 | KWAI HOMEWARD               |
|                 5 | MAJESTIC FLOATS             |
|                 3 | NETWORK PEAK                |
|                 2 | CHAINSAW UPTOWN             |
|                 2 | NIGHTMARE CHILL             |
|                 5 | CHASING FIGHT               |
|                 4 | CONSPIRACY SPIRIT           |
|                 3 | AUTUMN CROW                 |
|                 1 | BRIDE INTRIGUE              |
|                 8 | GAMES BOWFINGER             |
|                 1 | MALTESE HOPE                |
|                 6 | LEGALLY SECRETARY           |
|                 4 | OUTFIELD MASSACRE           |
|                 3 | NAME DETECTIVE              |
|                 3 | RUNAWAY TENENBAUMS          |
|                 3 | CAMPUS REMEMBER             |
|                 7 | FLASH WARS                  |
|                 2 | MANCHURIAN CURTAIN          |
|                 3 | LEBOWSKI SOLDIERS           |
|                 3 | TUXEDO MILE                 |
|                 2 | ANTHEM LUKE                 |
|                 2 | PURE RUNNER                 |
|                 4 | SLEEPING SUSPECTS           |
|                 1 | STONE FIRE                  |
|                 3 | TRADING PINOCCHIO           |
|                 1 | DWARFS ALTER                |
|                 3 | STEEL SANTA                 |
|                 3 | HOCUS FRIDA                 |
|                 4 | ALTER VICTORY               |
|                 3 | SLUMS DUCK                  |
|                 2 | WILLOW TRACY                |
|                 2 | BIRD INDEPENDENCE           |
|                 5 | NEMO CAMPUS                 |
|                 3 | ELIZABETH SHANE             |
|                 4 | CELEBRITY HORN              |
|                 5 | ENGLISH BULWORTH            |
|                 1 | GIANT TROOPERS              |
|                 4 | TRAFFIC HOBBIT              |
|                 4 | LOVE SUICIDES               |
|                 4 | DARKO DORADO                |
|                 4 | FALCON VOLUME               |
|                 1 | BAKED CLEOPATRA             |
|                 2 | DETAILS PACKER              |
|                 2 | SOUTH WAIT                  |
|                 1 | DOLLS RAGE                  |
|                 2 | VILLAIN DESPERATE           |
|                 6 | DIVORCE SHINING             |
|                 5 | SWEETHEARTS SUSPECTS        |
|                 3 | ANYTHING SAVANNAH           |
|                 3 | HANKY OCTOBER               |
|                 4 | RIVER OUTLAW                |
|                 3 | SASSY PACKER                |
|                 4 | WILD APOLLO                 |
|                 5 | FLOATS GARDEN               |
|                 2 | ROMAN PUNK                  |
|                 5 | FRIDA SLIPPER               |
|                 3 | GARDEN ISLAND               |
|                 3 | EARTH VISION                |
|                 2 | MONTEZUMA COMMAND           |
|                 4 | GILBERT PELICAN             |
|                 4 | ATTRACTION NEWTON           |
|                 1 | PSYCHO SHRUNK               |
|                 3 | LION UNCUT                  |
|                 1 | FOREVER CANDIDATE           |
|                 3 | JEKYLL FROGMEN              |
|                 2 | MIDSUMMER GROUNDHOG         |
|                 2 | SMOOCHY CONTROL             |
|                 1 | FERRIS MOTHER               |
|                 3 | VARSITY TRIP                |
|                 2 | NOTTING SPEAKEASY           |
|                 3 | DETECTIVE VISION            |
|                 2 | STAGE WORLD                 |
|                 1 | YENTL IDAHO                 |
|                 1 | PIRATES ROXANNE             |
|                 1 | LOLITA WORLD                |
+-------------------+-----------------------------+
997 rows in set (0.01 sec)

mysql> select count(fa.ator_id), f.titulo
    -> from filme_ator fa, ator a, filme f
    -> where fa.ator_id = a.ator_id
    -> and fa.filme_id = f.filme_id
    -> group by count(fa.ator_id) order by "1" asc;
ERROR 1056 (42000): Can't group on 'count(fa.ator_id)'
mysql> select count(fa.ator_id), f.titulo
    -> from filme_ator fa, ator a, filme f
    -> where fa.ator_id = a.ator_id
    -> and fa.filme_id = f.filme_id
    -> group by fa.ator_id order by "1" asc;
ERROR 1055 (42000): Expression #2 of SELECT list is not in GROUP BY clause and contains nonaggregatedcolumn 'sakila.f.titulo' which is not functionally dependent on columns in GROUP BY clause; this is incompatible with sql_mode=only_full_group_by
mysql> select count(fa.ator_id), f.titulo
    -> from filme_ator fa, ator a, filme f
    -> where fa.ator_id = a.ator_id
    -> and fa.filme_id = f.filme_id
    -> group by titulo order by "1" asc;
+-------------------+-----------------------------+
| count(fa.ator_id) | titulo                      |
+-------------------+-----------------------------+
|                 7 | BACKLASH UNDEFEATED         |
|                 4 | BETRAYED REAR               |
|                 7 | CAPER MOTIONS               |
|                 5 | CATCH AMISTAD               |
|                 6 | CHANCE RESURRECTION         |
|                 6 | CONFUSED CANDLES            |
|                 8 | CUPBOARD SINNERS            |
|                 6 | DIVIDE MONSTER              |
|                 8 | DOOM DANCING                |
|                 9 | DOORS PRESIDENT             |
|                 8 | DRIVER ANNIE                |
|                 9 | FEATHERS METAL              |
|                 5 | FIRE WOLVES                 |
|                 6 | HILLS NEIGHBORS             |
|                 6 | HOME PITY                   |
|                 3 | INNOCENT USUAL              |
|                 5 | JAWBREAKER BROOKLYN         |
|                 9 | LUKE MUMMY                  |
|                 7 | MAGNOLIA FORRESTER          |
|                 8 | MAIDEN HOME                 |
|                11 | MAKER GABLES                |
|                 5 | MILLION ACE                 |
|                 7 | MOURNING PURPLE             |
|                 2 | NUTS TIES                   |
|                 9 | OKLAHOMA JUMANJI            |
|                 3 | OPERATION OPERATION         |
|                 5 | PRINCESS GIANT              |
|                 8 | RESERVOIR ADAPTATION        |
|                 4 | SABRINA MIDNIGHT            |
|                 4 | SINNERS ATLANTIS            |
|                 7 | STREETCAR INTENTIONS        |
|                11 | SUBMARINE BED               |
|                 8 | BOULEVARD MOB               |
|                 4 | BRAVEHEART HUMAN            |
|                 6 | BUCKET BROTHERHOOD          |
|                 2 | BUGSY SONG                  |
|                 4 | CASABLANCA SUPER            |
|                 3 | CHARADE DUFFEL              |
|                 8 | DANGEROUS UPTOWN            |
|                 5 | DEVIL DESIRE                |
|                 9 | FRISCO FORREST              |
|                 6 | GRINCH MASSAGE              |
|                 6 | HOURS RAGE                  |
|                 3 | HURRICANE AFFAIR            |
|                11 | IMAGE PRINCESS              |
|                 4 | ISHTAR ROCKETEER            |
|                 6 | LABYRINTH LEAGUE            |
|                 6 | LEAGUE HELLFIGHTERS         |
|                 6 | MADIGAN DORADO              |
|                 7 | MADNESS ATTACKS             |
|                 4 | MAGIC MALLRATS              |
|                 9 | MASSAGE IMAGE               |
|                 6 | MEMENTO ZOOLANDER           |
|                 8 | NECKLACE OUTBREAK           |
|                 5 | PATHS CONTROL               |
|                 7 | PLUTO OLEANDER              |
|                 5 | PRIVATE DROP                |
|                 6 | RAIDERS ANTITRUST           |
|                 7 | REUNION WITCHES             |
|                12 | SKY MIRACLE                 |
|                 3 | SPEAKEASY DATE              |
|                 6 | STAGECOACH ARMAGEDDON       |
|                 6 | TIES HUNGER                 |
|                 5 | USUAL UNTOUCHABLES          |
|                 4 | WORST BANGER                |
|                 8 | APOLLO TEEN                 |
|                 4 | CLUB GRAFFITI               |
|                 9 | FAMILY SWEET                |
|                 4 | FLINTSTONES HAPPINESS       |
|                 3 | GALAXY SWEETHEARTS          |
|                 6 | GLORY TRACY                 |
|                 6 | HALF OUTFIELD               |
|                 4 | HEDWIG ALTER                |
|                 6 | HOLIDAY GAMES               |
|                 9 | HOUSE DYNAMITE              |
|                 7 | MONEY HAROLD                |
|                 6 | OPPOSITE NECKLACE           |
|                 5 | PEAK FOREVER                |
|                 5 | PIANIST OUTFIELD            |
|                 7 | PILOT HOOSIERS              |
|                 5 | PRESIDENT BANG              |
|                13 | RANDOM GO                   |
|                 5 | REDEMPTION COMFORTS         |
|                 5 | SONG HEDWIG                 |
|                 6 | SPIKING ELEMENT             |
|                 4 | STEPMOM DREAM               |
|                 7 | SUNDANCE INVASION           |
|                 5 | VICTORY ACADEMY             |
|                 8 | WORLD LEATHERNECKS          |
|                 8 | ARACHNOPHOBIA ROLLERCOASTER |
|                 7 | ARMAGEDDON LOST             |
|                 3 | ARSENIC INDEPENDENCE        |
|                 8 | BADMAN DAWN                 |
|                 5 | BARBARELLA STREETCAR        |
|                 6 | CHAPLIN LICENSE             |
|                 8 | CHICAGO NORTH               |
|                 4 | CINCINATTI WHISPERER        |
|                 8 | FICTION CHRISTMAS           |
|                 4 | GROSSE WONDERFUL            |
|                 5 | HAPPINESS UNITED            |
|                 6 | KING EVOLUTION              |
|                12 | LESSON CLEOPATRA            |
|                 5 | MANNEQUIN WORST             |
|                 6 | METROPOLIS COMA             |
|                 5 | ORANGE GRAPES               |
|                 3 | PAPI NECKLACE               |
|                 5 | ROBBERS JOON                |
|                 8 | SHIP WONDERLAND             |
|                 9 | STRANGELOVE DESIRE          |
|                 9 | VELVET TERMINATOR           |
|                 9 | WAR NOTTING                 |
|                 9 | WEST LION                   |
|                 7 | BUTTERFLY CHOCOLAT          |
|                 8 | CARIBBEAN LIBERTY           |
|                 7 | CLASH FREDDY                |
|                 7 | CLEOPATRA DEVIL             |
|                 5 | EXORCIST STING              |
|                 4 | HARPER DYING                |
|                 5 | HEARTBREAKERS BRIGHT        |
|                 9 | INDEPENDENCE HOTEL          |
|                 9 | JAPANESE RUN                |
|                 2 | JINGLE SAGEBRUSH            |
|                 8 | KARATE MOON                 |
|                 6 | LOLA AGENT                  |
|                 7 | MONSTER SPARTACUS           |
|                 6 | NONE SPIKING                |
|                 2 | NOTORIOUS REUNION           |
|                 6 | PAST SUICIDES               |
|                 4 | PATRIOT ROMAN               |
|                 6 | POTLUCK MIXED               |
|                 6 | RAINBOW SHOCK               |
|                 6 | RUGRATS SHAKESPEARE         |
|                 2 | SOUP WISDOM                 |
|                 7 | TITANS JERK                 |
|                 8 | UNFAITHFUL KILL             |
|                 9 | WAIT CIDER                  |
|                 9 | ALABAMA DEVIL               |
|                 7 | ARTIST COLDBLOODED          |
|                10 | BERETS AGENT                |
|                 6 | BOOGIE AMELIE               |
|                 9 | BORN SPINAL                 |
|                 4 | BRIGHT ENCOUNTERS           |
|                 6 | CLUE GRAIL                  |
|                 4 | CLYDE THEORY                |
|                 6 | DAWN POND                   |
|                 5 | DIRTY ACE                   |
|                 3 | GATHERING CALENDAR          |
|                 7 | HIGH ENCINO                 |
|                 6 | JET NEIGHBORS               |
|                 5 | KILLER INNOCENT             |
|                 4 | LOSE INCH                   |
|                 8 | RECORDS ZORRO               |
|                 7 | ROCKETEER MOTHER            |
|                 5 | SHEPHERD MIDSUMMER          |
|                 6 | SWEET BROTHERHOOD           |
|                 5 | BEAST HUNCHBACK             |
|                 7 | BENEATH RUSH                |
|                 5 | BREAKFAST GOLDFINGER        |
|                 7 | CARRIE BUNCH                |
|                 6 | CRANES RESERVOIR            |
|                 7 | DESIRE ALIEN                |
|                 4 | DISTURBING SCARFACE         |
|                 3 | DRAGONFLY STRANGERS         |
|                 8 | GANDHI KWAI                 |
|                 4 | HUSTLER PARTY               |
|                 2 | INTENTIONS EMPIRE           |
|                 8 | JADE BUNCH                  |
|                 5 | MULAN MOON                  |
|                13 | MUMMY CREATURES             |
|                 7 | ORDER BETRAYED              |
|                 7 | OUTLAW HANKY                |
|                 8 | PACIFIC AMISTAD             |
|                 6 | RACER EGG                   |
|                 2 | SAMURAI LION                |
|                 2 | SATURN NAME                 |
|                 7 | SEVEN SWARM                 |
|                 5 | STORY SIDE                  |
|                 8 | SUMMER SCARFACE             |
|                 3 | SUNSET RACER                |
|                 6 | SWARM GOLD                  |
|                 8 | TROJAN TOMORROW             |
|                 2 | VANISHED GARDEN             |
|                 8 | WARDROBE PHANTOM            |
|                12 | ARABIA DOGMA                |
|                 4 | ARIZONA BANG                |
|                 4 | CONFESSIONS MAGUIRE         |
|                13 | CRAZY HOME                  |
|                 6 | DINOSAUR SECRETARY          |
|                11 | FIDDLER LOST                |
|                 9 | FLATLINERS KILLER           |
|                 8 | IDOLS SNATCHERS             |
|                 3 | MATRIX SNOWMAN              |
|                 8 | MOVIE SHAKESPEARE           |
|                 8 | PANKY SUBMARINE             |
|                 3 | PAYCHECK WAIT               |
|                 7 | PRIX UNDEFEATED             |
|                 8 | SEA VIRGIN                  |
|                 5 | SIERRA DIVIDE               |
|                 9 | SOLDIERS EVOLUTION          |
|                 8 | SPINAL ROCKY                |
|                 5 | SUNRISE LEAGUE              |
|                 8 | SUSPECTS QUILLS             |
|                 9 | WORKER TARZAN               |
|                 5 | ANALYZE HOOSIERS            |
|                 6 | BASIC EASY                  |
|                10 | CHINATOWN GLADIATOR         |
|                 4 | DORADO NOTTING              |
|                 8 | DROP WATERFRONT             |
|                 2 | HEAD STRANGER               |
|                 6 | KICK SAVANNAH               |
|                 8 | MIGHTY LUCK                 |
|                 3 | MOULIN WAKE                 |
|                 8 | REQUIEM TYCOON              |
|                 7 | RIGHT CRANES                |
|                 6 | SAVANNAH TOWN               |
|                 5 | SUIT WALLS                  |
|                 6 | TRUMAN CRAZY                |
|                 8 | VIRGINIAN PLUTO             |
|                 3 | WHISPERER GIANT             |
|                 6 | WOLVES DESIRE               |
|                 3 | ARK RIDGEMONT               |
|                 6 | BANGER PINOCCHIO            |
|                 5 | BED HIGHBALL                |
|                13 | BOONDOCK BALLROOM           |
|                 7 | DRIFTER COMMANDMENTS        |
|                 5 | ELF MURDER                  |
|                 3 | FEVER EMPIRE                |
|                 6 | GRAFFITI LOVE               |
|                 6 | HEAVENLY GUN                |
|                 2 | ITALIAN AFRICAN             |
|                 3 | MASKED BUBBLE               |
|                 4 | NEWTON LABYRINTH            |
|                 5 | PITTSBURGH HUNCHBACK        |
|                 7 | POTTER CONNECTICUT          |
|                 8 | PURPLE MOVIE                |
|                 4 | QUILLS BULL                 |
|                 6 | SLEEPY JAPANESE             |
|                 8 | TADPOLE PARK                |
|                 6 | WARLOCK WEREWOLF            |
|                 7 | BALLROOM MOCKINGBIRD        |
|                 8 | DOUBLE WRATH                |
|                 5 | DOUBTFIRE LABYRINTH         |
|                 5 | ELEPHANT TROJAN             |
|                 3 | FANTASIA PARK               |
|                 8 | GREEDY ROOTS                |
|                 7 | GROOVE FICTION              |
|                 8 | HOMICIDE PEACH              |
|                 8 | LADY STAGE                  |
|                 8 | MUPPET MILE                 |
|                 7 | NASH CHOCOLAT               |
|                 5 | PERDITION FARGO             |
|                 7 | PUNK DIVORCE                |
|                 3 | ROLLERCOASTER BRINGING      |
|                 7 | RUSHMORE MERMAID            |
|                 7 | STING PERSONAL              |
|                 7 | THIEF PELICAN               |
|                 6 | WAGON JAWS                  |
|                 5 | WALLS ARTIST                |
|                10 | WEDDING APOLLO              |
|                 5 | WONDERLAND CHRISTMAS        |
|                 6 | WYOMING STORM               |
|                 8 | ALONE TRIP                  |
|                 9 | ANGELS LIFE                 |
|                 7 | ANTITRUST TOMATOES          |
|                 6 | BALLOON HOMEWARD            |
|                 5 | BINGO TALENTED              |
|                 4 | BIRDCAGE CASPER             |
|                 4 | CABIN FLASH                 |
|                 4 | CAT CONEHEADS               |
|                 5 | COMANCHEROS ENEMY           |
|                 5 | DESERT POSEIDON             |
|                 4 | DESPERATE TRAINSPOTTING     |
|                 7 | EXTRAORDINARY CONQUERER     |
|                 5 | GHOST GROUNDHOG             |
|                 4 | HOTEL HAPPINESS             |
|                 4 | HUNTER ALTER                |
|                 9 | LOVERBOY ATTACKS            |
|                 7 | MAGNIFICENT CHITTY          |
|                11 | MASK PEACH                  |
|                 4 | NATURAL STOCK               |
|                 7 | SCARFACE BANG               |
|                 7 | SENSE GREEK                 |
|                 6 | TRAMP OTHERS                |
|                 8 | TROUBLE DATE                |
|                 3 | WIND PHANTOM                |
|                 5 | ARGONAUTS TOWN              |
|                 7 | BANG KWAI                   |
|                 9 | CONEHEADS SMOOCHY           |
|                 7 | DISCIPLE MOTHER             |
|                 7 | EFFECT GLADIATOR            |
|                 5 | GASLIGHT CRUSADE            |
|                 7 | GROUNDHOG UNCUT             |
|                 8 | JERK PAYCHECK               |
|                15 | LAMBS CINCINATTI            |
|                 5 | PELICAN COMFORTS            |
|                 8 | ROAD ROXANNE                |
|                 8 | ROCK INSTINCT               |
|                 5 | SCISSORHANDS SLUMS          |
|                 6 | SECRETARY ROUGE             |
|                 5 | SHINING ROSES               |
|                 3 | SHOOTIST SUPERFLY           |
|                 5 | TROOPERS METAL              |
|                 7 | UNFORGIVEN ZOOLANDER        |
|                 8 | VIRGIN DAISY                |
|                 6 | WIFE TURN                   |
|                 5 | APOCALYPSE FLAMINGOS        |
|                 8 | BABY HALL                   |
|                 6 | BEETHOVEN EXORCIST          |
|                 3 | BUBBLE GROSSE               |
|                 7 | CAROL TEXAS                 |
|                 7 | CONNECTICUT TRAMP           |
|                 7 | CONNECTION MICROCOSMOS      |
|                 7 | DONNIE ALLEY                |
|                10 | JACKET FRISCO               |
|                 4 | JERICHO MULAN               |
|                 5 | LOSER HUSTLER               |
|                 5 | MALLRATS UNITED             |
|                 1 | MINORITY KISS               |
|                 7 | NATIONAL STORY              |
|                 6 | NOON PAPI                   |
|                 9 | OPEN AFRICAN                |
|                 3 | SIMON NORTH                 |
|                 6 | SMOKING BARBARELLA          |
|                 3 | SPARTACUS CHEAPER           |
|                11 | SPIRIT FLINTSTONES          |
|                 6 | STAMPEDE DISTURBING         |
|                 7 | TELEGRAPH VOYAGE            |
|                11 | TELEMARK HEARTBREAKERS      |
|                 9 | TOMATOES HELLFIGHTERS       |
|                 5 | TOOTSIE PILOT               |
|                10 | WEEKEND PERSONAL            |
|                 7 | WEREWOLF LOLA               |
|                 4 | AMISTAD MIDSUMMER           |
|                 4 | BULWORTH COMMANDMENTS       |
|                 2 | CALIFORNIA BIRDS            |
|                 6 | CREEPERS KANE               |
|                 7 | DUDE BLINDNESS              |
|                 9 | DURHAM PANKY                |
|                 6 | EVE RESURRECTION            |
|                 6 | FULL FLATLINERS             |
|                 4 | IDENTITY LOVER              |
|                 7 | INVASION CYCLONE            |
|                 6 | LUCK OPUS                   |
|                 5 | ROOF CHAMPION               |
|                 6 | SEATTLE EXPECATIONS         |
|                10 | SHAWSHANK BUBBLE            |
|                 3 | SNATCH SLIPPER              |
|                 5 | TENENBAUMS COMMAND          |
|                 6 | WORDS HUNTER                |
|                 5 | YOUTH KICK                  |
|                 4 | ALAMO VIDEOTAPE             |
|                 5 | BEAUTY GREASE               |
|                 5 | EYES DRIVING                |
|                 5 | HUNTING MUSKETEERS          |
|                 5 | IGBY MAKER                  |
|                 3 | MUSIC BOONDOCK              |
|                 8 | NEWSIES STORY               |
|                 6 | PARK CITIZEN                |
|                 4 | REEF SALUTE                 |
|                 6 | SENSIBILITY REAR            |
|                 4 | SILENCE KANE                |
|                 7 | SLIPPER FIDELITY            |
|                11 | SPICE SORORITY              |
|                 9 | STRANGER STRANGERS          |
|                 5 | WOMEN DORADO                |
|                 7 | DRIVING POLISH              |
|                 7 | DRUMS DYNAMITE              |
|                 4 | ENEMY ODDS                  |
|                 8 | EXCITEMENT EVE              |
|                 7 | GORGEOUS BINGO              |
|                 8 | HOBBIT ALIEN                |
|                 3 | IMPACT ALADDIN              |
|                 4 | KENTUCKIAN GIANT            |
|                 6 | LOVELY JINGLE               |
|                 7 | LOVER TRUMAN                |
|                 7 | MUSSOLINI SPOILERS          |
|                10 | POLISH BROOKLYN             |
|                 4 | SALUTE APOLLO               |
|                 9 | SATURDAY LAMBS              |
|                 7 | STOCK GLASS                 |
|                 5 | TIGHTS DAWN                 |
|                 7 | TRAP GUYS                   |
|                 6 | TYCOON GATHERING            |
|                 3 | VOICE PEACH                 |
|                 6 | WESTWARD SEABISCUIT         |
|                 8 | COMMAND DARLING             |
|                 6 | CRAFT OUTFIELD              |
|                 5 | CRYSTAL BREAKING            |
|                 3 | DEER VIRGINIAN              |
|                 8 | GENTLEMEN STAGE             |
|                 4 | JEDI BENEATH                |
|                 5 | OCTOBER SUBMARINE           |
|                 6 | PARIS WEEKEND               |
|                 8 | SCORPION APOLLO             |
|                 2 | TERMINATOR CLUB             |
|                 6 | TEXAS WATCH                 |
|                 5 | ALLEY EVOLUTION             |
|                 2 | BOUND CHEAPER               |
|                 5 | BOWFINGER GABLES            |
|                 8 | BUNCH MINDS                 |
|                10 | DARES PLUTO                 |
|                 4 | DATE SPEED                  |
|                 5 | DAY UNFAITHFUL              |
|                 4 | FURY MURDER                 |
|                 3 | HARDLY ROBBERS              |
|                 5 | HIGHBALL POTTER             |
|                11 | HOLES BRANNIGAN             |
|                 7 | LEATHERNECKS DWARFS         |
|                10 | LUCKY FLYING                |
|                 6 | MONTEREY LABYRINTH          |
|                 6 | NOVOCAINE FLIGHT            |
|                 6 | PERFECT GROOVE              |
|                 4 | REAP UNFAITHFUL             |
|                 5 | SWEDEN SHINING              |
|                 4 | APACHE DIVINE               |
|                 9 | BONNIE HOLOCAUST            |
|                 7 | CHAMBER ITALIAN             |
|                 2 | CHICKEN HELLFIGHTERS        |
|                 6 | CONQUERER NUTS              |
|                 7 | DOGMA FAMILY                |
|                 9 | DUMBO LUST                  |
|                 6 | FACTORY DRAGON              |
|                 3 | FREDDY STORM                |
|                 5 | GRAPES FURY                 |
|                 6 | HOLLYWOOD ANONYMOUS         |
|                 5 | KANE EXORCIST               |
|                 3 | LOUISIANA HARRY             |
|                 9 | PATTON INTERVIEW            |
|                 3 | SHANE DARKNESS              |
|                 8 | SHANGHAI TYCOON             |
|                 4 | SLEEPLESS MONSOON           |
|                 8 | SPY MILE                    |
|                 7 | UPTOWN YOUNG                |
|                 5 | WHALE BIKINI                |
|                 2 | WONKA SEA                   |
|                 5 | ALI FOREVER                 |
|                 3 | CONGENIALITY QUEST          |
|                 5 | CONTACT ANONYMOUS           |
|                 5 | FREEDOM CLEOPATRA           |
|                 6 | ICE CROSSING                |
|                 6 | JEEPERS WEDDING             |
|                 6 | LANGUAGE COWBOY             |
|                 2 | LAWRENCE LOVE               |
|                 8 | MURDER ANTITRUST            |
|                 7 | SLEUTH ORIENT               |
|                 8 | STORM HAPPINESS             |
|                 5 | SUGAR WONKA                 |
|                 5 | VIDEOTAPE ARSENIC           |
|                 9 | ATLANTIS CAUSE              |
|                 4 | BLOOD ARGONAUTS             |
|                 4 | COMMANDMENTS EXPRESS        |
|                 5 | DYNAMITE TARZAN             |
|                 3 | EDGE KISSING                |
|                 5 | FINDING ANACONDA            |
|                 6 | GREATEST NORTH              |
|                 6 | JUNGLE CLOSER               |
|                 7 | LIBERTY MAGNIFICENT         |
|                 3 | LOST BIRD                   |
|                 7 | MARS ROMAN                  |
|                 8 | NORTHWEST POLISH            |
|                 6 | SONS INTERVIEW              |
|                 4 | TOWERS HURRICANE            |
|                 5 | AMERICAN CIRCUS             |
|                 8 | CITIZEN SHREK               |
|                 6 | DALMATIONS SWEDEN           |
|                 7 | DESTINY SATURDAY            |
|                 3 | HATE HANDICAP               |
|                 5 | MISSION ZOOLANDER           |
|                 7 | PRIMARY GLASS               |
|                 8 | ALADDIN CALENDAR            |
|                 7 | ALASKA PHANTOM              |
|                 6 | AMADEUS HOLY                |
|                 6 | CANYON STOCK                |
|                13 | CHITTY LOCK                 |
|                 5 | FIREBALL PHILADELPHIA       |
|                 7 | INTRIGUE WORST              |
|                 9 | JERSEY SASSY                |
|                12 | LONELY ELEPHANT             |
|                 8 | MODEL FISH                  |
|                 4 | PATIENT SISTER              |
|                10 | PREJUDICE OLEANDER          |
|                 7 | STALLION SUNDANCE           |
|                 4 | TOWN ARK                    |
|                 6 | UNITED PILOT                |
|                 5 | WATCH TRACY                 |
|                 5 | WORKING MICROCOSMOS         |
|                 5 | AIRPLANE SIERRA             |
|                 2 | CHARIOTS CONSPIRACY         |
|                 2 | DYING MAKER                 |
|                 9 | ENOUGH RAGING               |
|                 4 | GLASS DYING                 |
|                 7 | HOMEWARD CIDER              |
|                 6 | IDAHO LOVE                  |
|                 4 | LAWLESS VISION              |
|                 6 | LIAISONS SWEET              |
|                 7 | MALKOVICH PET               |
|                 8 | METAL ARMAGEDDON            |
|                 6 | MIXED DOORS                 |
|                 5 | RIDGEMONT SUBMARINE         |
|                 6 | SANTA PARIS                 |
|                 3 | SOMETHING DUCK              |
|                 8 | UNBREAKABLE KARATE          |
|                 6 | WATERSHIP FRONTIER          |
|                 6 | BILL OTHERS                 |
|                 3 | BLINDNESS GUN               |
|                 3 | CONVERSATION DOWNHILL       |
|                10 | CROW GREASE                 |
|                 9 | DARN FORRESTER              |
|                 5 | ODDS BOOGIE                 |
|                 7 | RAGE GAMES                  |
|                 5 | REDS POCUS                  |
|                 6 | SHAKESPEARE SADDLE          |
|                 3 | BILKO ANONYMOUS             |
|                 7 | DAISY MENAGERIE             |
|                 5 | EVERYONE CRAFT              |
|                 9 | FLAMINGOS CONNECTICUT       |
|                 3 | HOLY TADPOLE                |
|                10 | HOOSIERS BIRDCAGE           |
|                 5 | INCH JET                    |
|                 5 | JASON TRAP                  |
|                 3 | MARRIED GO                  |
|                 6 | MOD SECRETARY               |
|                 4 | MOSQUITO ARMAGEDDON         |
|                 5 | PITY BOUND                  |
|                 6 | POLLOCK DELIVERANCE         |
|                 4 | PRIDE ALAMO                 |
|                 2 | ROBBERY BRIGHT              |
|                 9 | SNATCHERS MONTEZUMA         |
|                 5 | SPIRITED CASUALTIES         |
|                 6 | AMELIE HELLFIGHTERS         |
|                 6 | DANCING FEVER               |
|                 6 | DOZEN LION                  |
|                11 | FUGITIVE MAGUIRE            |
|                 6 | GODFATHER DIARY             |
|                 8 | MOTIONS DETAILS             |
|                 7 | PET HAUNTING                |
|                11 | PINOCCHIO SIMON             |
|                 1 | SHOCK CABIN                 |
|                 3 | TARZAN VIDEOTAPE            |
|                 3 | TRANSLATION SUMMER          |
|                 7 | WISDOM WORKER               |
|                 7 | BEDAZZLED MARRIED           |
|                 6 | CROOKED FROGMEN             |
|                 3 | EXPECATIONS NATURAL         |
|                 2 | FISH OPUS                   |
|                 6 | FROGMEN BREAKING            |
|                 7 | FROST HEAD                  |
|                 8 | REAR TRADING                |
|                 6 | SIDE ARK                    |
|                 5 | DANCES NONE                 |
|                 6 | ENCINO ELF                  |
|                 5 | ENDING CROWDS               |
|                 7 | HANDICAP BOONDOCK           |
|                 5 | HONEY TIES                  |
|                 8 | HORN WORKING                |
|                 6 | MEET CHOCOLATE              |
|                 7 | MOONWALKER FOOL             |
|                10 | OLEANDER CLUE               |
|                 5 | STRANGERS GRAFFITI          |
|                 2 | THIN SAGEBRUSH              |
|                10 | ACADEMY DINOSAUR            |
|                 8 | FLYING HOOK                 |
|                 5 | HAMLET WISDOM               |
|                 7 | HANGING DEEP                |
|                11 | INSTINCT AIRPORT            |
|                 6 | INTOLERABLE INTENTIONS      |
|                 7 | LIES TREATMENT              |
|                 3 | REIGN GENTLEMEN             |
|                10 | ROOTS REMEMBER              |
|                 5 | ROXANNE REBEL               |
|                 7 | SUPERFLY TRIP               |
|                 5 | VAMPIRE WHALE               |
|                 5 | AFRICAN EGG                 |
|                 7 | ARMY FLINTSTONES            |
|                 6 | BIRCH ANTITRUST             |
|                 5 | BLACKOUT PRIVATE            |
|                 4 | BLUES INSTINCT              |
|                 2 | CIRCUS YOUTH                |
|                 4 | CROWDS TELEMARK             |
|                 5 | GUN BONNIE                  |
|                 6 | HARRY IDAHO                 |
|                 4 | LADYBUGS ARMAGEDDON         |
|                 8 | LIFE TWISTED                |
|                 7 | LUST LOCK                   |
|                 4 | MADRE GABLES                |
|                 6 | MINDS TRUMAN                |
|                 5 | MOONSHINE CABIN             |
|                 5 | MUSCLE BRIGHT               |
|                 3 | SNOWMAN ROLLERCOASTER       |
|                 5 | SQUAD FISH                  |
|                12 | TITANIC BOONDOCK            |
|                 4 | TRIP NEWTON                 |
|                 7 | UNCUT SUICIDES              |
|                 2 | CRUELTY UNFORGIVEN          |
|                13 | DRACULA CRYSTAL             |
|                 9 | FANTASY TROOPERS            |
|                 3 | FORWARD TEMPLE              |
|                 4 | HOPE TOOTSIE                |
|                 5 | JEOPARDY ENCINO             |
|                 8 | LICENSE WEEKEND             |
|                 8 | RUNNER MADIGAN              |
|                 3 | SLING LUKE                  |
|                 4 | STRICTLY SCARFACE           |
|                 5 | TEEN APOLLO                 |
|                 4 | TRAINSPOTTING STRANGERS     |
|                 7 | CADDYSHACK JEDI             |
|                 5 | COWBOY DOOM                 |
|                 5 | FORREST SONS                |
|                 7 | FRENCH HOLIDAY              |
|                 7 | HALLOWEEN NUTS              |
|                 5 | PLATOON INSTINCT            |
|                 5 | YOUNG LANGUAGE              |
|                 7 | BORROWERS BEDAZZLED         |
|                 5 | CIDER DESIRE                |
|                 8 | CLUELESS BUCKET             |
|                 6 | DOCTOR GRAIL                |
|                 4 | DREAM PICKUP                |
|                 7 | HAROLD FRENCH               |
|                10 | INDIAN LOVE                 |
|                 4 | INSECTS STONE               |
|                 6 | MICROCOSMOS PARADISE        |
|                 4 | ROUGE SQUAD                 |
|                10 | SAINTS BRIDE                |
|                 3 | VIRTUAL SPOILERS            |
|                 4 | FIDELITY DEVIL              |
|                 4 | GUNFIGHT MOON               |
|                 4 | GUNFIGHTER MUSSOLINI        |
|                 5 | GUYS FALCON                 |
|                 4 | RANGE MOONWALKER            |
|                 5 | VOLCANO TEXAS               |
|                 5 | WON DARES                   |
|                 4 | BLANKET BEVERLY             |
|                 5 | BROTHERHOOD BLANKET         |
|                 4 | DECEIVER BETRAYED           |
|                 3 | DELIVERANCE MULHOLLAND      |
|                 6 | EAGLES PANKY                |
|                 5 | EARRING INSTINCT            |
|                 3 | EASY GLADIATOR              |
|                 9 | EMPIRE MALKOVICH            |
|                 4 | ENTRAPMENT SATISFACTION     |
|                 8 | GABLES METROPOLIS           |
|                 4 | HUMAN GRAFFITI              |
|                 3 | IMPOSSIBLE PREJUDICE        |
|                 8 | KRAMER CHOCOLATE            |
|                 1 | MIRACLE VIRTUAL             |
|                 6 | THEORY MERMAID              |
|                 2 | BRANNIGAN SUNRISE           |
|                 5 | CHOCOLAT HARRY              |
|                 3 | CYCLONE FAMILY              |
|                 3 | DESTINATION JERK            |
|                 2 | FOOL MOCKINGBIRD            |
|                 6 | FRONTIER CABIN              |
|                 5 | HALL CASSIDY                |
|                 5 | MADISON TRAP                |
|                 6 | OSCAR GOLD                  |
|                11 | RINGS HEARTBREAKERS         |
|                 7 | SIEGE MADRE                 |
|                 4 | SORORITY QUEEN              |
|                 4 | TRAIN BUNCH                 |
|                 8 | BAREFOOT MANCHURIAN         |
|                 7 | COLOR PHILADELPHIA          |
|                 5 | DADDY PITTSBURGH            |
|                 4 | DIARY PANIC                 |
|                 4 | DOWNHILL ENOUGH             |
|                 7 | GOLDMINE TYCOON             |
|                 7 | ILLUSION AMELIE             |
|                 3 | ISLAND EXORCIST             |
|                 4 | OPUS ICE                    |
|                 4 | PEARL DESTINY               |
|                 5 | PIZZA JUMANJI               |
|                 6 | SPEED SUIT                  |
|                 7 | SPOILERS HELLFIGHTERS       |
|                 5 | TREATMENT JEKYLL            |
|                 6 | WASTELAND DIVINE            |
|                 8 | DRAGON SQUAD                |
|                 4 | ENCOUNTERS CURTAIN          |
|                 7 | HAWK CHILL                  |
|                 8 | IRON MOON                   |
|                 1 | MOON BUNCH                  |
|                 9 | RIDER CADDYSHACK            |
|                 8 | SMILE EARRING               |
|                 5 | UPRISING UPTOWN             |
|                 4 | WINDOW SIDE                 |
|                 9 | WIZARD COLDBLOODED          |
|                 3 | BEAR GRACELAND              |
|                 2 | BIKINI BORROWERS            |
|                 4 | CLERKS ANGELS               |
|                 4 | CORE SUIT                   |
|                 2 | DUCK RACER                  |
|                 4 | FEUD FROGMEN                |
|                 4 | LEGEND JEDI                 |
|                 4 | PARADISE SABRINA            |
|                 3 | ROCKY WAR                   |
|                 5 | UNTOUCHABLES SUNRISE        |
|                 4 | WONDERFUL DROP              |
|                 5 | ZOOLANDER FICTION           |
|                 6 | ALIEN CENTER                |
|                 4 | CANDIDATE PERDITION         |
|                 5 | CLONES PINOCCHIO            |
|                 5 | FREAKY POCUS                |
|                 6 | GRACELAND DYNAMITE          |
|                 3 | GREASE YOUTH                |
|                 6 | LORD ARIZONA                |
|                11 | OZ LIAISONS                 |
|                 6 | RUN PACIFIC                 |
|                 5 | WAKE JAWS                   |
|                 9 | WRONG BEHAVIOR              |
|                 2 | CAMELOT VACATION            |
|                 4 | CHAMPION FLATLINERS         |
|                 2 | CROSSING DIVORCE            |
|                 6 | KNOCK WARLOCK               |
|                 6 | MULHOLLAND BEAST            |
|                 5 | QUEST MUSSOLINI             |
|                 5 | SCALAWAG DUCK               |
|                 4 | TIMBERLAND SKY              |
|                 3 | TWISTED PIRATES             |
|                 4 | BEVERLY OUTLAW              |
|                 5 | CASPER DRAGONFLY            |
|                 7 | NEIGHBORS CHARADE           |
|                 5 | POCUS PULP                  |
|                 4 | WITCHES PANIC               |
|                 5 | AFFAIR PREJUDICE            |
|                 7 | DEEP CRUSADE                |
|                 6 | EARLY HOME                  |
|                 5 | FARGO GANDHI                |
|                 2 | FRANKENSTEIN STRANGER       |
|                 7 | HANOVER GALAXY              |
|                 5 | INTERVIEW LIAISONS          |
|                 4 | MYSTIC TRUMAN               |
|                 4 | ORIENT CLOSER               |
|                 5 | ANACONDA CONFESSIONS        |
|                 5 | BLADE POLISH                |
|                 1 | GHOSTBUSTERS ELF            |
|                 6 | JUMANJI BLADE               |
|                 6 | POSEIDON FOREVER            |
|                 5 | SILVERADO GOLDFINGER        |
|                10 | SPLASH GUMP                 |
|                 7 | TREASURE COMMAND            |
|                 3 | CREATURES SHAKESPEARE       |
|                 5 | EGYPT TENENBAUMS            |
|                 8 | JUMPING WRATH               |
|                 5 | PANTHER REDS                |
|                 7 | PULP BEVERLY                |
|                 4 | SEARCHERS WAIT              |
|                 5 | STAR OPERATION              |
|                 4 | VALLEY PACKER               |
|                 5 | VANISHING ROCKY             |
|                 4 | AIRPORT POLLOCK             |
|                 9 | ANONYMOUS HUMAN             |
|                 5 | CASUALTIES ENCINO           |
|                 8 | GOODFELLAS SALUTE           |
|                 5 | LOATHING LEGALLY            |
|                 3 | SISTER FREDDY               |
|                 5 | WASH HEAVENLY               |
|                 2 | BRINGING HYSTERICAL         |
|                10 | COAST RAINBOW               |
|                 2 | DARLING BREAKING            |
|                 4 | EXPENDABLE STALLION         |
|                 4 | GANGS PRIDE                 |
|                 6 | MERMAID INSECTS             |
|                 5 | MOTHER OLEANDER             |
|                 4 | OTHERS SOUP                 |
|                 7 | SAGEBRUSH CLUELESS          |
|                 3 | SHREK LICENSE               |
|                 3 | UNDEFEATED DALMATIONS       |
|                 5 | MODERN DORADO               |
|                 8 | GLEAMING JAWBREAKER         |
|                 6 | GUMP DATE                   |
|                 5 | KILL BROTHERHOOD            |
|                 2 | PARTY KNOCK                 |
|                 3 | POND SEATTLE                |
|                 6 | QUEEN LUKE                  |
|                 7 | CASSIDY WYOMING             |
|                 5 | CLOCKWORK PARADISE          |
|                 4 | DAUGHTER MADIGAN            |
|                 9 | HYSTERICAL GRAIL            |
|                 5 | NORTH TEQUILA               |
|                 3 | CHRISTMAS MOONSHINE         |
|                 5 | GONE TROUBLE                |
|                 2 | HOLLOW JEOPARDY             |
|                 6 | REBEL AIRPORT               |
|                 5 | BROOKLYN DESERT             |
|                 6 | CLOSER BANG                 |
|                 6 | FATAL HAUNTED               |
|                 5 | PICKUP DRIVING              |
|                 4 | REMEMBER DIARY              |
|                 2 | VIETNAM SMOOCHY             |
|                 8 | CALENDAR GUNFIGHT           |
|                 4 | COLDBLOODED DARLING         |
|                 2 | DARKNESS WAR                |
|                 4 | HOOK CHARIOTS               |
|                 6 | HYDE DOCTOR                 |
|                 9 | MIDNIGHT WESTWARD           |
|                 4 | GOLDFINGER SENSIBILITY      |
|                 2 | MINE TITANS                 |
|                 3 | SUPER WYOMING               |
|                 3 | ZORRO ARK                   |
|                 7 | CANDLES GRAPES              |
|                 3 | CONTROL ANTHEM              |
|                 5 | HAUNTING PIANIST            |
|                10 | HEAVEN FREEDOM              |
|                 2 | JOON NORTHWEST              |
|                10 | SPLENDOR PATTON             |
|                 5 | ADAPTATION HOLES            |
|                 8 | BULL SHAWSHANK              |
|                 7 | CHOCOLATE DUCK              |
|                 3 | MILE MULAN                  |
|                 3 | SUICIDES SILENCE            |
|                12 | HELLFIGHTERS SIERRA         |
|                 3 | MASSACRE USUAL              |
|                 6 | TAXI KICK                   |
|                 4 | WRATH MILE                  |
|                 4 | ACE GOLDFINGER              |
|                 8 | SCHOOL JACKET               |
|                 3 | TEQUILA PAST                |
|                 5 | VOLUME HOUSE                |
|                 4 | BIRDS PERDITION             |
|                 2 | CONFIDENTIAL INTERVIEW      |
|                 5 | RUSH GOODFELLAS             |
|                 5 | SUN CONFESSIONS             |
|                 5 | HAUNTED ANTITRUST           |
|                 4 | MAGUIRE APACHE              |
|                 4 | GREEK EVERYONE              |
|                 2 | MENAGERIE RUSHMORE          |
|                 5 | TALENTED HOMICIDE           |
|                 2 | VALENTINE VANISHING         |
|                 7 | WANDA CHAMBER               |
|                 4 | ALICE FANTASIA              |
|                 5 | HEAVYWEIGHTS BEAST          |
|                 6 | MAUDE MOD                   |
|                 3 | SEABISCUIT PUNK             |
|                 4 | ATTACKS HATE                |
|                 3 | BUTCH PANTHER               |
|                 2 | GOLD RIVER                  |
|                 2 | HUNCHBACK IMPOSSIBLE        |
|                 7 | KISS GLORY                  |
|                 6 | MOB DUFFEL                  |
|                 2 | PHANTOM GLORY               |
|                 5 | SATISFACTION CONFIDENTIAL   |
|                 5 | TEMPLE ATTRACTION           |
|                 2 | VANILLA DAY                 |
|                 6 | DAZED PUNK                  |
|                 9 | PERSONAL LADYBUGS           |
|                 3 | RAGING AIRPLANE             |
|                 3 | SADDLE ANTITRUST            |
|                 8 | BOILED DARES                |
|                 4 | CHISUM BEHAVIOR             |
|                 5 | DIVINE RESURRECTION         |
|                 6 | VACATION BOONDOCK           |
|                 6 | WATERFRONT DELIVERANCE      |
|                 3 | GRIT CLOCKWORK              |
|                 3 | INFORMER DOUBLE             |
|                 5 | RESURRECTION SILVERADO      |
|                 5 | RULES HUMAN                 |
|                 2 | SHOW LORD                   |
|                 5 | GRAIL FRANKENSTEIN          |
|                 5 | VISION TORQUE               |
|                 5 | COMFORTS RUSH               |
|                 3 | GOSFORD DONNIE              |
|                 5 | ROSES TREASURE              |
|                 8 | CROSSROADS CASUALTIES       |
|                 5 | EGG IGBY                    |
|                 4 | ELEMENT FREDDY              |
|                 3 | FIGHT JAWBREAKER            |
|                 1 | HUNGER ROOF                 |
|                 9 | JUGGLER HARDLY              |
|                 7 | STATE WASTELAND             |
|                 8 | EXPRESS LONELY              |
|                 5 | JAWS HARRY                  |
|                 3 | CURTAIN VIDEOTAPE           |
|                 3 | DUFFEL APOCALYPSE           |
|                 2 | GRADUATE LORD               |
|                 3 | ANNIE IDENTITY              |
|                 6 | GLADIATOR WESTWARD          |
|                 2 | CHEAPER CLYDE               |
|                 4 | VERTIGO NORTHWEST           |
|                 9 | CRUSADE HONEY               |
|                 3 | FORRESTER COMANCHEROS       |
|                 3 | GO PURPLE                   |
|                 3 | MOCKINGBIRD HOLLYWOOD       |
|                 2 | PHILADELPHIA WIFE           |
|                 3 | STREAK RIDGEMONT            |
|                 3 | TRACY CIDER                 |
|                 5 | BEHAVIOR RUNAWAY            |
|                 4 | CENTER DINOSAUR             |
|                 6 | EVOLUTION ALTER             |
|                 4 | WARS PLUTO                  |
|                 2 | LIGHTS DEER                 |
|                 1 | PACKER MADIGAN              |
|                 5 | PEACH INNOCENT              |
|                 6 | CAUSE DATE                  |
|                 5 | HOLOCAUST HIGHBALL          |
|                 5 | MONSOON CAUSE               |
|                 6 | SECRETS PARADISE            |
|                 6 | ZHIVAGO CORE                |
|                 7 | FELLOWSHIP AUTUMN           |
|                 9 | INSIDER ARIZONA             |
|                 4 | STEERS ARMAGEDDON           |
|                 3 | STRAIGHT HOURS              |
|                 6 | GILMORE BOILED              |
|                 5 | FIREHOUSE VIETNAM           |
|                 1 | MUSKETEERS WAIT             |
|                 3 | TOURIST PELICAN             |
|                 5 | CHILL LUCK                  |
|                 5 | VOYAGE LEGALLY              |
|                 3 | COMA HEAD                   |
|                 3 | KISSING DOLLS               |
|                 6 | TOMORROW HUSTLER            |
|                 7 | BEACH HEARTBREAKERS         |
|                 6 | BREAKING HOME               |
|                 5 | PAJAMA JAWBREAKER           |
|                 2 | ROOM ROMAN                  |
|                 4 | SHRUNK DIVINE               |
|                 5 | OUTBREAK DIVINE             |
|                 3 | SECRET GROUNDHOG            |
|                 3 | TURN STAR                   |
|                 7 | AGENT TRUMAN                |
|                 5 | HORROR REIGN                |
|                 5 | TORQUE BOUND                |
|                 2 | LOCK REAR                   |
|                 3 | PANIC CLUB                  |
|                 4 | ESCAPE METROPOLIS           |
|                 5 | KWAI HOMEWARD               |
|                 5 | MAJESTIC FLOATS             |
|                 3 | NETWORK PEAK                |
|                 2 | CHAINSAW UPTOWN             |
|                 2 | NIGHTMARE CHILL             |
|                 5 | CHASING FIGHT               |
|                 4 | CONSPIRACY SPIRIT           |
|                 3 | AUTUMN CROW                 |
|                 1 | BRIDE INTRIGUE              |
|                 8 | GAMES BOWFINGER             |
|                 1 | MALTESE HOPE                |
|                 6 | LEGALLY SECRETARY           |
|                 4 | OUTFIELD MASSACRE           |
|                 3 | NAME DETECTIVE              |
|                 3 | RUNAWAY TENENBAUMS          |
|                 3 | CAMPUS REMEMBER             |
|                 7 | FLASH WARS                  |
|                 2 | MANCHURIAN CURTAIN          |
|                 3 | LEBOWSKI SOLDIERS           |
|                 3 | TUXEDO MILE                 |
|                 2 | ANTHEM LUKE                 |
|                 2 | PURE RUNNER                 |
|                 4 | SLEEPING SUSPECTS           |
|                 1 | STONE FIRE                  |
|                 3 | TRADING PINOCCHIO           |
|                 1 | DWARFS ALTER                |
|                 3 | STEEL SANTA                 |
|                 3 | HOCUS FRIDA                 |
|                 4 | ALTER VICTORY               |
|                 3 | SLUMS DUCK                  |
|                 2 | WILLOW TRACY                |
|                 2 | BIRD INDEPENDENCE           |
|                 5 | NEMO CAMPUS                 |
|                 3 | ELIZABETH SHANE             |
|                 4 | CELEBRITY HORN              |
|                 5 | ENGLISH BULWORTH            |
|                 1 | GIANT TROOPERS              |
|                 4 | TRAFFIC HOBBIT              |
|                 4 | LOVE SUICIDES               |
|                 4 | DARKO DORADO                |
|                 4 | FALCON VOLUME               |
|                 1 | BAKED CLEOPATRA             |
|                 2 | DETAILS PACKER              |
|                 2 | SOUTH WAIT                  |
|                 1 | DOLLS RAGE                  |
|                 2 | VILLAIN DESPERATE           |
|                 6 | DIVORCE SHINING             |
|                 5 | SWEETHEARTS SUSPECTS        |
|                 3 | ANYTHING SAVANNAH           |
|                 3 | HANKY OCTOBER               |
|                 4 | RIVER OUTLAW                |
|                 3 | SASSY PACKER                |
|                 4 | WILD APOLLO                 |
|                 5 | FLOATS GARDEN               |
|                 2 | ROMAN PUNK                  |
|                 5 | FRIDA SLIPPER               |
|                 3 | GARDEN ISLAND               |
|                 3 | EARTH VISION                |
|                 2 | MONTEZUMA COMMAND           |
|                 4 | GILBERT PELICAN             |
|                 4 | ATTRACTION NEWTON           |
|                 1 | PSYCHO SHRUNK               |
|                 3 | LION UNCUT                  |
|                 1 | FOREVER CANDIDATE           |
|                 3 | JEKYLL FROGMEN              |
|                 2 | MIDSUMMER GROUNDHOG         |
|                 2 | SMOOCHY CONTROL             |
|                 1 | FERRIS MOTHER               |
|                 3 | VARSITY TRIP                |
|                 2 | NOTTING SPEAKEASY           |
|                 3 | DETECTIVE VISION            |
|                 2 | STAGE WORLD                 |
|                 1 | YENTL IDAHO                 |
|                 1 | PIRATES ROXANNE             |
|                 1 | LOLITA WORLD                |
+-------------------+-----------------------------+
997 rows in set (0.01 sec)

mysql> select count(fa.ator_id), f.titulo
    -> from filme_ator fa, ator a, filme f
    -> where fa.ator_id = a.ator_id
    -> and fa.filme_id = f.filme_id
    -> group by titulo order by count(fa.ator_id) asc;
+-------------------+-----------------------------+
| count(fa.ator_id) | titulo                      |
+-------------------+-----------------------------+
|                 1 | MINORITY KISS               |
|                 1 | SHOCK CABIN                 |
|                 1 | MIRACLE VIRTUAL             |
|                 1 | MOON BUNCH                  |
|                 1 | GHOSTBUSTERS ELF            |
|                 1 | HUNGER ROOF                 |
|                 1 | PACKER MADIGAN              |
|                 1 | MUSKETEERS WAIT             |
|                 1 | BRIDE INTRIGUE              |
|                 1 | MALTESE HOPE                |
|                 1 | STONE FIRE                  |
|                 1 | DWARFS ALTER                |
|                 1 | GIANT TROOPERS              |
|                 1 | BAKED CLEOPATRA             |
|                 1 | DOLLS RAGE                  |
|                 1 | PSYCHO SHRUNK               |
|                 1 | FOREVER CANDIDATE           |
|                 1 | FERRIS MOTHER               |
|                 1 | YENTL IDAHO                 |
|                 1 | PIRATES ROXANNE             |
|                 1 | LOLITA WORLD                |
|                 2 | NUTS TIES                   |
|                 2 | BUGSY SONG                  |
|                 2 | JINGLE SAGEBRUSH            |
|                 2 | NOTORIOUS REUNION           |
|                 2 | SOUP WISDOM                 |
|                 2 | INTENTIONS EMPIRE           |
|                 2 | SAMURAI LION                |
|                 2 | SATURN NAME                 |
|                 2 | VANISHED GARDEN             |
|                 2 | HEAD STRANGER               |
|                 2 | ITALIAN AFRICAN             |
|                 2 | CALIFORNIA BIRDS            |
|                 2 | TERMINATOR CLUB             |
|                 2 | BOUND CHEAPER               |
|                 2 | CHICKEN HELLFIGHTERS        |
|                 2 | WONKA SEA                   |
|                 2 | LAWRENCE LOVE               |
|                 2 | CHARIOTS CONSPIRACY         |
|                 2 | DYING MAKER                 |
|                 2 | ROBBERY BRIGHT              |
|                 2 | FISH OPUS                   |
|                 2 | THIN SAGEBRUSH              |
|                 2 | CIRCUS YOUTH                |
|                 2 | CRUELTY UNFORGIVEN          |
|                 2 | BRANNIGAN SUNRISE           |
|                 2 | FOOL MOCKINGBIRD            |
|                 2 | BIKINI BORROWERS            |
|                 2 | DUCK RACER                  |
|                 2 | CAMELOT VACATION            |
|                 2 | CROSSING DIVORCE            |
|                 2 | FRANKENSTEIN STRANGER       |
|                 2 | BRINGING HYSTERICAL         |
|                 2 | DARLING BREAKING            |
|                 2 | PARTY KNOCK                 |
|                 2 | HOLLOW JEOPARDY             |
|                 2 | VIETNAM SMOOCHY             |
|                 2 | DARKNESS WAR                |
|                 2 | MINE TITANS                 |
|                 2 | JOON NORTHWEST              |
|                 2 | CONFIDENTIAL INTERVIEW      |
|                 2 | MENAGERIE RUSHMORE          |
|                 2 | VALENTINE VANISHING         |
|                 2 | GOLD RIVER                  |
|                 2 | HUNCHBACK IMPOSSIBLE        |
|                 2 | PHANTOM GLORY               |
|                 2 | VANILLA DAY                 |
|                 2 | SHOW LORD                   |
|                 2 | GRADUATE LORD               |
|                 2 | CHEAPER CLYDE               |
|                 2 | PHILADELPHIA WIFE           |
|                 2 | LIGHTS DEER                 |
|                 2 | ROOM ROMAN                  |
|                 2 | LOCK REAR                   |
|                 2 | CHAINSAW UPTOWN             |
|                 2 | NIGHTMARE CHILL             |
|                 2 | MANCHURIAN CURTAIN          |
|                 2 | ANTHEM LUKE                 |
|                 2 | PURE RUNNER                 |
|                 2 | WILLOW TRACY                |
|                 2 | BIRD INDEPENDENCE           |
|                 2 | DETAILS PACKER              |
|                 2 | SOUTH WAIT                  |
|                 2 | VILLAIN DESPERATE           |
|                 2 | ROMAN PUNK                  |
|                 2 | MONTEZUMA COMMAND           |
|                 2 | MIDSUMMER GROUNDHOG         |
|                 2 | SMOOCHY CONTROL             |
|                 2 | NOTTING SPEAKEASY           |
|                 2 | STAGE WORLD                 |
|                 3 | INNOCENT USUAL              |
|                 3 | OPERATION OPERATION         |
|                 3 | CHARADE DUFFEL              |
|                 3 | HURRICANE AFFAIR            |
|                 3 | SPEAKEASY DATE              |
|                 3 | GALAXY SWEETHEARTS          |
|                 3 | ARSENIC INDEPENDENCE        |
|                 3 | PAPI NECKLACE               |
|                 3 | GATHERING CALENDAR          |
|                 3 | DRAGONFLY STRANGERS         |
|                 3 | SUNSET RACER                |
|                 3 | MATRIX SNOWMAN              |
|                 3 | PAYCHECK WAIT               |
|                 3 | MOULIN WAKE                 |
|                 3 | WHISPERER GIANT             |
|                 3 | ARK RIDGEMONT               |
|                 3 | FEVER EMPIRE                |
|                 3 | MASKED BUBBLE               |
|                 3 | FANTASIA PARK               |
|                 3 | ROLLERCOASTER BRINGING      |
|                 3 | WIND PHANTOM                |
|                 3 | SHOOTIST SUPERFLY           |
|                 3 | BUBBLE GROSSE               |
|                 3 | SIMON NORTH                 |
|                 3 | SPARTACUS CHEAPER           |
|                 3 | SNATCH SLIPPER              |
|                 3 | MUSIC BOONDOCK              |
|                 3 | IMPACT ALADDIN              |
|                 3 | VOICE PEACH                 |
|                 3 | DEER VIRGINIAN              |
|                 3 | HARDLY ROBBERS              |
|                 3 | FREDDY STORM                |
|                 3 | LOUISIANA HARRY             |
|                 3 | SHANE DARKNESS              |
|                 3 | CONGENIALITY QUEST          |
|                 3 | EDGE KISSING                |
|                 3 | LOST BIRD                   |
|                 3 | HATE HANDICAP               |
|                 3 | SOMETHING DUCK              |
|                 3 | BLINDNESS GUN               |
|                 3 | CONVERSATION DOWNHILL       |
|                 3 | BILKO ANONYMOUS             |
|                 3 | HOLY TADPOLE                |
|                 3 | MARRIED GO                  |
|                 3 | TARZAN VIDEOTAPE            |
|                 3 | TRANSLATION SUMMER          |
|                 3 | EXPECATIONS NATURAL         |
|                 3 | REIGN GENTLEMEN             |
|                 3 | SNOWMAN ROLLERCOASTER       |
|                 3 | FORWARD TEMPLE              |
|                 3 | SLING LUKE                  |
|                 3 | VIRTUAL SPOILERS            |
|                 3 | DELIVERANCE MULHOLLAND      |
|                 3 | EASY GLADIATOR              |
|                 3 | IMPOSSIBLE PREJUDICE        |
|                 3 | CYCLONE FAMILY              |
|                 3 | DESTINATION JERK            |
|                 3 | ISLAND EXORCIST             |
|                 3 | BEAR GRACELAND              |
|                 3 | ROCKY WAR                   |
|                 3 | GREASE YOUTH                |
|                 3 | TWISTED PIRATES             |
|                 3 | CREATURES SHAKESPEARE       |
|                 3 | SISTER FREDDY               |
|                 3 | SHREK LICENSE               |
|                 3 | UNDEFEATED DALMATIONS       |
|                 3 | POND SEATTLE                |
|                 3 | CHRISTMAS MOONSHINE         |
|                 3 | SUPER WYOMING               |
|                 3 | ZORRO ARK                   |
|                 3 | CONTROL ANTHEM              |
|                 3 | MILE MULAN                  |
|                 3 | SUICIDES SILENCE            |
|                 3 | MASSACRE USUAL              |
|                 3 | TEQUILA PAST                |
|                 3 | SEABISCUIT PUNK             |
|                 3 | BUTCH PANTHER               |
|                 3 | RAGING AIRPLANE             |
|                 3 | SADDLE ANTITRUST            |
|                 3 | GRIT CLOCKWORK              |
|                 3 | INFORMER DOUBLE             |
|                 3 | GOSFORD DONNIE              |
|                 3 | FIGHT JAWBREAKER            |
|                 3 | CURTAIN VIDEOTAPE           |
|                 3 | DUFFEL APOCALYPSE           |
|                 3 | ANNIE IDENTITY              |
|                 3 | FORRESTER COMANCHEROS       |
|                 3 | GO PURPLE                   |
|                 3 | MOCKINGBIRD HOLLYWOOD       |
|                 3 | STREAK RIDGEMONT            |
|                 3 | TRACY CIDER                 |
|                 3 | STRAIGHT HOURS              |
|                 3 | TOURIST PELICAN             |
|                 3 | COMA HEAD                   |
|                 3 | KISSING DOLLS               |
|                 3 | SECRET GROUNDHOG            |
|                 3 | TURN STAR                   |
|                 3 | PANIC CLUB                  |
|                 3 | NETWORK PEAK                |
|                 3 | AUTUMN CROW                 |
|                 3 | NAME DETECTIVE              |
|                 3 | RUNAWAY TENENBAUMS          |
|                 3 | CAMPUS REMEMBER             |
|                 3 | LEBOWSKI SOLDIERS           |
|                 3 | TUXEDO MILE                 |
|                 3 | TRADING PINOCCHIO           |
|                 3 | STEEL SANTA                 |
|                 3 | HOCUS FRIDA                 |
|                 3 | SLUMS DUCK                  |
|                 3 | ELIZABETH SHANE             |
|                 3 | ANYTHING SAVANNAH           |
|                 3 | HANKY OCTOBER               |
|                 3 | SASSY PACKER                |
|                 3 | GARDEN ISLAND               |
|                 3 | EARTH VISION                |
|                 3 | LION UNCUT                  |
|                 3 | JEKYLL FROGMEN              |
|                 3 | VARSITY TRIP                |
|                 3 | DETECTIVE VISION            |
|                 4 | BETRAYED REAR               |
|                 4 | SABRINA MIDNIGHT            |
|                 4 | SINNERS ATLANTIS            |
|                 4 | BRAVEHEART HUMAN            |
|                 4 | CASABLANCA SUPER            |
|                 4 | ISHTAR ROCKETEER            |
|                 4 | MAGIC MALLRATS              |
|                 4 | WORST BANGER                |
|                 4 | CLUB GRAFFITI               |
|                 4 | FLINTSTONES HAPPINESS       |
|                 4 | HEDWIG ALTER                |
|                 4 | STEPMOM DREAM               |
|                 4 | CINCINATTI WHISPERER        |
|                 4 | GROSSE WONDERFUL            |
|                 4 | HARPER DYING                |
|                 4 | PATRIOT ROMAN               |
|                 4 | BRIGHT ENCOUNTERS           |
|                 4 | CLYDE THEORY                |
|                 4 | LOSE INCH                   |
|                 4 | DISTURBING SCARFACE         |
|                 4 | HUSTLER PARTY               |
|                 4 | ARIZONA BANG                |
|                 4 | CONFESSIONS MAGUIRE         |
|                 4 | DORADO NOTTING              |
|                 4 | NEWTON LABYRINTH            |
|                 4 | QUILLS BULL                 |
|                 4 | BIRDCAGE CASPER             |
|                 4 | CABIN FLASH                 |
|                 4 | CAT CONEHEADS               |
|                 4 | DESPERATE TRAINSPOTTING     |
|                 4 | HOTEL HAPPINESS             |
|                 4 | HUNTER ALTER                |
|                 4 | NATURAL STOCK               |
|                 4 | JERICHO MULAN               |
|                 4 | AMISTAD MIDSUMMER           |
|                 4 | BULWORTH COMMANDMENTS       |
|                 4 | IDENTITY LOVER              |
|                 4 | ALAMO VIDEOTAPE             |
|                 4 | REEF SALUTE                 |
|                 4 | SILENCE KANE                |
|                 4 | ENEMY ODDS                  |
|                 4 | KENTUCKIAN GIANT            |
|                 4 | SALUTE APOLLO               |
|                 4 | JEDI BENEATH                |
|                 4 | DATE SPEED                  |
|                 4 | FURY MURDER                 |
|                 4 | REAP UNFAITHFUL             |
|                 4 | APACHE DIVINE               |
|                 4 | SLEEPLESS MONSOON           |
|                 4 | BLOOD ARGONAUTS             |
|                 4 | COMMANDMENTS EXPRESS        |
|                 4 | TOWERS HURRICANE            |
|                 4 | PATIENT SISTER              |
|                 4 | TOWN ARK                    |
|                 4 | GLASS DYING                 |
|                 4 | LAWLESS VISION              |
|                 4 | MOSQUITO ARMAGEDDON         |
|                 4 | PRIDE ALAMO                 |
|                 4 | BLUES INSTINCT              |
|                 4 | CROWDS TELEMARK             |
|                 4 | LADYBUGS ARMAGEDDON         |
|                 4 | MADRE GABLES                |
|                 4 | TRIP NEWTON                 |
|                 4 | HOPE TOOTSIE                |
|                 4 | STRICTLY SCARFACE           |
|                 4 | TRAINSPOTTING STRANGERS     |
|                 4 | DREAM PICKUP                |
|                 4 | INSECTS STONE               |
|                 4 | ROUGE SQUAD                 |
|                 4 | FIDELITY DEVIL              |
|                 4 | GUNFIGHT MOON               |
|                 4 | GUNFIGHTER MUSSOLINI        |
|                 4 | RANGE MOONWALKER            |
|                 4 | BLANKET BEVERLY             |
|                 4 | DECEIVER BETRAYED           |
|                 4 | ENTRAPMENT SATISFACTION     |
|                 4 | HUMAN GRAFFITI              |
|                 4 | SORORITY QUEEN              |
|                 4 | TRAIN BUNCH                 |
|                 4 | DIARY PANIC                 |
|                 4 | DOWNHILL ENOUGH             |
|                 4 | OPUS ICE                    |
|                 4 | PEARL DESTINY               |
|                 4 | ENCOUNTERS CURTAIN          |
|                 4 | WINDOW SIDE                 |
|                 4 | CLERKS ANGELS               |
|                 4 | CORE SUIT                   |
|                 4 | FEUD FROGMEN                |
|                 4 | LEGEND JEDI                 |
|                 4 | PARADISE SABRINA            |
|                 4 | WONDERFUL DROP              |
|                 4 | CANDIDATE PERDITION         |
|                 4 | CHAMPION FLATLINERS         |
|                 4 | TIMBERLAND SKY              |
|                 4 | BEVERLY OUTLAW              |
|                 4 | WITCHES PANIC               |
|                 4 | MYSTIC TRUMAN               |
|                 4 | ORIENT CLOSER               |
|                 4 | SEARCHERS WAIT              |
|                 4 | VALLEY PACKER               |
|                 4 | AIRPORT POLLOCK             |
|                 4 | EXPENDABLE STALLION         |
|                 4 | GANGS PRIDE                 |
|                 4 | OTHERS SOUP                 |
|                 4 | DAUGHTER MADIGAN            |
|                 4 | REMEMBER DIARY              |
|                 4 | COLDBLOODED DARLING         |
|                 4 | HOOK CHARIOTS               |
|                 4 | GOLDFINGER SENSIBILITY      |
|                 4 | WRATH MILE                  |
|                 4 | ACE GOLDFINGER              |
|                 4 | BIRDS PERDITION             |
|                 4 | MAGUIRE APACHE              |
|                 4 | GREEK EVERYONE              |
|                 4 | ALICE FANTASIA              |
|                 4 | ATTACKS HATE                |
|                 4 | CHISUM BEHAVIOR             |
|                 4 | ELEMENT FREDDY              |
|                 4 | VERTIGO NORTHWEST           |
|                 4 | CENTER DINOSAUR             |
|                 4 | WARS PLUTO                  |
|                 4 | STEERS ARMAGEDDON           |
|                 4 | SHRUNK DIVINE               |
|                 4 | ESCAPE METROPOLIS           |
|                 4 | CONSPIRACY SPIRIT           |
|                 4 | OUTFIELD MASSACRE           |
|                 4 | SLEEPING SUSPECTS           |
|                 4 | ALTER VICTORY               |
|                 4 | CELEBRITY HORN              |
|                 4 | TRAFFIC HOBBIT              |
|                 4 | LOVE SUICIDES               |
|                 4 | DARKO DORADO                |
|                 4 | FALCON VOLUME               |
|                 4 | RIVER OUTLAW                |
|                 4 | WILD APOLLO                 |
|                 4 | GILBERT PELICAN             |
|                 4 | ATTRACTION NEWTON           |
|                 5 | CATCH AMISTAD               |
|                 5 | FIRE WOLVES                 |
|                 5 | JAWBREAKER BROOKLYN         |
|                 5 | MILLION ACE                 |
|                 5 | PRINCESS GIANT              |
|                 5 | DEVIL DESIRE                |
|                 5 | PATHS CONTROL               |
|                 5 | PRIVATE DROP                |
|                 5 | USUAL UNTOUCHABLES          |
|                 5 | PEAK FOREVER                |
|                 5 | PIANIST OUTFIELD            |
|                 5 | PRESIDENT BANG              |
|                 5 | REDEMPTION COMFORTS         |
|                 5 | SONG HEDWIG                 |
|                 5 | VICTORY ACADEMY             |
|                 5 | BARBARELLA STREETCAR        |
|                 5 | HAPPINESS UNITED            |
|                 5 | MANNEQUIN WORST             |
|                 5 | ORANGE GRAPES               |
|                 5 | ROBBERS JOON                |
|                 5 | EXORCIST STING              |
|                 5 | HEARTBREAKERS BRIGHT        |
|                 5 | DIRTY ACE                   |
|                 5 | KILLER INNOCENT             |
|                 5 | SHEPHERD MIDSUMMER          |
|                 5 | BEAST HUNCHBACK             |
|                 5 | BREAKFAST GOLDFINGER        |
|                 5 | MULAN MOON                  |
|                 5 | STORY SIDE                  |
|                 5 | SIERRA DIVIDE               |
|                 5 | SUNRISE LEAGUE              |
|                 5 | ANALYZE HOOSIERS            |
|                 5 | SUIT WALLS                  |
|                 5 | BED HIGHBALL                |
|                 5 | ELF MURDER                  |
|                 5 | PITTSBURGH HUNCHBACK        |
|                 5 | DOUBTFIRE LABYRINTH         |
|                 5 | ELEPHANT TROJAN             |
|                 5 | PERDITION FARGO             |
|                 5 | WALLS ARTIST                |
|                 5 | WONDERLAND CHRISTMAS        |
|                 5 | BINGO TALENTED              |
|                 5 | COMANCHEROS ENEMY           |
|                 5 | DESERT POSEIDON             |
|                 5 | GHOST GROUNDHOG             |
|                 5 | ARGONAUTS TOWN              |
|                 5 | GASLIGHT CRUSADE            |
|                 5 | PELICAN COMFORTS            |
|                 5 | SCISSORHANDS SLUMS          |
|                 5 | SHINING ROSES               |
|                 5 | TROOPERS METAL              |
|                 5 | APOCALYPSE FLAMINGOS        |
|                 5 | LOSER HUSTLER               |
|                 5 | MALLRATS UNITED             |
|                 5 | TOOTSIE PILOT               |
|                 5 | ROOF CHAMPION               |
|                 5 | TENENBAUMS COMMAND          |
|                 5 | YOUTH KICK                  |
|                 5 | BEAUTY GREASE               |
|                 5 | EYES DRIVING                |
|                 5 | HUNTING MUSKETEERS          |
|                 5 | IGBY MAKER                  |
|                 5 | WOMEN DORADO                |
|                 5 | TIGHTS DAWN                 |
|                 5 | CRYSTAL BREAKING            |
|                 5 | OCTOBER SUBMARINE           |
|                 5 | ALLEY EVOLUTION             |
|                 5 | BOWFINGER GABLES            |
|                 5 | DAY UNFAITHFUL              |
|                 5 | HIGHBALL POTTER             |
|                 5 | SWEDEN SHINING              |
|                 5 | GRAPES FURY                 |
|                 5 | KANE EXORCIST               |
|                 5 | WHALE BIKINI                |
|                 5 | ALI FOREVER                 |
|                 5 | CONTACT ANONYMOUS           |
|                 5 | FREEDOM CLEOPATRA           |
|                 5 | SUGAR WONKA                 |
|                 5 | VIDEOTAPE ARSENIC           |
|                 5 | DYNAMITE TARZAN             |
|                 5 | FINDING ANACONDA            |
|                 5 | AMERICAN CIRCUS             |
|                 5 | MISSION ZOOLANDER           |
|                 5 | FIREBALL PHILADELPHIA       |
|                 5 | WATCH TRACY                 |
|                 5 | WORKING MICROCOSMOS         |
|                 5 | AIRPLANE SIERRA             |
|                 5 | RIDGEMONT SUBMARINE         |
|                 5 | ODDS BOOGIE                 |
|                 5 | REDS POCUS                  |
|                 5 | EVERYONE CRAFT              |
|                 5 | INCH JET                    |
|                 5 | JASON TRAP                  |
|                 5 | PITY BOUND                  |
|                 5 | SPIRITED CASUALTIES         |
|                 5 | DANCES NONE                 |
|                 5 | ENDING CROWDS               |
|                 5 | HONEY TIES                  |
|                 5 | STRANGERS GRAFFITI          |
|                 5 | HAMLET WISDOM               |
|                 5 | ROXANNE REBEL               |
|                 5 | VAMPIRE WHALE               |
|                 5 | AFRICAN EGG                 |
|                 5 | BLACKOUT PRIVATE            |
|                 5 | GUN BONNIE                  |
|                 5 | MOONSHINE CABIN             |
|                 5 | MUSCLE BRIGHT               |
|                 5 | SQUAD FISH                  |
|                 5 | JEOPARDY ENCINO             |
|                 5 | TEEN APOLLO                 |
|                 5 | COWBOY DOOM                 |
|                 5 | FORREST SONS                |
|                 5 | PLATOON INSTINCT            |
|                 5 | YOUNG LANGUAGE              |
|                 5 | CIDER DESIRE                |
|                 5 | GUYS FALCON                 |
|                 5 | VOLCANO TEXAS               |
|                 5 | WON DARES                   |
|                 5 | BROTHERHOOD BLANKET         |
|                 5 | EARRING INSTINCT            |
|                 5 | CHOCOLAT HARRY              |
|                 5 | HALL CASSIDY                |
|                 5 | MADISON TRAP                |
|                 5 | DADDY PITTSBURGH            |
|                 5 | PIZZA JUMANJI               |
|                 5 | TREATMENT JEKYLL            |
|                 5 | UPRISING UPTOWN             |
|                 5 | UNTOUCHABLES SUNRISE        |
|                 5 | ZOOLANDER FICTION           |
|                 5 | CLONES PINOCCHIO            |
|                 5 | FREAKY POCUS                |
|                 5 | WAKE JAWS                   |
|                 5 | QUEST MUSSOLINI             |
|                 5 | SCALAWAG DUCK               |
|                 5 | CASPER DRAGONFLY            |
|                 5 | POCUS PULP                  |
|                 5 | AFFAIR PREJUDICE            |
|                 5 | FARGO GANDHI                |
|                 5 | INTERVIEW LIAISONS          |
|                 5 | ANACONDA CONFESSIONS        |
|                 5 | BLADE POLISH                |
|                 5 | SILVERADO GOLDFINGER        |
|                 5 | EGYPT TENENBAUMS            |
|                 5 | PANTHER REDS                |
|                 5 | STAR OPERATION              |
|                 5 | VANISHING ROCKY             |
|                 5 | CASUALTIES ENCINO           |
|                 5 | LOATHING LEGALLY            |
|                 5 | WASH HEAVENLY               |
|                 5 | MOTHER OLEANDER             |
|                 5 | MODERN DORADO               |
|                 5 | KILL BROTHERHOOD            |
|                 5 | CLOCKWORK PARADISE          |
|                 5 | NORTH TEQUILA               |
|                 5 | GONE TROUBLE                |
|                 5 | BROOKLYN DESERT             |
|                 5 | PICKUP DRIVING              |
|                 5 | HAUNTING PIANIST            |
|                 5 | ADAPTATION HOLES            |
|                 5 | VOLUME HOUSE                |
|                 5 | RUSH GOODFELLAS             |
|                 5 | SUN CONFESSIONS             |
|                 5 | HAUNTED ANTITRUST           |
|                 5 | TALENTED HOMICIDE           |
|                 5 | HEAVYWEIGHTS BEAST          |
|                 5 | SATISFACTION CONFIDENTIAL   |
|                 5 | TEMPLE ATTRACTION           |
|                 5 | DIVINE RESURRECTION         |
|                 5 | RESURRECTION SILVERADO      |
|                 5 | RULES HUMAN                 |
|                 5 | GRAIL FRANKENSTEIN          |
|                 5 | VISION TORQUE               |
|                 5 | COMFORTS RUSH               |
|                 5 | ROSES TREASURE              |
|                 5 | EGG IGBY                    |
|                 5 | JAWS HARRY                  |
|                 5 | BEHAVIOR RUNAWAY            |
|                 5 | PEACH INNOCENT              |
|                 5 | HOLOCAUST HIGHBALL          |
|                 5 | MONSOON CAUSE               |
|                 5 | FIREHOUSE VIETNAM           |
|                 5 | CHILL LUCK                  |
|                 5 | VOYAGE LEGALLY              |
|                 5 | PAJAMA JAWBREAKER           |
|                 5 | OUTBREAK DIVINE             |
|                 5 | HORROR REIGN                |
|                 5 | TORQUE BOUND                |
|                 5 | KWAI HOMEWARD               |
|                 5 | MAJESTIC FLOATS             |
|                 5 | CHASING FIGHT               |
|                 5 | NEMO CAMPUS                 |
|                 5 | ENGLISH BULWORTH            |
|                 5 | SWEETHEARTS SUSPECTS        |
|                 5 | FLOATS GARDEN               |
|                 5 | FRIDA SLIPPER               |
|                 6 | CHANCE RESURRECTION         |
|                 6 | CONFUSED CANDLES            |
|                 6 | DIVIDE MONSTER              |
|                 6 | HILLS NEIGHBORS             |
|                 6 | HOME PITY                   |
|                 6 | BUCKET BROTHERHOOD          |
|                 6 | GRINCH MASSAGE              |
|                 6 | HOURS RAGE                  |
|                 6 | LABYRINTH LEAGUE            |
|                 6 | LEAGUE HELLFIGHTERS         |
|                 6 | MADIGAN DORADO              |
|                 6 | MEMENTO ZOOLANDER           |
|                 6 | RAIDERS ANTITRUST           |
|                 6 | STAGECOACH ARMAGEDDON       |
|                 6 | TIES HUNGER                 |
|                 6 | GLORY TRACY                 |
|                 6 | HALF OUTFIELD               |
|                 6 | HOLIDAY GAMES               |
|                 6 | OPPOSITE NECKLACE           |
|                 6 | SPIKING ELEMENT             |
|                 6 | CHAPLIN LICENSE             |
|                 6 | KING EVOLUTION              |
|                 6 | METROPOLIS COMA             |
|                 6 | LOLA AGENT                  |
|                 6 | NONE SPIKING                |
|                 6 | PAST SUICIDES               |
|                 6 | POTLUCK MIXED               |
|                 6 | RAINBOW SHOCK               |
|                 6 | RUGRATS SHAKESPEARE         |
|                 6 | BOOGIE AMELIE               |
|                 6 | CLUE GRAIL                  |
|                 6 | DAWN POND                   |
|                 6 | JET NEIGHBORS               |
|                 6 | SWEET BROTHERHOOD           |
|                 6 | CRANES RESERVOIR            |
|                 6 | RACER EGG                   |
|                 6 | SWARM GOLD                  |
|                 6 | DINOSAUR SECRETARY          |
|                 6 | BASIC EASY                  |
|                 6 | KICK SAVANNAH               |
|                 6 | SAVANNAH TOWN               |
|                 6 | TRUMAN CRAZY                |
|                 6 | WOLVES DESIRE               |
|                 6 | BANGER PINOCCHIO            |
|                 6 | GRAFFITI LOVE               |
|                 6 | HEAVENLY GUN                |
|                 6 | SLEEPY JAPANESE             |
|                 6 | WARLOCK WEREWOLF            |
|                 6 | WAGON JAWS                  |
|                 6 | WYOMING STORM               |
|                 6 | BALLOON HOMEWARD            |
|                 6 | TRAMP OTHERS                |
|                 6 | SECRETARY ROUGE             |
|                 6 | WIFE TURN                   |
|                 6 | BEETHOVEN EXORCIST          |
|                 6 | NOON PAPI                   |
|                 6 | SMOKING BARBARELLA          |
|                 6 | STAMPEDE DISTURBING         |
|                 6 | CREEPERS KANE               |
|                 6 | EVE RESURRECTION            |
|                 6 | FULL FLATLINERS             |
|                 6 | LUCK OPUS                   |
|                 6 | SEATTLE EXPECATIONS         |
|                 6 | WORDS HUNTER                |
|                 6 | PARK CITIZEN                |
|                 6 | SENSIBILITY REAR            |
|                 6 | LOVELY JINGLE               |
|                 6 | TYCOON GATHERING            |
|                 6 | WESTWARD SEABISCUIT         |
|                 6 | CRAFT OUTFIELD              |
|                 6 | PARIS WEEKEND               |
|                 6 | TEXAS WATCH                 |
|                 6 | MONTEREY LABYRINTH          |
|                 6 | NOVOCAINE FLIGHT            |
|                 6 | PERFECT GROOVE              |
|                 6 | CONQUERER NUTS              |
|                 6 | FACTORY DRAGON              |
|                 6 | HOLLYWOOD ANONYMOUS         |
|                 6 | ICE CROSSING                |
|                 6 | JEEPERS WEDDING             |
|                 6 | LANGUAGE COWBOY             |
|                 6 | GREATEST NORTH              |
|                 6 | JUNGLE CLOSER               |
|                 6 | SONS INTERVIEW              |
|                 6 | DALMATIONS SWEDEN           |
|                 6 | AMADEUS HOLY                |
|                 6 | CANYON STOCK                |
|                 6 | UNITED PILOT                |
|                 6 | IDAHO LOVE                  |
|                 6 | LIAISONS SWEET              |
|                 6 | MIXED DOORS                 |
|                 6 | SANTA PARIS                 |
|                 6 | WATERSHIP FRONTIER          |
|                 6 | BILL OTHERS                 |
|                 6 | SHAKESPEARE SADDLE          |
|                 6 | MOD SECRETARY               |
|                 6 | POLLOCK DELIVERANCE         |
|                 6 | AMELIE HELLFIGHTERS         |
|                 6 | DANCING FEVER               |
|                 6 | DOZEN LION                  |
|                 6 | GODFATHER DIARY             |
|                 6 | CROOKED FROGMEN             |
|                 6 | FROGMEN BREAKING            |
|                 6 | SIDE ARK                    |
|                 6 | ENCINO ELF                  |
|                 6 | MEET CHOCOLATE              |
|                 6 | INTOLERABLE INTENTIONS      |
|                 6 | BIRCH ANTITRUST             |
|                 6 | HARRY IDAHO                 |
|                 6 | MINDS TRUMAN                |
|                 6 | DOCTOR GRAIL                |
|                 6 | MICROCOSMOS PARADISE        |
|                 6 | EAGLES PANKY                |
|                 6 | THEORY MERMAID              |
|                 6 | FRONTIER CABIN              |
|                 6 | OSCAR GOLD                  |
|                 6 | SPEED SUIT                  |
|                 6 | WASTELAND DIVINE            |
|                 6 | ALIEN CENTER                |
|                 6 | GRACELAND DYNAMITE          |
|                 6 | LORD ARIZONA                |
|                 6 | RUN PACIFIC                 |
|                 6 | KNOCK WARLOCK               |
|                 6 | MULHOLLAND BEAST            |
|                 6 | EARLY HOME                  |
|                 6 | JUMANJI BLADE               |
|                 6 | POSEIDON FOREVER            |
|                 6 | MERMAID INSECTS             |
|                 6 | GUMP DATE                   |
|                 6 | QUEEN LUKE                  |
|                 6 | REBEL AIRPORT               |
|                 6 | CLOSER BANG                 |
|                 6 | FATAL HAUNTED               |
|                 6 | HYDE DOCTOR                 |
|                 6 | TAXI KICK                   |
|                 6 | MAUDE MOD                   |
|                 6 | MOB DUFFEL                  |
|                 6 | DAZED PUNK                  |
|                 6 | VACATION BOONDOCK           |
|                 6 | WATERFRONT DELIVERANCE      |
|                 6 | GLADIATOR WESTWARD          |
|                 6 | EVOLUTION ALTER             |
|                 6 | CAUSE DATE                  |
|                 6 | SECRETS PARADISE            |
|                 6 | ZHIVAGO CORE                |
|                 6 | GILMORE BOILED              |
|                 6 | TOMORROW HUSTLER            |
|                 6 | BREAKING HOME               |
|                 6 | LEGALLY SECRETARY           |
|                 6 | DIVORCE SHINING             |
|                 7 | BACKLASH UNDEFEATED         |
|                 7 | CAPER MOTIONS               |
|                 7 | MAGNOLIA FORRESTER          |
|                 7 | MOURNING PURPLE             |
|                 7 | STREETCAR INTENTIONS        |
|                 7 | MADNESS ATTACKS             |
|                 7 | PLUTO OLEANDER              |
|                 7 | REUNION WITCHES             |
|                 7 | MONEY HAROLD                |
|                 7 | PILOT HOOSIERS              |
|                 7 | SUNDANCE INVASION           |
|                 7 | ARMAGEDDON LOST             |
|                 7 | BUTTERFLY CHOCOLAT          |
|                 7 | CLASH FREDDY                |
|                 7 | CLEOPATRA DEVIL             |
|                 7 | MONSTER SPARTACUS           |
|                 7 | TITANS JERK                 |
|                 7 | ARTIST COLDBLOODED          |
|                 7 | HIGH ENCINO                 |
|                 7 | ROCKETEER MOTHER            |
|                 7 | BENEATH RUSH                |
|                 7 | CARRIE BUNCH                |
|                 7 | DESIRE ALIEN                |
|                 7 | ORDER BETRAYED              |
|                 7 | OUTLAW HANKY                |
|                 7 | SEVEN SWARM                 |
|                 7 | PRIX UNDEFEATED             |
|                 7 | RIGHT CRANES                |
|                 7 | DRIFTER COMMANDMENTS        |
|                 7 | POTTER CONNECTICUT          |
|                 7 | BALLROOM MOCKINGBIRD        |
|                 7 | GROOVE FICTION              |
|                 7 | NASH CHOCOLAT               |
|                 7 | PUNK DIVORCE                |
|                 7 | RUSHMORE MERMAID            |
|                 7 | STING PERSONAL              |
|                 7 | THIEF PELICAN               |
|                 7 | ANTITRUST TOMATOES          |
|                 7 | EXTRAORDINARY CONQUERER     |
|                 7 | MAGNIFICENT CHITTY          |
|                 7 | SCARFACE BANG               |
|                 7 | SENSE GREEK                 |
|                 7 | BANG KWAI                   |
|                 7 | DISCIPLE MOTHER             |
|                 7 | EFFECT GLADIATOR            |
|                 7 | GROUNDHOG UNCUT             |
|                 7 | UNFORGIVEN ZOOLANDER        |
|                 7 | CAROL TEXAS                 |
|                 7 | CONNECTICUT TRAMP           |
|                 7 | CONNECTION MICROCOSMOS      |
|                 7 | DONNIE ALLEY                |
|                 7 | NATIONAL STORY              |
|                 7 | TELEGRAPH VOYAGE            |
|                 7 | WEREWOLF LOLA               |
|                 7 | DUDE BLINDNESS              |
|                 7 | INVASION CYCLONE            |
|                 7 | SLIPPER FIDELITY            |
|                 7 | DRIVING POLISH              |
|                 7 | DRUMS DYNAMITE              |
|                 7 | GORGEOUS BINGO              |
|                 7 | LOVER TRUMAN                |
|                 7 | MUSSOLINI SPOILERS          |
|                 7 | STOCK GLASS                 |
|                 7 | TRAP GUYS                   |
|                 7 | LEATHERNECKS DWARFS         |
|                 7 | CHAMBER ITALIAN             |
|                 7 | DOGMA FAMILY                |
|                 7 | UPTOWN YOUNG                |
|                 7 | SLEUTH ORIENT               |
|                 7 | LIBERTY MAGNIFICENT         |
|                 7 | MARS ROMAN                  |
|                 7 | DESTINY SATURDAY            |
|                 7 | PRIMARY GLASS               |
|                 7 | ALASKA PHANTOM              |
|                 7 | INTRIGUE WORST              |
|                 7 | STALLION SUNDANCE           |
|                 7 | HOMEWARD CIDER              |
|                 7 | MALKOVICH PET               |
|                 7 | RAGE GAMES                  |
|                 7 | DAISY MENAGERIE             |
|                 7 | PET HAUNTING                |
|                 7 | WISDOM WORKER               |
|                 7 | BEDAZZLED MARRIED           |
|                 7 | FROST HEAD                  |
|                 7 | HANDICAP BOONDOCK           |
|                 7 | MOONWALKER FOOL             |
|                 7 | HANGING DEEP                |
|                 7 | LIES TREATMENT              |
|                 7 | SUPERFLY TRIP               |
|                 7 | ARMY FLINTSTONES            |
|                 7 | LUST LOCK                   |
|                 7 | UNCUT SUICIDES              |
|                 7 | CADDYSHACK JEDI             |
|                 7 | FRENCH HOLIDAY              |
|                 7 | HALLOWEEN NUTS              |
|                 7 | BORROWERS BEDAZZLED         |
|                 7 | HAROLD FRENCH               |
|                 7 | SIEGE MADRE                 |
|                 7 | COLOR PHILADELPHIA          |
|                 7 | GOLDMINE TYCOON             |
|                 7 | ILLUSION AMELIE             |
|                 7 | SPOILERS HELLFIGHTERS       |
|                 7 | HAWK CHILL                  |
|                 7 | NEIGHBORS CHARADE           |
|                 7 | DEEP CRUSADE                |
|                 7 | HANOVER GALAXY              |
|                 7 | TREASURE COMMAND            |
|                 7 | PULP BEVERLY                |
|                 7 | SAGEBRUSH CLUELESS          |
|                 7 | CASSIDY WYOMING             |
|                 7 | CANDLES GRAPES              |
|                 7 | CHOCOLATE DUCK              |
|                 7 | WANDA CHAMBER               |
|                 7 | KISS GLORY                  |
|                 7 | STATE WASTELAND             |
|                 7 | FELLOWSHIP AUTUMN           |
|                 7 | BEACH HEARTBREAKERS         |
|                 7 | AGENT TRUMAN                |
|                 7 | FLASH WARS                  |
|                 8 | CUPBOARD SINNERS            |
|                 8 | DOOM DANCING                |
|                 8 | DRIVER ANNIE                |
|                 8 | MAIDEN HOME                 |
|                 8 | RESERVOIR ADAPTATION        |
|                 8 | BOULEVARD MOB               |
|                 8 | DANGEROUS UPTOWN            |
|                 8 | NECKLACE OUTBREAK           |
|                 8 | APOLLO TEEN                 |
|                 8 | WORLD LEATHERNECKS          |
|                 8 | ARACHNOPHOBIA ROLLERCOASTER |
|                 8 | BADMAN DAWN                 |
|                 8 | CHICAGO NORTH               |
|                 8 | FICTION CHRISTMAS           |
|                 8 | SHIP WONDERLAND             |
|                 8 | CARIBBEAN LIBERTY           |
|                 8 | KARATE MOON                 |
|                 8 | UNFAITHFUL KILL             |
|                 8 | RECORDS ZORRO               |
|                 8 | GANDHI KWAI                 |
|                 8 | JADE BUNCH                  |
|                 8 | PACIFIC AMISTAD             |
|                 8 | SUMMER SCARFACE             |
|                 8 | TROJAN TOMORROW             |
|                 8 | WARDROBE PHANTOM            |
|                 8 | IDOLS SNATCHERS             |
|                 8 | MOVIE SHAKESPEARE           |
|                 8 | PANKY SUBMARINE             |
|                 8 | SEA VIRGIN                  |
|                 8 | SPINAL ROCKY                |
|                 8 | SUSPECTS QUILLS             |
|                 8 | DROP WATERFRONT             |
|                 8 | MIGHTY LUCK                 |
|                 8 | REQUIEM TYCOON              |
|                 8 | VIRGINIAN PLUTO             |
|                 8 | PURPLE MOVIE                |
|                 8 | TADPOLE PARK                |
|                 8 | DOUBLE WRATH                |
|                 8 | GREEDY ROOTS                |
|                 8 | HOMICIDE PEACH              |
|                 8 | LADY STAGE                  |
|                 8 | MUPPET MILE                 |
|                 8 | ALONE TRIP                  |
|                 8 | TROUBLE DATE                |
|                 8 | JERK PAYCHECK               |
|                 8 | ROAD ROXANNE                |
|                 8 | ROCK INSTINCT               |
|                 8 | VIRGIN DAISY                |
|                 8 | BABY HALL                   |
|                 8 | NEWSIES STORY               |
|                 8 | EXCITEMENT EVE              |
|                 8 | HOBBIT ALIEN                |
|                 8 | COMMAND DARLING             |
|                 8 | GENTLEMEN STAGE             |
|                 8 | SCORPION APOLLO             |
|                 8 | BUNCH MINDS                 |
|                 8 | SHANGHAI TYCOON             |
|                 8 | SPY MILE                    |
|                 8 | MURDER ANTITRUST            |
|                 8 | STORM HAPPINESS             |
|                 8 | NORTHWEST POLISH            |
|                 8 | CITIZEN SHREK               |
|                 8 | ALADDIN CALENDAR            |
|                 8 | MODEL FISH                  |
|                 8 | METAL ARMAGEDDON            |
|                 8 | UNBREAKABLE KARATE          |
|                 8 | MOTIONS DETAILS             |
|                 8 | REAR TRADING                |
|                 8 | HORN WORKING                |
|                 8 | FLYING HOOK                 |
|                 8 | LIFE TWISTED                |
|                 8 | LICENSE WEEKEND             |
|                 8 | RUNNER MADIGAN              |
|                 8 | CLUELESS BUCKET             |
|                 8 | GABLES METROPOLIS           |
|                 8 | KRAMER CHOCOLATE            |
|                 8 | BAREFOOT MANCHURIAN         |
|                 8 | DRAGON SQUAD                |
|                 8 | IRON MOON                   |
|                 8 | SMILE EARRING               |
|                 8 | JUMPING WRATH               |
|                 8 | GOODFELLAS SALUTE           |
|                 8 | GLEAMING JAWBREAKER         |
|                 8 | CALENDAR GUNFIGHT           |
|                 8 | BULL SHAWSHANK              |
|                 8 | SCHOOL JACKET               |
|                 8 | BOILED DARES                |
|                 8 | CROSSROADS CASUALTIES       |
|                 8 | EXPRESS LONELY              |
|                 8 | GAMES BOWFINGER             |
|                 9 | DOORS PRESIDENT             |
|                 9 | FEATHERS METAL              |
|                 9 | LUKE MUMMY                  |
|                 9 | OKLAHOMA JUMANJI            |
|                 9 | FRISCO FORREST              |
|                 9 | MASSAGE IMAGE               |
|                 9 | FAMILY SWEET                |
|                 9 | HOUSE DYNAMITE              |
|                 9 | STRANGELOVE DESIRE          |
|                 9 | VELVET TERMINATOR           |
|                 9 | WAR NOTTING                 |
|                 9 | WEST LION                   |
|                 9 | INDEPENDENCE HOTEL          |
|                 9 | JAPANESE RUN                |
|                 9 | WAIT CIDER                  |
|                 9 | ALABAMA DEVIL               |
|                 9 | BORN SPINAL                 |
|                 9 | FLATLINERS KILLER           |
|                 9 | SOLDIERS EVOLUTION          |
|                 9 | WORKER TARZAN               |
|                 9 | ANGELS LIFE                 |
|                 9 | LOVERBOY ATTACKS            |
|                 9 | CONEHEADS SMOOCHY           |
|                 9 | OPEN AFRICAN                |
|                 9 | TOMATOES HELLFIGHTERS       |
|                 9 | DURHAM PANKY                |
|                 9 | STRANGER STRANGERS          |
|                 9 | SATURDAY LAMBS              |
|                 9 | BONNIE HOLOCAUST            |
|                 9 | DUMBO LUST                  |
|                 9 | PATTON INTERVIEW            |
|                 9 | ATLANTIS CAUSE              |
|                 9 | JERSEY SASSY                |
|                 9 | ENOUGH RAGING               |
|                 9 | DARN FORRESTER              |
|                 9 | FLAMINGOS CONNECTICUT       |
|                 9 | SNATCHERS MONTEZUMA         |
|                 9 | FANTASY TROOPERS            |
|                 9 | EMPIRE MALKOVICH            |
|                 9 | RIDER CADDYSHACK            |
|                 9 | WIZARD COLDBLOODED          |
|                 9 | WRONG BEHAVIOR              |
|                 9 | ANONYMOUS HUMAN             |
|                 9 | HYSTERICAL GRAIL            |
|                 9 | MIDNIGHT WESTWARD           |
|                 9 | PERSONAL LADYBUGS           |
|                 9 | JUGGLER HARDLY              |
|                 9 | CRUSADE HONEY               |
|                 9 | INSIDER ARIZONA             |
|                10 | BERETS AGENT                |
|                10 | CHINATOWN GLADIATOR         |
|                10 | WEDDING APOLLO              |
|                10 | JACKET FRISCO               |
|                10 | WEEKEND PERSONAL            |
|                10 | SHAWSHANK BUBBLE            |
|                10 | POLISH BROOKLYN             |
|                10 | DARES PLUTO                 |
|                10 | LUCKY FLYING                |
|                10 | PREJUDICE OLEANDER          |
|                10 | CROW GREASE                 |
|                10 | HOOSIERS BIRDCAGE           |
|                10 | OLEANDER CLUE               |
|                10 | ACADEMY DINOSAUR            |
|                10 | ROOTS REMEMBER              |
|                10 | INDIAN LOVE                 |
|                10 | SAINTS BRIDE                |
|                10 | SPLASH GUMP                 |
|                10 | COAST RAINBOW               |
|                10 | HEAVEN FREEDOM              |
|                10 | SPLENDOR PATTON             |
|                11 | MAKER GABLES                |
|                11 | SUBMARINE BED               |
|                11 | IMAGE PRINCESS              |
|                11 | FIDDLER LOST                |
|                11 | MASK PEACH                  |
|                11 | SPIRIT FLINTSTONES          |
|                11 | TELEMARK HEARTBREAKERS      |
|                11 | SPICE SORORITY              |
|                11 | HOLES BRANNIGAN             |
|                11 | FUGITIVE MAGUIRE            |
|                11 | PINOCCHIO SIMON             |
|                11 | INSTINCT AIRPORT            |
|                11 | RINGS HEARTBREAKERS         |
|                11 | OZ LIAISONS                 |
|                12 | SKY MIRACLE                 |
|                12 | LESSON CLEOPATRA            |
|                12 | ARABIA DOGMA                |
|                12 | LONELY ELEPHANT             |
|                12 | TITANIC BOONDOCK            |
|                12 | HELLFIGHTERS SIERRA         |
|                13 | RANDOM GO                   |
|                13 | MUMMY CREATURES             |
|                13 | CRAZY HOME                  |
|                13 | BOONDOCK BALLROOM           |
|                13 | CHITTY LOCK                 |
|                13 | DRACULA CRYSTAL             |
|                15 | LAMBS CINCINATTI            |
+-------------------+-----------------------------+
997 rows in set (0.01 sec)

mysql> select count(fa.ator_id), f.titulo
    -> from filme_ator fa, ator a, filme f
    -> where fa.ator_id = a.ator_id
    -> and fa.filme_id = f.filme_id
    -> and f.titulo like "A%"
    -> group by titulo order by count(fa.ator_id) asc;
+-------------------+-----------------------------+
| count(fa.ator_id) | titulo                      |
+-------------------+-----------------------------+
|                 2 | ANTHEM LUKE                 |
|                 3 | AUTUMN CROW                 |
|                 3 | ANYTHING SAVANNAH           |
|                 3 | ANNIE IDENTITY              |
|                 3 | ARSENIC INDEPENDENCE        |
|                 3 | ARK RIDGEMONT               |
|                 4 | ALAMO VIDEOTAPE             |
|                 4 | ACE GOLDFINGER              |
|                 4 | AIRPORT POLLOCK             |
|                 4 | APACHE DIVINE               |
|                 4 | ALICE FANTASIA              |
|                 4 | AMISTAD MIDSUMMER           |
|                 4 | ALTER VICTORY               |
|                 4 | ARIZONA BANG                |
|                 4 | ATTACKS HATE                |
|                 4 | ATTRACTION NEWTON           |
|                 5 | ADAPTATION HOLES            |
|                 5 | AFFAIR PREJUDICE            |
|                 5 | AFRICAN EGG                 |
|                 5 | AIRPLANE SIERRA             |
|                 5 | APOCALYPSE FLAMINGOS        |
|                 5 | ALI FOREVER                 |
|                 5 | ALLEY EVOLUTION             |
|                 5 | ANALYZE HOOSIERS            |
|                 5 | ANACONDA CONFESSIONS        |
|                 5 | AMERICAN CIRCUS             |
|                 5 | ARGONAUTS TOWN              |
|                 6 | ALIEN CENTER                |
|                 6 | AMELIE HELLFIGHTERS         |
|                 6 | AMADEUS HOLY                |
|                 7 | ARMAGEDDON LOST             |
|                 7 | ARMY FLINTSTONES            |
|                 7 | AGENT TRUMAN                |
|                 7 | ARTIST COLDBLOODED          |
|                 7 | ALASKA PHANTOM              |
|                 7 | ANTITRUST TOMATOES          |
|                 8 | ALADDIN CALENDAR            |
|                 8 | APOLLO TEEN                 |
|                 8 | ARACHNOPHOBIA ROLLERCOASTER |
|                 8 | ALONE TRIP                  |
|                 9 | ALABAMA DEVIL               |
|                 9 | ANGELS LIFE                 |
|                 9 | ANONYMOUS HUMAN             |
|                 9 | ATLANTIS CAUSE              |
|                10 | ACADEMY DINOSAUR            |
|                12 | ARABIA DOGMA                |
+-------------------+-----------------------------+
46 rows in set (0.00 sec)

mysql> use quitanda;
Database changed
mysql> desc frutas;
+--------------+--------------+------+-----+---------+----------------+
| Field        | Type         | Null | Key | Default | Extra          |
+--------------+--------------+------+-----+---------+----------------+
| id           | int          | NO   | PRI | NULL    | auto_increment |
| nome         | varchar(50)  | NO   |     | NULL    |                |
| quantidade   | int          | NO   |     | NULL    |                |
| cor          | varchar(255) | YES  |     | NULL    |                |
| categoria_id | int          | NO   |     | NULL    |                |
| estado       | varchar(50)  | NO   |     | NULL    |                |
| data         | date         | NO   |     | NULL    |                |
| preco        | float        | YES  |     | NULL    |                |
+--------------+--------------+------+-----+---------+----------------+
8 rows in set (0.01 sec)

mysql> insert into frutas (nome, quantidade, cor, categoria_id, estado, data, preco) values ('Tomate',5, 'Vermelho', 3, Bom, '2023-10-23', 4.99);
ERROR 1054 (42S22): Unknown column 'Bom' in 'field list'
mysql> insert into frutas (nome, quantidade, cor, categoria_id, estado, data, preco) values ('Tomate',5, 'Vermelho', 3, 'Bom', '2023-10-23', 4.99);
Query OK, 1 row affected (0.00 sec)

mysql> select * from frutas;
+----+----------+------------+----------+--------------+---------+------------+-------+
| id | nome     | quantidade | cor      | categoria_id | estado  | data       | preco |
+----+----------+------------+----------+--------------+---------+------------+-------+
|  1 | Laranja  |          1 | NULL     |            1 | bom     | 1999-05-11 |  NULL |
|  2 | Melancia |          2 | NULL     |            1 | Bom     | 2000-05-11 |  NULL |
|  3 | Maça     |          4 | NULL     |            1 | Regular | 1999-05-11 |  NULL |
|  4 | Pêra     |          3 | NULL     |            2 | otimo   | 2000-09-20 |  NULL |
|  5 | Manga    |          4 | NULL     |            1 | Bom     | 2023-10-24 |  2.99 |
|  6 | Caqui    |         69 | Laranja  |            3 | Ruim    | 2009-10-01 |   0.5 |
|  7 | Tomate   |          5 | Vermelho |            3 | Bom     | 2023-10-23 |  4.99 |
+----+----------+------------+----------+--------------+---------+------------+-------+
7 rows in set (0.00 sec)

mysql>
