Enter password: ********
Welcome to the MySQL monitor.  Commands end with ; or \g.
Your MySQL connection id is 20
Server version: 8.1.0 MySQL Community Server - GPL

Copyright (c) 2000, 2023, Oracle and/or its affiliates.

Oracle is a registered trademark of Oracle Corporation and/or its
affiliates. Other names may be trademarks of their respective
owners.

Type 'help;' or '\h' for help. Type '\c' to clear the current input statement.

mysql> use sakila;
Database changed
mysql> desc cidade;
+--------------------+-------------------+------+-----+-------------------+-----------------------------------------------+
| Field              | Type              | Null | Key | Default           | Extra                                         |
+--------------------+-------------------+------+-----+-------------------+-----------------------------------------------+
| cidade_id          | smallint unsigned | NO   | PRI | NULL              | auto_increment                                |
| cidade             | varchar(50)       | NO   |     | NULL              |                                               |
| pais_id            | smallint unsigned | NO   | MUL | NULL              |                                               |
| ultima_atualizacao | timestamp         | NO   |     | CURRENT_TIMESTAMP | DEFAULT_GENERATED on update CURRENT_TIMESTAMP |
+--------------------+-------------------+------+-----+-------------------+-----------------------------------------------+
4 rows in set (0.01 sec)

mysql> desc pais;
+--------------------+-------------------+------+-----+-------------------+-----------------------------------------------+
| Field              | Type              | Null | Key | Default           | Extra                                         |
+--------------------+-------------------+------+-----+-------------------+-----------------------------------------------+
| pais_id            | smallint unsigned | NO   | PRI | NULL              | auto_increment                                |
| pais               | varchar(50)       | NO   |     | NULL              |                                               |
| ultima_atualizacao | timestamp         | NO   |     | CURRENT_TIMESTAMP | DEFAULT_GENERATED on update CURRENT_TIMESTAMP |
+--------------------+-------------------+------+-----+-------------------+-----------------------------------------------+
3 rows in set (0.00 sec)

mysql> select * from cidade where cidade like "A%" or cidade like "%R%";
+-----------+----------------------------+---------+---------------------+
| cidade_id | cidade                     | pais_id | ultima_atualizacao  |
+-----------+----------------------------+---------+---------------------+
|         1 | A Corua (La Corua)         |      87 | 2006-02-15 04:45:25 |
|         2 | Abha                       |      82 | 2006-02-15 04:45:25 |
|         3 | Abu Dhabi                  |     101 | 2006-02-15 04:45:25 |
|         4 | Acua                       |      60 | 2006-02-15 04:45:25 |
|         5 | Adana                      |      97 | 2006-02-15 04:45:25 |
|         6 | Addis Abeba                |      31 | 2006-02-15 04:45:25 |
|         7 | Aden                       |     107 | 2006-02-15 04:45:25 |
|         8 | Adoni                      |      44 | 2006-02-15 04:45:25 |
|         9 | Ahmadnagar                 |      44 | 2006-02-15 04:45:25 |
|        10 | Akishima                   |      50 | 2006-02-15 04:45:25 |
|        11 | Akron                      |     103 | 2006-02-15 04:45:25 |
|        12 | al-Ayn                     |     101 | 2006-02-15 04:45:25 |
|        13 | al-Hawiya                  |      82 | 2006-02-15 04:45:25 |
|        14 | al-Manama                  |      11 | 2006-02-15 04:45:25 |
|        15 | al-Qadarif                 |      89 | 2006-02-15 04:45:25 |
|        16 | al-Qatif                   |      82 | 2006-02-15 04:45:25 |
|        17 | Alessandria                |      49 | 2006-02-15 04:45:25 |
|        18 | Allappuzha (Alleppey)      |      44 | 2006-02-15 04:45:25 |
|        19 | Allende                    |      60 | 2006-02-15 04:45:25 |
|        20 | Almirante Brown            |       6 | 2006-02-15 04:45:25 |
|        21 | Alvorada                   |      15 | 2006-02-15 04:45:25 |
|        22 | Ambattur                   |      44 | 2006-02-15 04:45:25 |
|        23 | Amersfoort                 |      67 | 2006-02-15 04:45:25 |
|        24 | Amroha                     |      44 | 2006-02-15 04:45:25 |
|        25 | Angra dos Reis             |      15 | 2006-02-15 04:45:25 |
|        26 | Anpolis                    |      15 | 2006-02-15 04:45:25 |
|        27 | Antofagasta                |      22 | 2006-02-15 04:45:25 |
|        28 | Aparecida de Goinia        |      15 | 2006-02-15 04:45:25 |
|        29 | Apeldoorn                  |      67 | 2006-02-15 04:45:25 |
|        30 | Araatuba                   |      15 | 2006-02-15 04:45:25 |
|        31 | Arak                       |      46 | 2006-02-15 04:45:25 |
|        32 | Arecibo                    |      77 | 2006-02-15 04:45:25 |
|        33 | Arlington                  |     103 | 2006-02-15 04:45:25 |
|        34 | Ashdod                     |      48 | 2006-02-15 04:45:25 |
|        35 | Ashgabat                   |      98 | 2006-02-15 04:45:25 |
|        36 | Ashqelon                   |      48 | 2006-02-15 04:45:25 |
|        37 | Asuncin                    |      73 | 2006-02-15 04:45:25 |
|        38 | Athenai                    |      39 | 2006-02-15 04:45:25 |
|        39 | Atinsk                     |      80 | 2006-02-15 04:45:25 |
|        40 | Atlixco                    |      60 | 2006-02-15 04:45:25 |
|        41 | Augusta-Richmond County    |     103 | 2006-02-15 04:45:25 |
|        42 | Aurora                     |     103 | 2006-02-15 04:45:25 |
|        43 | Avellaneda                 |       6 | 2006-02-15 04:45:25 |
|        50 | Balikesir                  |      97 | 2006-02-15 04:45:25 |
|        51 | Balurghat                  |      44 | 2006-02-15 04:45:25 |
|        53 | Bandar Seri Begawan        |      16 | 2006-02-15 04:45:25 |
|        55 | Barcelona                  |     104 | 2006-02-15 04:45:25 |
|        63 | Bchar                      |       2 | 2006-02-15 04:45:25 |
|        64 | Beira                      |      63 | 2006-02-15 04:45:25 |
|        70 | Bergamo                    |      49 | 2006-02-15 04:45:25 |
|        71 | Berhampore (Baharampur)    |      44 | 2006-02-15 04:45:25 |
|        72 | Bern                       |      91 | 2006-02-15 04:45:25 |
|        73 | Bhavnagar                  |      44 | 2006-02-15 04:45:25 |
|        74 | Bhilwara                   |      44 | 2006-02-15 04:45:25 |
|        75 | Bhimavaram                 |      44 | 2006-02-15 04:45:25 |
|        78 | Bijapur                    |      44 | 2006-02-15 04:45:25 |
|        81 | Birgunj                    |      66 | 2006-02-15 04:45:25 |
|        85 | Boksburg                   |      85 | 2006-02-15 04:45:25 |
|        88 | Bradford                   |     102 | 2006-02-15 04:45:25 |
|        89 | Braslia                    |      15 | 2006-02-15 04:45:25 |
|        90 | Bratislava                 |      84 | 2006-02-15 04:45:25 |
|        91 | Brescia                    |      49 | 2006-02-15 04:45:25 |
|        92 | Brest                      |      34 | 2006-02-15 04:45:25 |
|        93 | Brindisi                   |      49 | 2006-02-15 04:45:25 |
|        94 | Brockton                   |     103 | 2006-02-15 04:45:25 |
|        95 | Bucuresti                  |      78 | 2006-02-15 04:45:25 |
|        96 | Buenaventura               |      24 | 2006-02-15 04:45:25 |
|       100 | Cam Ranh                   |     105 | 2006-02-15 04:45:25 |
|       101 | Cape Coral                 |     103 | 2006-02-15 04:45:25 |
|       102 | Caracas                    |     104 | 2006-02-15 04:45:25 |
|       103 | Carmen                     |      60 | 2006-02-15 04:45:25 |
|       107 | Chandrapur                 |      44 | 2006-02-15 04:45:25 |
|       110 | Chapra                     |      44 | 2006-02-15 04:45:25 |
|       111 | Charlotte Amalie           |     106 | 2006-02-15 04:45:25 |
|       112 | Chatsworth                 |      85 | 2006-02-15 04:45:25 |
|       117 | Cianjur                    |      45 | 2006-02-15 04:45:25 |
|       119 | Ciparay                    |      45 | 2006-02-15 04:45:25 |
|       120 | Citrus Heights             |     103 | 2006-02-15 04:45:25 |
|       123 | Clarksville                |     103 | 2006-02-15 04:45:25 |
|       124 | Coacalco de Berriozbal     |      60 | 2006-02-15 04:45:25 |
|       128 | Crdoba                     |       6 | 2006-02-15 04:45:25 |
|       131 | Cuernavaca                 |      60 | 2006-02-15 04:45:25 |
|       147 | Dos Quebradas              |      24 | 2006-02-15 04:45:25 |
|       148 | Duisburg                   |      38 | 2006-02-15 04:45:25 |
|       150 | Dzerzinsk                  |      80 | 2006-02-15 04:45:25 |
|       154 | El Fuerte                  |      60 | 2006-02-15 04:45:25 |
|       160 | Erlangen                   |      38 | 2006-02-15 04:45:25 |
|       161 | Escobar                    |       6 | 2006-02-15 04:45:25 |
|       163 | Eskisehir                  |      97 | 2006-02-15 04:45:25 |
|       169 | Firozabad                  |      44 | 2006-02-15 04:45:25 |
|       170 | Florencia                  |      24 | 2006-02-15 04:45:25 |
|       176 | Gandhinagar                |      44 | 2006-02-15 04:45:25 |
|       177 | Garden Grove               |     103 | 2006-02-15 04:45:25 |
|       178 | Garland                    |     103 | 2006-02-15 04:45:25 |
|       184 | Gorontalo                  |      45 | 2006-02-15 04:45:25 |
|       185 | Grand Prairie              |     103 | 2006-02-15 04:45:25 |
|       186 | Graz                       |       9 | 2006-02-15 04:45:25 |
|       187 | Greensboro                 |     103 | 2006-02-15 04:45:25 |
|       188 | Guadalajara                |      60 | 2006-02-15 04:45:25 |
|       189 | Guaruj                     |      15 | 2006-02-15 04:45:25 |
|       191 | Gulbarga                   |      44 | 2006-02-15 04:45:25 |
|       197 | Halisahar                  |      44 | 2006-02-15 04:45:25 |
|       205 | Hiroshima                  |      50 | 2006-02-15 04:45:25 |
|       208 | Hoshiarpur                 |      44 | 2006-02-15 04:45:25 |
|       211 | Hubli-Dharwad              |      44 | 2006-02-15 04:45:25 |
|       212 | Huejutla de Reyes          |      60 | 2006-02-15 04:45:25 |
|       215 | Ibirit                     |      15 | 2006-02-15 04:45:25 |
|       218 | Ikerre                     |      69 | 2006-02-15 04:45:25 |
|       220 | Ilorin                     |      69 | 2006-02-15 04:45:25 |
|       231 | Jaipur                     |      44 | 2006-02-15 04:45:25 |
|       232 | Jakarta                    |      45 | 2006-02-15 04:45:25 |
|       234 | Jamalpur                   |      12 | 2006-02-15 04:45:25 |
|       235 | Jaroslavl                  |      80 | 2006-02-15 04:45:25 |
|       236 | Jastrzebie-Zdrj            |      76 | 2006-02-15 04:45:25 |
|       243 | Jodhpur                    |      44 | 2006-02-15 04:45:25 |
|       244 | Johannesburg               |      85 | 2006-02-15 04:45:25 |
|       247 | Juazeiro do Norte          |      15 | 2006-02-15 04:45:25 |
|       248 | Juiz de Fora               |      15 | 2006-02-15 04:45:25 |
|       250 | Jurez                      |      60 | 2006-02-15 04:45:25 |
|       253 | Kakamigahara               |      50 | 2006-02-15 04:45:25 |
|       254 | Kaliningrad                |      80 | 2006-02-15 04:45:25 |
|       256 | Kamakura                   |      50 | 2006-02-15 04:45:25 |
|       257 | Kamarhati                  |      44 | 2006-02-15 04:45:25 |
|       261 | Kanchrapara                |      44 | 2006-02-15 04:45:25 |
|       263 | Karnal                     |      44 | 2006-02-15 04:45:25 |
|       264 | Katihar                    |      44 | 2006-02-15 04:45:25 |
|       265 | Kermanshah                 |      46 | 2006-02-15 04:45:25 |
|       267 | Kimberley                  |      85 | 2006-02-15 04:45:25 |
|       270 | Kirovo-Tepetsk             |      80 | 2006-02-15 04:45:25 |
|       273 | Klerksdorp                 |      85 | 2006-02-15 04:45:25 |
|       276 | Koriyama                   |      50 | 2006-02-15 04:45:25 |
|       277 | Korla                      |      23 | 2006-02-15 04:45:25 |
|       278 | Korolev                    |      80 | 2006-02-15 04:45:25 |
|       280 | Kragujevac                 |     108 | 2006-02-15 04:45:25 |
|       284 | Kurashiki                  |      50 | 2006-02-15 04:45:25 |
|       285 | Kurgan                     |      80 | 2006-02-15 04:45:25 |
|       286 | Kursk                      |      80 | 2006-02-15 04:45:25 |
|       290 | La Romana                  |      27 | 2006-02-15 04:45:25 |
|       292 | Lancaster                  |     103 | 2006-02-15 04:45:25 |
|       295 | Laredo                     |     103 | 2006-02-15 04:45:25 |
|       300 | Lethbridge                 |      20 | 2006-02-15 04:45:25 |
|       309 | Livorno                    |      49 | 2006-02-15 04:45:25 |
|       310 | Ljubertsy                  |      80 | 2006-02-15 04:45:25 |
|       322 | Manchester                 |     103 | 2006-02-15 04:45:25 |
|       326 | Maracabo                   |     104 | 2006-02-15 04:45:25 |
|       327 | Mardan                     |      72 | 2006-02-15 04:45:25 |
|       328 | Maring                     |      15 | 2006-02-15 04:45:25 |
|       330 | Matamoros                  |      60 | 2006-02-15 04:45:25 |
|       334 | Merlo                      |       6 | 2006-02-15 04:45:25 |
|       336 | Miraj                      |      44 | 2006-02-15 04:45:25 |
|       337 | Mit Ghamr                  |      29 | 2006-02-15 04:45:25 |
|       346 | Munger (Monghyr)           |      44 | 2006-02-15 04:45:25 |
|       350 | Mysore                     |      44 | 2006-02-15 04:45:25 |
|       351 | Naala-Porto                |      63 | 2006-02-15 04:45:25 |
|       352 | Nabereznyje Telny          |      80 | 2006-02-15 04:45:25 |
|       353 | Nador                      |      62 | 2006-02-15 04:45:25 |
|       355 | Nagareyama                 |      50 | 2006-02-15 04:45:25 |
|       366 | Nha Trang                  |     105 | 2006-02-15 04:45:25 |
|       369 | Novoterkassk               |      80 | 2006-02-15 04:45:25 |
|       372 | Nyeri                      |      52 | 2006-02-15 04:45:25 |
|       373 | Ocumare del Tuy            |     104 | 2006-02-15 04:45:25 |
|       375 | Okara                      |      72 | 2006-02-15 04:45:25 |
|       379 | Omdurman                   |      89 | 2006-02-15 04:45:25 |
|       388 | Ourense (Orense)           |      87 | 2006-02-15 04:45:25 |
|       392 | Paarl                      |      85 | 2006-02-15 04:45:25 |
|       394 | Pak Kret                   |      94 | 2006-02-15 04:45:25 |
|       398 | Parbhani                   |      44 | 2006-02-15 04:45:25 |
|       401 | Patras                     |      39 | 2006-02-15 04:45:25 |
|       402 | Pavlodar                   |      51 | 2006-02-15 04:45:25 |
|       404 | Peoria                     |     103 | 2006-02-15 04:45:25 |
|       405 | Pereira                    |      24 | 2006-02-15 04:45:25 |
|       408 | Pjatigorsk                 |      80 | 2006-02-15 04:45:25 |
|       414 | Portoviejo                 |      28 | 2006-02-15 04:45:25 |
|       415 | Probolinggo                |      45 | 2006-02-15 04:45:25 |
|       418 | Purnea (Purnia)            |      44 | 2006-02-15 04:45:25 |
|       419 | Purwakarta                 |      45 | 2006-02-15 04:45:25 |
|       425 | Rae Bareli                 |      44 | 2006-02-15 04:45:25 |
|       426 | Rajkot                     |      44 | 2006-02-15 04:45:25 |
|       427 | Rampur                     |      44 | 2006-02-15 04:45:25 |
|       428 | Rancagua                   |      22 | 2006-02-15 04:45:25 |
|       429 | Ranchi                     |      44 | 2006-02-15 04:45:25 |
|       430 | Richmond Hill              |      20 | 2006-02-15 04:45:25 |
|       431 | Rio Claro                  |      15 | 2006-02-15 04:45:25 |
|       432 | Rizhao                     |      23 | 2006-02-15 04:45:25 |
|       433 | Roanoke                    |     103 | 2006-02-15 04:45:25 |
|       434 | Robamba                    |      28 | 2006-02-15 04:45:25 |
|       435 | Rockford                   |     103 | 2006-02-15 04:45:25 |
|       436 | Ruse                       |      17 | 2006-02-15 04:45:25 |
|       437 | Rustenburg                 |      85 | 2006-02-15 04:45:25 |
|       438 | s-Hertogenbosch            |      67 | 2006-02-15 04:45:25 |
|       439 | Saarbrcken                 |      38 | 2006-02-15 04:45:25 |
|       440 | Sagamihara                 |      50 | 2006-02-15 04:45:25 |
|       447 | Salzburg                   |       9 | 2006-02-15 04:45:25 |
|       449 | San Bernardino             |     103 | 2006-02-15 04:45:25 |
|       450 | San Felipe de Puerto Plata |      27 | 2006-02-15 04:45:25 |
|       451 | San Felipe del Progreso    |      60 | 2006-02-15 04:45:25 |
|       453 | San Lorenzo                |      73 | 2006-02-15 04:45:25 |
|       456 | Santa Brbara dOeste        |      15 | 2006-02-15 04:45:25 |
|       458 | Santa Rosa                 |      75 | 2006-02-15 04:45:25 |
|       460 | Santiago de los Caballeros |      27 | 2006-02-15 04:45:25 |
|       461 | Santo Andr                 |      15 | 2006-02-15 04:45:25 |
|       466 | Serpuhov                   |      80 | 2006-02-15 04:45:25 |
|       467 | Shahr-e Kord               |      46 | 2006-02-15 04:45:25 |
|       470 | Sharja                     |     101 | 2006-02-15 04:45:25 |
|       472 | Shikarpur                  |      72 | 2006-02-15 04:45:25 |
|       475 | Shivapuri                  |      44 | 2006-02-15 04:45:25 |
|       476 | Shubra al-Khayma           |      29 | 2006-02-15 04:45:25 |
|       478 | Siliguri (Shiliguri)       |      44 | 2006-02-15 04:45:25 |
|       479 | Simferopol                 |     100 | 2006-02-15 04:45:25 |
|       481 | Sirjan                     |      46 | 2006-02-15 04:45:25 |
|       485 | So Bernardo do Campo       |      15 | 2006-02-15 04:45:25 |
|       490 | Sorocaba                   |      15 | 2006-02-15 04:45:25 |
|       496 | Southport                  |     102 | 2006-02-15 04:45:25 |
|       497 | Springs                    |      85 | 2006-02-15 04:45:25 |
|       498 | Stara Zagora               |      17 | 2006-02-15 04:45:25 |
|       499 | Sterling Heights           |     103 | 2006-02-15 04:45:25 |
|       500 | Stockport                  |     102 | 2006-02-15 04:45:25 |
|       501 | Sucre                      |      14 | 2006-02-15 04:45:25 |
|       509 | Surakarta                  |      45 | 2006-02-15 04:45:25 |
|       510 | Syktyvkar                  |      80 | 2006-02-15 04:45:25 |
|       511 | Syrakusa                   |      49 | 2006-02-15 04:45:25 |
|       512 | Szkesfehrvr                |      43 | 2006-02-15 04:45:25 |
|       513 | Tabora                     |      93 | 2006-02-15 04:45:25 |
|       514 | Tabriz                     |      46 | 2006-02-15 04:45:25 |
|       519 | Talavera                   |      75 | 2006-02-15 04:45:25 |
|       522 | Tambaram                   |      44 | 2006-02-15 04:45:25 |
|       528 | Tarlac                     |      75 | 2006-02-15 04:45:25 |
|       529 | Tarsus                     |      97 | 2006-02-15 04:45:25 |
|       530 | Tartu                      |      30 | 2006-02-15 04:45:25 |
|       531 | Teboksary                  |      80 | 2006-02-15 04:45:25 |
|       541 | Torren                     |      60 | 2006-02-15 04:45:25 |
|       545 | Trshavn                    |      32 | 2006-02-15 04:45:25 |
|       548 | Tuguegarao                 |      75 | 2006-02-15 04:45:25 |
|       550 | Udaipur                    |      44 | 2006-02-15 04:45:25 |
|       554 | Uluberia                   |      44 | 2006-02-15 04:45:25 |
|       555 | Urawa                      |      50 | 2006-02-15 04:45:25 |
|       556 | Uruapan                    |      60 | 2006-02-15 04:45:25 |
|       558 | Usolje-Sibirskoje          |      80 | 2006-02-15 04:45:25 |
|       559 | Uttarpara-Kotrung          |      44 | 2006-02-15 04:45:25 |
|       564 | Valparai                   |      44 | 2006-02-15 04:45:25 |
|       565 | Vancouver                  |      20 | 2006-02-15 04:45:25 |
|       566 | Varanasi (Benares)         |      44 | 2006-02-15 04:45:25 |
|       572 | Vitria de Santo Anto       |      15 | 2006-02-15 04:45:25 |
|       573 | Warren                     |     103 | 2006-02-15 04:45:25 |
|       576 | Woodridge                  |       8 | 2006-02-15 04:45:25 |
|       577 | Wroclaw                    |      76 | 2006-02-15 04:45:25 |
|       582 | Yamuna Nagar               |      44 | 2006-02-15 04:45:25 |
|       583 | Yangor                     |      65 | 2006-02-15 04:45:25 |
|       586 | Yerevan                    |       7 | 2006-02-15 04:45:25 |
|       589 | York                       |     102 | 2006-02-15 04:45:25 |
|       593 | Zanzibar                   |      93 | 2006-02-15 04:45:25 |
|       596 | Zaria                      |      69 | 2006-02-15 04:45:25 |
|       597 | Zeleznogorsk               |      80 | 2006-02-15 04:45:25 |
|       600 | Ziguinchor                 |      83 | 2006-02-15 04:45:25 |
+-----------+----------------------------+---------+---------------------+
254 rows in set (0.00 sec)

mysql> select distinct pais_id from cidade where cidade like "A%" or "%R%";
+---------+
| pais_id |
+---------+
|       6 |
|      11 |
|      15 |
|      22 |
|      31 |
|      39 |
|      44 |
|      46 |
|      48 |
|      49 |
|      50 |
|      60 |
|      67 |
|      73 |
|      77 |
|      80 |
|      82 |
|      87 |
|      89 |
|      97 |
|      98 |
|     101 |
|     103 |
|     107 |
+---------+
24 rows in set, 1 warning (0.01 sec)

mysql> select pais.pais, cidade.cidade from cidade inner join pais group by pais.pais having count(cidade.cidade like "A%" or cidade.cidade like "%R%") > 3 and pais.pais_id = cidade.pais_id;
ERROR 1054 (42S22): Unknown column 'pais.pais_id' in 'having clause'
mysql> select pais.pais, cidade.cidade from cidade inner join pais group by pais.pais having count(cidade.cidade like "A%" or cidade.cidade like "%R%") > 3 order by pais desc;
ERROR 1055 (42000): Expression #2 of SELECT list is not in GROUP BY clause and contains nonaggregated column 'sakila.cidade.cidade' which is not functionally dependent on columns in GROUP BY clause; this is incompatible with sql_mode=only_full_group_by
mysql> select pais.pais, cidade.cidade from cidade inner join pais group by pais.pais having count(cidade.cidade like "A%" or cidade.cidade like "%R%") > 3 order by pais.pais desc;
ERROR 1055 (42000): Expression #2 of SELECT list is not in GROUP BY clause and contains nonaggregated column 'sakila.cidade.cidade' which is not functionally dependent on columns in GROUP BY clause; this is incompatible with sql_mode=only_full_group_by
mysql> select pais.pais, cidade.cidade from pais inner join cidade group by cidade.cidade;
ERROR 1055 (42000): Expression #1 of SELECT list is not in GROUP BY clause and contains nonaggregated column 'sakila.pais.pais' which is not functionally dependent on columns in GROUP BY clause; this is incompatible with sql_mode=only_full_group_by
mysql> select pais.pais, cidade.cidade from pais inner join cidade group by cidade;
ERROR 1055 (42000): Expression #1 of SELECT list is not in GROUP BY clause and contains nonaggregated column 'sakila.pais.pais' which is not functionally dependent on columns in GROUP BY clause; this is incompatible with sql_mode=only_full_group_by
mysql> select count(pais.pais), cidade.cidade from pais inner join cidade group by cidade;
+------------------+----------------------------+
| count(pais.pais) | cidade                     |
+------------------+----------------------------+
|              109 | A Corua (La Corua)         |
|              109 | Abha                       |
|              109 | Abu Dhabi                  |
|              109 | Acua                       |
|              109 | Adana                      |
|              109 | Addis Abeba                |
|              109 | Aden                       |
|              109 | Adoni                      |
|              109 | Ahmadnagar                 |
|              109 | Akishima                   |
|              109 | Akron                      |
|              109 | al-Ayn                     |
|              109 | al-Hawiya                  |
|              109 | al-Manama                  |
|              109 | al-Qadarif                 |
|              109 | al-Qatif                   |
|              109 | Alessandria                |
|              109 | Allappuzha (Alleppey)      |
|              109 | Allende                    |
|              109 | Almirante Brown            |
|              109 | Alvorada                   |
|              109 | Ambattur                   |
|              109 | Amersfoort                 |
|              109 | Amroha                     |
|              109 | Angra dos Reis             |
|              109 | Anpolis                    |
|              109 | Antofagasta                |
|              109 | Aparecida de Goinia        |
|              109 | Apeldoorn                  |
|              109 | Araatuba                   |
|              109 | Arak                       |
|              109 | Arecibo                    |
|              109 | Arlington                  |
|              109 | Ashdod                     |
|              109 | Ashgabat                   |
|              109 | Ashqelon                   |
|              109 | Asuncin                    |
|              109 | Athenai                    |
|              109 | Atinsk                     |
|              109 | Atlixco                    |
|              109 | Augusta-Richmond County    |
|              109 | Aurora                     |
|              109 | Avellaneda                 |
|              109 | Bag                        |
|              109 | Baha Blanca                |
|              109 | Baicheng                   |
|              109 | Baiyin                     |
|              109 | Baku                       |
|              109 | Balaiha                    |
|              109 | Balikesir                  |
|              109 | Balurghat                  |
|              109 | Bamenda                    |
|              109 | Bandar Seri Begawan        |
|              109 | Banjul                     |
|              109 | Barcelona                  |
|              109 | Basel                      |
|              109 | Bat Yam                    |
|              109 | Batman                     |
|              109 | Batna                      |
|              109 | Battambang                 |
|              109 | Baybay                     |
|              109 | Bayugan                    |
|              109 | Bchar                      |
|              109 | Beira                      |
|              109 | Bellevue                   |
|              109 | Belm                       |
|              109 | Benguela                   |
|              109 | Beni-Mellal                |
|              109 | Benin City                 |
|              109 | Bergamo                    |
|              109 | Berhampore (Baharampur)    |
|              109 | Bern                       |
|              109 | Bhavnagar                  |
|              109 | Bhilwara                   |
|              109 | Bhimavaram                 |
|              109 | Bhopal                     |
|              109 | Bhusawal                   |
|              109 | Bijapur                    |
|              109 | Bilbays                    |
|              109 | Binzhou                    |
|              109 | Birgunj                    |
|              109 | Bislig                     |
|              109 | Blumenau                   |
|              109 | Boa Vista                  |
|              109 | Boksburg                   |
|              109 | Botosani                   |
|              109 | Botshabelo                 |
|              109 | Bradford                   |
|              109 | Braslia                    |
|              109 | Bratislava                 |
|              109 | Brescia                    |
|              109 | Brest                      |
|              109 | Brindisi                   |
|              109 | Brockton                   |
|              109 | Bucuresti                  |
|              109 | Buenaventura               |
|              109 | Bydgoszcz                  |
|              109 | Cabuyao                    |
|              109 | Callao                     |
|              109 | Cam Ranh                   |
|              109 | Cape Coral                 |
|              109 | Caracas                    |
|              109 | Carmen                     |
|              109 | Cavite                     |
|              109 | Cayenne                    |
|              109 | Celaya                     |
|              109 | Chandrapur                 |
|              109 | Changhwa                   |
|              109 | Changzhou                  |
|              109 | Chapra                     |
|              109 | Charlotte Amalie           |
|              109 | Chatsworth                 |
|              109 | Cheju                      |
|              109 | Chiayi                     |
|              109 | Chisinau                   |
|              109 | Chungho                    |
|              109 | Cianjur                    |
|              109 | Ciomas                     |
|              109 | Ciparay                    |
|              109 | Citrus Heights             |
|              109 | Citt del Vaticano          |
|              109 | Ciudad del Este            |
|              109 | Clarksville                |
|              109 | Coacalco de Berriozbal     |
|              109 | Coatzacoalcos              |
|              109 | Compton                    |
|              109 | Coquimbo                   |
|              109 | Crdoba                     |
|              109 | Cuauhtmoc                  |
|              109 | Cuautla                    |
|              109 | Cuernavaca                 |
|              109 | Cuman                      |
|              109 | Czestochowa                |
|              109 | Dadu                       |
|              109 | Dallas                     |
|              109 | Datong                     |
|              109 | Daugavpils                 |
|              109 | Davao                      |
|              109 | Daxian                     |
|              109 | Dayton                     |
|              109 | Deba Habe                  |
|              109 | Denizli                    |
|              109 | Dhaka                      |
|              109 | Dhule (Dhulia)             |
|              109 | Dongying                   |
|              109 | Donostia-San Sebastin      |
|              109 | Dos Quebradas              |
|              109 | Duisburg                   |
|              109 | Dundee                     |
|              109 | Dzerzinsk                  |
|              109 | Ede                        |
|              109 | Effon-Alaiye               |
|              109 | El Alto                    |
|              109 | El Fuerte                  |
|              109 | El Monte                   |
|              109 | Elista                     |
|              109 | Emeishan                   |
|              109 | Emmen                      |
|              109 | Enshi                      |
|              109 | Erlangen                   |
|              109 | Escobar                    |
|              109 | Esfahan                    |
|              109 | Eskisehir                  |
|              109 | Etawah                     |
|              109 | Ezeiza                     |
|              109 | Ezhou                      |
|              109 | Faaa                       |
|              109 | Fengshan                   |
|              109 | Firozabad                  |
|              109 | Florencia                  |
|              109 | Fontana                    |
|              109 | Fukuyama                   |
|              109 | Funafuti                   |
|              109 | Fuyu                       |
|              109 | Fuzhou                     |
|              109 | Gandhinagar                |
|              109 | Garden Grove               |
|              109 | Garland                    |
|              109 | Gatineau                   |
|              109 | Gaziantep                  |
|              109 | Gijn                       |
|              109 | Gingoog                    |
|              109 | Goinia                     |
|              109 | Gorontalo                  |
|              109 | Grand Prairie              |
|              109 | Graz                       |
|              109 | Greensboro                 |
|              109 | Guadalajara                |
|              109 | Guaruj                     |
|              109 | guas Lindas de Gois        |
|              109 | Gulbarga                   |
|              109 | Hagonoy                    |
|              109 | Haining                    |
|              109 | Haiphong                   |
|              109 | Haldia                     |
|              109 | Halifax                    |
|              109 | Halisahar                  |
|              109 | Halle/Saale                |
|              109 | Hami                       |
|              109 | Hamilton                   |
|              109 | Hanoi                      |
|              109 | Hidalgo                    |
|              109 | Higashiosaka               |
|              109 | Hino                       |
|              109 | Hiroshima                  |
|              109 | Hodeida                    |
|              109 | Hohhot                     |
|              109 | Hoshiarpur                 |
|              109 | Hsichuh                    |
|              109 | Huaian                     |
|              109 | Hubli-Dharwad              |
|              109 | Huejutla de Reyes          |
|              109 | Huixquilucan               |
|              109 | Hunuco                     |
|              109 | Ibirit                     |
|              109 | Idfu                       |
|              109 | Ife                        |
|              109 | Ikerre                     |
|              109 | Iligan                     |
|              109 | Ilorin                     |
|              109 | Imus                       |
|              109 | Inegl                      |
|              109 | Ipoh                       |
|              109 | Isesaki                    |
|              109 | Ivanovo                    |
|              109 | Iwaki                      |
|              109 | Iwakuni                    |
|              109 | Iwatsuki                   |
|              109 | Izumisano                  |
|              109 | Jaffna                     |
|              109 | Jaipur                     |
|              109 | Jakarta                    |
|              109 | Jalib al-Shuyukh           |
|              109 | Jamalpur                   |
|              109 | Jaroslavl                  |
|              109 | Jastrzebie-Zdrj            |
|              109 | Jedda                      |
|              109 | Jelets                     |
|              109 | Jhansi                     |
|              109 | Jinchang                   |
|              109 | Jining                     |
|              109 | Jinzhou                    |
|              109 | Jodhpur                    |
|              109 | Johannesburg               |
|              109 | Joliet                     |
|              109 | Jos Azueta                 |
|              109 | Juazeiro do Norte          |
|              109 | Juiz de Fora               |
|              109 | Junan                      |
|              109 | Jurez                      |
|              109 | Kabul                      |
|              109 | Kaduna                     |
|              109 | Kakamigahara               |
|              109 | Kaliningrad                |
|              109 | Kalisz                     |
|              109 | Kamakura                   |
|              109 | Kamarhati                  |
|              109 | Kamjanets-Podilskyi        |
|              109 | Kamyin                     |
|              109 | Kanazawa                   |
|              109 | Kanchrapara                |
|              109 | Kansas City                |
|              109 | Karnal                     |
|              109 | Katihar                    |
|              109 | Kermanshah                 |
|              109 | Kilis                      |
|              109 | Kimberley                  |
|              109 | Kimchon                    |
|              109 | Kingstown                  |
|              109 | Kirovo-Tepetsk             |
|              109 | Kisumu                     |
|              109 | Kitwe                      |
|              109 | Klerksdorp                 |
|              109 | Kolpino                    |
|              109 | Konotop                    |
|              109 | Koriyama                   |
|              109 | Korla                      |
|              109 | Korolev                    |
|              109 | Kowloon and New Kowloon    |
|              109 | Kragujevac                 |
|              109 | Ktahya                     |
|              109 | Kuching                    |
|              109 | Kumbakonam                 |
|              109 | Kurashiki                  |
|              109 | Kurgan                     |
|              109 | Kursk                      |
|              109 | Kuwana                     |
|              109 | La Paz                     |
|              109 | La Plata                   |
|              109 | La Romana                  |
|              109 | Laiwu                      |
|              109 | Lancaster                  |
|              109 | Laohekou                   |
|              109 | Lapu-Lapu                  |
|              109 | Laredo                     |
|              109 | Lausanne                   |
|              109 | Le Mans                    |
|              109 | Lengshuijiang              |
|              109 | Leshan                     |
|              109 | Lethbridge                 |
|              109 | Lhokseumawe                |
|              109 | Liaocheng                  |
|              109 | Liepaja                    |
|              109 | Lilongwe                   |
|              109 | Lima                       |
|              109 | Lincoln                    |
|              109 | Linz                       |
|              109 | Lipetsk                    |
|              109 | Livorno                    |
|              109 | Ljubertsy                  |
|              109 | Loja                       |
|              218 | London                     |
|              109 | Lublin                     |
|              109 | Lubumbashi                 |
|              109 | Lungtan                    |
|              109 | Luzinia                    |
|              109 | Madiun                     |
|              109 | Mahajanga                  |
|              109 | Maikop                     |
|              109 | Malm                       |
|              109 | Manchester                 |
|              109 | Mandaluyong                |
|              109 | Mandi Bahauddin            |
|              109 | Mannheim                   |
|              109 | Maracabo                   |
|              109 | Mardan                     |
|              109 | Maring                     |
|              109 | Masqat                     |
|              109 | Matamoros                  |
|              109 | Matsue                     |
|              109 | Meixian                    |
|              109 | Memphis                    |
|              109 | Merlo                      |
|              109 | Mexicali                   |
|              109 | Miraj                      |
|              109 | Mit Ghamr                  |
|              109 | Miyakonojo                 |
|              109 | Mogiljov                   |
|              109 | Molodetno                  |
|              109 | Monclova                   |
|              109 | Monywa                     |
|              109 | Moscow                     |
|              109 | Mosul                      |
|              109 | Mukateve                   |
|              109 | Munger (Monghyr)           |
|              109 | Mwanza                     |
|              109 | Mwene-Ditu                 |
|              109 | Myingyan                   |
|              109 | Mysore                     |
|              109 | Naala-Porto                |
|              109 | Nabereznyje Telny          |
|              109 | Nador                      |
|              109 | Nagaon                     |
|              109 | Nagareyama                 |
|              109 | Najafabad                  |
|              109 | Naju                       |
|              109 | Nakhon Sawan               |
|              109 | Nam Dinh                   |
|              109 | Namibe                     |
|              109 | Nantou                     |
|              109 | Nanyang                    |
|              109 | NDjamna                    |
|              109 | Newcastle                  |
|              109 | Nezahualcyotl              |
|              109 | Nha Trang                  |
|              109 | Niznekamsk                 |
|              109 | Novi Sad                   |
|              109 | Novoterkassk               |
|              109 | Nukualofa                  |
|              109 | Nuuk                       |
|              109 | Nyeri                      |
|              109 | Ocumare del Tuy            |
|              109 | Ogbomosho                  |
|              109 | Okara                      |
|              109 | Okayama                    |
|              109 | Okinawa                    |
|              109 | Olomouc                    |
|              109 | Omdurman                   |
|              109 | Omiya                      |
|              109 | Ondo                       |
|              109 | Onomichi                   |
|              109 | Oshawa                     |
|              109 | Osmaniye                   |
|              109 | ostka                      |
|              109 | Otsu                       |
|              109 | Oulu                       |
|              109 | Ourense (Orense)           |
|              109 | Owo                        |
|              109 | Oyo                        |
|              109 | Ozamis                     |
|              109 | Paarl                      |
|              109 | Pachuca de Soto            |
|              109 | Pak Kret                   |
|              109 | Palghat (Palakkad)         |
|              109 | Pangkal Pinang             |
|              109 | Papeete                    |
|              109 | Parbhani                   |
|              109 | Pathankot                  |
|              109 | Patiala                    |
|              109 | Patras                     |
|              109 | Pavlodar                   |
|              109 | Pemalang                   |
|              109 | Peoria                     |
|              109 | Pereira                    |
|              109 | Phnom Penh                 |
|              109 | Pingxiang                  |
|              109 | Pjatigorsk                 |
|              109 | Plock                      |
|              109 | Po                         |
|              109 | Ponce                      |
|              109 | Pontianak                  |
|              109 | Poos de Caldas             |
|              109 | Portoviejo                 |
|              109 | Probolinggo                |
|              109 | Pudukkottai                |
|              109 | Pune                       |
|              109 | Purnea (Purnia)            |
|              109 | Purwakarta                 |
|              109 | Pyongyang                  |
|              109 | Qalyub                     |
|              109 | Qinhuangdao                |
|              109 | Qomsheh                    |
|              109 | Quilmes                    |
|              109 | Rae Bareli                 |
|              109 | Rajkot                     |
|              109 | Rampur                     |
|              109 | Rancagua                   |
|              109 | Ranchi                     |
|              109 | Richmond Hill              |
|              109 | Rio Claro                  |
|              109 | Rizhao                     |
|              109 | Roanoke                    |
|              109 | Robamba                    |
|              109 | Rockford                   |
|              109 | Ruse                       |
|              109 | Rustenburg                 |
|              109 | s-Hertogenbosch            |
|              109 | Saarbrcken                 |
|              109 | Sagamihara                 |
|              109 | Saint Louis                |
|              109 | Saint-Denis                |
|              109 | Sal                        |
|              109 | Salala                     |
|              109 | Salamanca                  |
|              109 | Salinas                    |
|              109 | Salzburg                   |
|              109 | Sambhal                    |
|              109 | San Bernardino             |
|              109 | San Felipe de Puerto Plata |
|              109 | San Felipe del Progreso    |
|              109 | San Juan Bautista Tuxtepec |
|              109 | San Lorenzo                |
|              109 | San Miguel de Tucumn       |
|              109 | Sanaa                      |
|              109 | Santa Brbara dOeste        |
|              109 | Santa F                    |
|              109 | Santa Rosa                 |
|              109 | Santiago de Compostela     |
|              109 | Santiago de los Caballeros |
|              109 | Santo Andr                 |
|              109 | Sanya                      |
|              109 | Sasebo                     |
|              109 | Satna                      |
|              109 | Sawhaj                     |
|              109 | Serpuhov                   |
|              109 | Shahr-e Kord               |
|              109 | Shanwei                    |
|              109 | Shaoguan                   |
|              109 | Sharja                     |
|              109 | Shenzhen                   |
|              109 | Shikarpur                  |
|              109 | Shimoga                    |
|              109 | Shimonoseki                |
|              109 | Shivapuri                  |
|              109 | Shubra al-Khayma           |
|              109 | Siegen                     |
|              109 | Siliguri (Shiliguri)       |
|              109 | Simferopol                 |
|              109 | Sincelejo                  |
|              109 | Sirjan                     |
|              109 | Sivas                      |
|              109 | Skikda                     |
|              109 | Smolensk                   |
|              109 | So Bernardo do Campo       |
|              109 | So Leopoldo                |
|              109 | Sogamoso                   |
|              109 | Sokoto                     |
|              109 | Songkhla                   |
|              109 | Sorocaba                   |
|              109 | Soshanguve                 |
|              109 | Sousse                     |
|              109 | South Hill                 |
|              109 | Southampton                |
|              109 | Southend-on-Sea            |
|              109 | Southport                  |
|              109 | Springs                    |
|              109 | Stara Zagora               |
|              109 | Sterling Heights           |
|              109 | Stockport                  |
|              109 | Sucre                      |
|              109 | Suihua                     |
|              109 | Sullana                    |
|              109 | Sultanbeyli                |
|              109 | Sumqayit                   |
|              109 | Sumy                       |
|              109 | Sungai Petani              |
|              109 | Sunnyvale                  |
|              109 | Surakarta                  |
|              109 | Syktyvkar                  |
|              109 | Syrakusa                   |
|              109 | Szkesfehrvr                |
|              109 | Tabora                     |
|              109 | Tabriz                     |
|              109 | Tabuk                      |
|              109 | Tafuna                     |
|              109 | Taguig                     |
|              109 | Taizz                      |
|              109 | Talavera                   |
|              109 | Tallahassee                |
|              109 | Tama                       |
|              109 | Tambaram                   |
|              109 | Tanauan                    |
|              109 | Tandil                     |
|              109 | Tangail                    |
|              109 | Tanshui                    |
|              109 | Tanza                      |
|              109 | Tarlac                     |
|              109 | Tarsus                     |
|              109 | Tartu                      |
|              109 | Teboksary                  |
|              109 | Tegal                      |
|              109 | Tel Aviv-Jaffa             |
|              109 | Tete                       |
|              109 | Tianjin                    |
|              109 | Tiefa                      |
|              109 | Tieli                      |
|              109 | Tokat                      |
|              109 | Tonghae                    |
|              109 | Tongliao                   |
|              109 | Torren                     |
|              109 | Touliu                     |
|              109 | Toulon                     |
|              109 | Toulouse                   |
|              109 | Trshavn                    |
|              109 | Tsaotun                    |
|              109 | Tsuyama                    |
|              109 | Tuguegarao                 |
|              109 | Tychy                      |
|              109 | Udaipur                    |
|              109 | Udine                      |
|              109 | Ueda                       |
|              109 | Uijongbu                   |
|              109 | Uluberia                   |
|              109 | Urawa                      |
|              109 | Uruapan                    |
|              109 | Usak                       |
|              109 | Usolje-Sibirskoje          |
|              109 | Uttarpara-Kotrung          |
|              109 | Vaduz                      |
|              109 | Valencia                   |
|              109 | Valle de la Pascua         |
|              109 | Valle de Santiago          |
|              109 | Valparai                   |
|              109 | Vancouver                  |
|              109 | Varanasi (Benares)         |
|              109 | Vicente Lpez               |
|              109 | Vijayawada                 |
|              109 | Vila Velha                 |
|              109 | Vilnius                    |
|              109 | Vinh                       |
|              109 | Vitria de Santo Anto       |
|              109 | Warren                     |
|              109 | Weifang                    |
|              109 | Witten                     |
|              109 | Woodridge                  |
|              109 | Wroclaw                    |
|              109 | Xiangfan                   |
|              109 | Xiangtan                   |
|              109 | Xintai                     |
|              109 | Xinxiang                   |
|              109 | Yamuna Nagar               |
|              109 | Yangor                     |
|              109 | Yantai                     |
|              109 | Yaound                     |
|              109 | Yerevan                    |
|              109 | Yinchuan                   |
|              109 | Yingkou                    |
|              109 | York                       |
|              109 | Yuncheng                   |
|              109 | Yuzhou                     |
|              109 | Zalantun                   |
|              109 | Zanzibar                   |
|              109 | Zaoyang                    |
|              109 | Zapopan                    |
|              109 | Zaria                      |
|              109 | Zeleznogorsk               |
|              109 | Zhezqazghan                |
|              109 | Zhoushan                   |
|              109 | Ziguinchor                 |
+------------------+----------------------------+
599 rows in set (0.03 sec)

mysql> select * from pais where id <=20;
ERROR 1054 (42S22): Unknown column 'id' in 'where clause'
mysql> select * from pais where pais_id <=20;
+---------+----------------+---------------------+
| pais_id | pais           | ultima_atualizacao  |
+---------+----------------+---------------------+
|       1 | Afghanistan    | 2006-02-15 04:44:00 |
|       2 | Algeria        | 2006-02-15 04:44:00 |
|       3 | American Samoa | 2006-02-15 04:44:00 |
|       4 | Angola         | 2006-02-15 04:44:00 |
|       5 | Anguilla       | 2006-02-15 04:44:00 |
|       6 | Argentina      | 2006-02-15 04:44:00 |
|       7 | Armenia        | 2006-02-15 04:44:00 |
|       8 | Australia      | 2006-02-15 04:44:00 |
|       9 | Austria        | 2006-02-15 04:44:00 |
|      10 | Azerbaijan     | 2006-02-15 04:44:00 |
|      11 | Bahrain        | 2006-02-15 04:44:00 |
|      12 | Bangladesh     | 2006-02-15 04:44:00 |
|      13 | Belarus        | 2006-02-15 04:44:00 |
|      14 | Bolivia        | 2006-02-15 04:44:00 |
|      15 | Brazil         | 2006-02-15 04:44:00 |
|      16 | Brunei         | 2006-02-15 04:44:00 |
|      17 | Bulgaria       | 2006-02-15 04:44:00 |
|      18 | Cambodia       | 2006-02-15 04:44:00 |
|      19 | Cameroon       | 2006-02-15 04:44:00 |
|      20 | Canada         | 2006-02-15 04:44:00 |
+---------+----------------+---------------------+
20 rows in set (0.00 sec)

mysql> select * from cidade where count (pais > 3);
ERROR 1630 (42000): FUNCTION sakila.count does not exist. Check the 'Function Name Parsing and Resolution' section in the Reference Manual
mysql> select * from cidade where count (pais) >3;
ERROR 1630 (42000): FUNCTION sakila.count does not exist. Check the 'Function Name Parsing and Resolution' section in the Reference Manual
mysql> select * from cidade where count (pais_id > 3);
ERROR 1630 (42000): FUNCTION sakila.count does not exist. Check the 'Function Name Parsing and Resolution' section in the Reference Manual
mysql> select * from cidade where count (pais_id) > 3;
ERROR 1630 (42000): FUNCTION sakila.count does not exist. Check the 'Function Name Parsing and Resolution' section in the Reference Manual
mysql> select * from cidade, count (pais_id) from cidade where id <=20;
ERROR 1064 (42000): You have an error in your SQL syntax; check the manual that corresponds to your MySQL server version for the right syntax to use near '(pais_id) from cidade where id <=20' at line 1
mysql> select * from cidade, count(pais_id) from cidade where id <= 20;
ERROR 1064 (42000): You have an error in your SQL syntax; check the manual that corresponds to your MySQL server version for the right syntax to use near 'count(pais_id) from cidade where id <= 20' at line 1
mysql> select * from cidade where cidade_id <= 20;
+-----------+-----------------------+---------+---------------------+
| cidade_id | cidade                | pais_id | ultima_atualizacao  |
+-----------+-----------------------+---------+---------------------+
|         1 | A Corua (La Corua)    |      87 | 2006-02-15 04:45:25 |
|         2 | Abha                  |      82 | 2006-02-15 04:45:25 |
|         3 | Abu Dhabi             |     101 | 2006-02-15 04:45:25 |
|         4 | Acua                  |      60 | 2006-02-15 04:45:25 |
|         5 | Adana                 |      97 | 2006-02-15 04:45:25 |
|         6 | Addis Abeba           |      31 | 2006-02-15 04:45:25 |
|         7 | Aden                  |     107 | 2006-02-15 04:45:25 |
|         8 | Adoni                 |      44 | 2006-02-15 04:45:25 |
|         9 | Ahmadnagar            |      44 | 2006-02-15 04:45:25 |
|        10 | Akishima              |      50 | 2006-02-15 04:45:25 |
|        11 | Akron                 |     103 | 2006-02-15 04:45:25 |
|        12 | al-Ayn                |     101 | 2006-02-15 04:45:25 |
|        13 | al-Hawiya             |      82 | 2006-02-15 04:45:25 |
|        14 | al-Manama             |      11 | 2006-02-15 04:45:25 |
|        15 | al-Qadarif            |      89 | 2006-02-15 04:45:25 |
|        16 | al-Qatif              |      82 | 2006-02-15 04:45:25 |
|        17 | Alessandria           |      49 | 2006-02-15 04:45:25 |
|        18 | Allappuzha (Alleppey) |      44 | 2006-02-15 04:45:25 |
|        19 | Allende               |      60 | 2006-02-15 04:45:25 |
|        20 | Almirante Brown       |       6 | 2006-02-15 04:45:25 |
+-----------+-----------------------+---------+---------------------+
20 rows in set (0.00 sec)

mysql> select * from cidade where cidade_id <= 20 group by pais_id;
ERROR 1055 (42000): Expression #1 of SELECT list is not in GROUP BY clause and contains nonaggregated column 'sakila.cidade.cidade_id' which is not functionally dependent on columns in GROUP BY clause; this is incompatible with sql_mode=only_full_group_by
mysql> select pais_id, cidade from cidade group by count (pais_id);
ERROR 1630 (42000): FUNCTION sakila.count does not exist. Check the 'Function Name Parsing and Resolution' section in the Reference Manual
mysql> select pais_id, cidade from cidade group by pais_id having count (pais_id) > 3;
ERROR 1630 (42000): FUNCTION sakila.count does not exist. Check the 'Function Name Parsing and Resolution' section in the Reference Manual
mysql> select pais_id, cidade from cidade group by pais_id;
ERROR 1055 (42000): Expression #2 of SELECT list is not in GROUP BY clause and contains nonaggregated column 'sakila.cidade.cidade' which is not functionally dependent on columns in GROUP BY clause; this is incompatible with sql_mode=only_full_group_by
mysql> select cidade from cidade group by cidade having count(pais_id) > 3;
Empty set (0.00 sec)

mysql> select cidade from cidade group by cidade having count(pais_id) > 1;
+--------+
| cidade |
+--------+
| London |
+--------+
1 row in set (0.00 sec)

mysql> select cidade from cidade group by cidade having count(pais_id) > 2;
Empty set (0.00 sec)

mysql> select cidade, distinct pais_id from cidade group by cidade order by desc;
ERROR 1064 (42000): You have an error in your SQL syntax; check the manual that corresponds to your MySQL server version for the right syntax to use near 'distinct pais_id from cidade group by cidade order by desc' at line 1
mysql> select cidade, distinct pais_id from cidade group by cidade order by cidade desc;
ERROR 1064 (42000): You have an error in your SQL syntax; check the manual that corresponds to your MySQL server version for the right syntax to use near 'distinct pais_id from cidade group by cidade order by cidade desc' at line 1
mysql> select distinct cidade, pais_id from cidade group by cidade order by cidade desc;
ERROR 1055 (42000): Expression #2 of SELECT list is not in GROUP BY clause and contains nonaggregated column 'sakila.cidade.pais_id' which is not functionally dependent on columns in GROUP BY clause; this is incompatible with sql_mode=only_full_group_by
mysql> select distinct cidade, pais_id from cidade group by cidade;
ERROR 1055 (42000): Expression #2 of SELECT list is not in GROUP BY clause and contains nonaggregated column 'sakila.cidade.pais_id' which is not functionally dependent on columns in GROUP BY clause; this is incompatible with sql_mode=only_full_group_by
mysql> select distinct cidade, pais_id from cidade;
+----------------------------+---------+
| cidade                     | pais_id |
+----------------------------+---------+
| A Corua (La Corua)         |      87 |
| Abha                       |      82 |
| Abu Dhabi                  |     101 |
| Acua                       |      60 |
| Adana                      |      97 |
| Addis Abeba                |      31 |
| Aden                       |     107 |
| Adoni                      |      44 |
| Ahmadnagar                 |      44 |
| Akishima                   |      50 |
| Akron                      |     103 |
| al-Ayn                     |     101 |
| al-Hawiya                  |      82 |
| al-Manama                  |      11 |
| al-Qadarif                 |      89 |
| al-Qatif                   |      82 |
| Alessandria                |      49 |
| Allappuzha (Alleppey)      |      44 |
| Allende                    |      60 |
| Almirante Brown            |       6 |
| Alvorada                   |      15 |
| Ambattur                   |      44 |
| Amersfoort                 |      67 |
| Amroha                     |      44 |
| Angra dos Reis             |      15 |
| Anpolis                    |      15 |
| Antofagasta                |      22 |
| Aparecida de Goinia        |      15 |
| Apeldoorn                  |      67 |
| Araatuba                   |      15 |
| Arak                       |      46 |
| Arecibo                    |      77 |
| Arlington                  |     103 |
| Ashdod                     |      48 |
| Ashgabat                   |      98 |
| Ashqelon                   |      48 |
| Asuncin                    |      73 |
| Athenai                    |      39 |
| Atinsk                     |      80 |
| Atlixco                    |      60 |
| Augusta-Richmond County    |     103 |
| Aurora                     |     103 |
| Avellaneda                 |       6 |
| Bag                        |      15 |
| Baha Blanca                |       6 |
| Baicheng                   |      23 |
| Baiyin                     |      23 |
| Baku                       |      10 |
| Balaiha                    |      80 |
| Balikesir                  |      97 |
| Balurghat                  |      44 |
| Bamenda                    |      19 |
| Bandar Seri Begawan        |      16 |
| Banjul                     |      37 |
| Barcelona                  |     104 |
| Basel                      |      91 |
| Bat Yam                    |      48 |
| Batman                     |      97 |
| Batna                      |       2 |
| Battambang                 |      18 |
| Baybay                     |      75 |
| Bayugan                    |      75 |
| Bchar                      |       2 |
| Beira                      |      63 |
| Bellevue                   |     103 |
| Belm                       |      15 |
| Benguela                   |       4 |
| Beni-Mellal                |      62 |
| Benin City                 |      69 |
| Bergamo                    |      49 |
| Berhampore (Baharampur)    |      44 |
| Bern                       |      91 |
| Bhavnagar                  |      44 |
| Bhilwara                   |      44 |
| Bhimavaram                 |      44 |
| Bhopal                     |      44 |
| Bhusawal                   |      44 |
| Bijapur                    |      44 |
| Bilbays                    |      29 |
| Binzhou                    |      23 |
| Birgunj                    |      66 |
| Bislig                     |      75 |
| Blumenau                   |      15 |
| Boa Vista                  |      15 |
| Boksburg                   |      85 |
| Botosani                   |      78 |
| Botshabelo                 |      85 |
| Bradford                   |     102 |
| Braslia                    |      15 |
| Bratislava                 |      84 |
| Brescia                    |      49 |
| Brest                      |      34 |
| Brindisi                   |      49 |
| Brockton                   |     103 |
| Bucuresti                  |      78 |
| Buenaventura               |      24 |
| Bydgoszcz                  |      76 |
| Cabuyao                    |      75 |
| Callao                     |      74 |
| Cam Ranh                   |     105 |
| Cape Coral                 |     103 |
| Caracas                    |     104 |
| Carmen                     |      60 |
| Cavite                     |      75 |
| Cayenne                    |      35 |
| Celaya                     |      60 |
| Chandrapur                 |      44 |
| Changhwa                   |      92 |
| Changzhou                  |      23 |
| Chapra                     |      44 |
| Charlotte Amalie           |     106 |
| Chatsworth                 |      85 |
| Cheju                      |      86 |
| Chiayi                     |      92 |
| Chisinau                   |      61 |
| Chungho                    |      92 |
| Cianjur                    |      45 |
| Ciomas                     |      45 |
| Ciparay                    |      45 |
| Citrus Heights             |     103 |
| Citt del Vaticano          |      41 |
| Ciudad del Este            |      73 |
| Clarksville                |     103 |
| Coacalco de Berriozbal     |      60 |
| Coatzacoalcos              |      60 |
| Compton                    |     103 |
| Coquimbo                   |      22 |
| Crdoba                     |       6 |
| Cuauhtmoc                  |      60 |
| Cuautla                    |      60 |
| Cuernavaca                 |      60 |
| Cuman                      |     104 |
| Czestochowa                |      76 |
| Dadu                       |      72 |
| Dallas                     |     103 |
| Datong                     |      23 |
| Daugavpils                 |      54 |
| Davao                      |      75 |
| Daxian                     |      23 |
| Dayton                     |     103 |
| Deba Habe                  |      69 |
| Denizli                    |      97 |
| Dhaka                      |      12 |
| Dhule (Dhulia)             |      44 |
| Dongying                   |      23 |
| Donostia-San Sebastin      |      87 |
| Dos Quebradas              |      24 |
| Duisburg                   |      38 |
| Dundee                     |     102 |
| Dzerzinsk                  |      80 |
| Ede                        |      67 |
| Effon-Alaiye               |      69 |
| El Alto                    |      14 |
| El Fuerte                  |      60 |
| El Monte                   |     103 |
| Elista                     |      80 |
| Emeishan                   |      23 |
| Emmen                      |      67 |
| Enshi                      |      23 |
| Erlangen                   |      38 |
| Escobar                    |       6 |
| Esfahan                    |      46 |
| Eskisehir                  |      97 |
| Etawah                     |      44 |
| Ezeiza                     |       6 |
| Ezhou                      |      23 |
| Faaa                       |      36 |
| Fengshan                   |      92 |
| Firozabad                  |      44 |
| Florencia                  |      24 |
| Fontana                    |     103 |
| Fukuyama                   |      50 |
| Funafuti                   |      99 |
| Fuyu                       |      23 |
| Fuzhou                     |      23 |
| Gandhinagar                |      44 |
| Garden Grove               |     103 |
| Garland                    |     103 |
| Gatineau                   |      20 |
| Gaziantep                  |      97 |
| Gijn                       |      87 |
| Gingoog                    |      75 |
| Goinia                     |      15 |
| Gorontalo                  |      45 |
| Grand Prairie              |     103 |
| Graz                       |       9 |
| Greensboro                 |     103 |
| Guadalajara                |      60 |
| Guaruj                     |      15 |
| guas Lindas de Gois        |      15 |
| Gulbarga                   |      44 |
| Hagonoy                    |      75 |
| Haining                    |      23 |
| Haiphong                   |     105 |
| Haldia                     |      44 |
| Halifax                    |      20 |
| Halisahar                  |      44 |
| Halle/Saale                |      38 |
| Hami                       |      23 |
| Hamilton                   |      68 |
| Hanoi                      |     105 |
| Hidalgo                    |      60 |
| Higashiosaka               |      50 |
| Hino                       |      50 |
| Hiroshima                  |      50 |
| Hodeida                    |     107 |
| Hohhot                     |      23 |
| Hoshiarpur                 |      44 |
| Hsichuh                    |      92 |
| Huaian                     |      23 |
| Hubli-Dharwad              |      44 |
| Huejutla de Reyes          |      60 |
| Huixquilucan               |      60 |
| Hunuco                     |      74 |
| Ibirit                     |      15 |
| Idfu                       |      29 |
| Ife                        |      69 |
| Ikerre                     |      69 |
| Iligan                     |      75 |
| Ilorin                     |      69 |
| Imus                       |      75 |
| Inegl                      |      97 |
| Ipoh                       |      59 |
| Isesaki                    |      50 |
| Ivanovo                    |      80 |
| Iwaki                      |      50 |
| Iwakuni                    |      50 |
| Iwatsuki                   |      50 |
| Izumisano                  |      50 |
| Jaffna                     |      88 |
| Jaipur                     |      44 |
| Jakarta                    |      45 |
| Jalib al-Shuyukh           |      53 |
| Jamalpur                   |      12 |
| Jaroslavl                  |      80 |
| Jastrzebie-Zdrj            |      76 |
| Jedda                      |      82 |
| Jelets                     |      80 |
| Jhansi                     |      44 |
| Jinchang                   |      23 |
| Jining                     |      23 |
| Jinzhou                    |      23 |
| Jodhpur                    |      44 |
| Johannesburg               |      85 |
| Joliet                     |     103 |
| Jos Azueta                 |      60 |
| Juazeiro do Norte          |      15 |
| Juiz de Fora               |      15 |
| Junan                      |      23 |
| Jurez                      |      60 |
| Kabul                      |       1 |
| Kaduna                     |      69 |
| Kakamigahara               |      50 |
| Kaliningrad                |      80 |
| Kalisz                     |      76 |
| Kamakura                   |      50 |
| Kamarhati                  |      44 |
| Kamjanets-Podilskyi        |     100 |
| Kamyin                     |      80 |
| Kanazawa                   |      50 |
| Kanchrapara                |      44 |
| Kansas City                |     103 |
| Karnal                     |      44 |
| Katihar                    |      44 |
| Kermanshah                 |      46 |
| Kilis                      |      97 |
| Kimberley                  |      85 |
| Kimchon                    |      86 |
| Kingstown                  |      81 |
| Kirovo-Tepetsk             |      80 |
| Kisumu                     |      52 |
| Kitwe                      |     109 |
| Klerksdorp                 |      85 |
| Kolpino                    |      80 |
| Konotop                    |     100 |
| Koriyama                   |      50 |
| Korla                      |      23 |
| Korolev                    |      80 |
| Kowloon and New Kowloon    |      42 |
| Kragujevac                 |     108 |
| Ktahya                     |      97 |
| Kuching                    |      59 |
| Kumbakonam                 |      44 |
| Kurashiki                  |      50 |
| Kurgan                     |      80 |
| Kursk                      |      80 |
| Kuwana                     |      50 |
| La Paz                     |      60 |
| La Plata                   |       6 |
| La Romana                  |      27 |
| Laiwu                      |      23 |
| Lancaster                  |     103 |
| Laohekou                   |      23 |
| Lapu-Lapu                  |      75 |
| Laredo                     |     103 |
| Lausanne                   |      91 |
| Le Mans                    |      34 |
| Lengshuijiang              |      23 |
| Leshan                     |      23 |
| Lethbridge                 |      20 |
| Lhokseumawe                |      45 |
| Liaocheng                  |      23 |
| Liepaja                    |      54 |
| Lilongwe                   |      58 |
| Lima                       |      74 |
| Lincoln                    |     103 |
| Linz                       |       9 |
| Lipetsk                    |      80 |
| Livorno                    |      49 |
| Ljubertsy                  |      80 |
| Loja                       |      28 |
| London                     |     102 |
| London                     |      20 |
| Lublin                     |      76 |
| Lubumbashi                 |      25 |
| Lungtan                    |      92 |
| Luzinia                    |      15 |
| Madiun                     |      45 |
| Mahajanga                  |      57 |
| Maikop                     |      80 |
| Malm                       |      90 |
| Manchester                 |     103 |
| Mandaluyong                |      75 |
| Mandi Bahauddin            |      72 |
| Mannheim                   |      38 |
| Maracabo                   |     104 |
| Mardan                     |      72 |
| Maring                     |      15 |
| Masqat                     |      71 |
| Matamoros                  |      60 |
| Matsue                     |      50 |
| Meixian                    |      23 |
| Memphis                    |     103 |
| Merlo                      |       6 |
| Mexicali                   |      60 |
| Miraj                      |      44 |
| Mit Ghamr                  |      29 |
| Miyakonojo                 |      50 |
| Mogiljov                   |      13 |
| Molodetno                  |      13 |
| Monclova                   |      60 |
| Monywa                     |      64 |
| Moscow                     |      80 |
| Mosul                      |      47 |
| Mukateve                   |     100 |
| Munger (Monghyr)           |      44 |
| Mwanza                     |      93 |
| Mwene-Ditu                 |      25 |
| Myingyan                   |      64 |
| Mysore                     |      44 |
| Naala-Porto                |      63 |
| Nabereznyje Telny          |      80 |
| Nador                      |      62 |
| Nagaon                     |      44 |
| Nagareyama                 |      50 |
| Najafabad                  |      46 |
| Naju                       |      86 |
| Nakhon Sawan               |      94 |
| Nam Dinh                   |     105 |
| Namibe                     |       4 |
| Nantou                     |      92 |
| Nanyang                    |      23 |
| NDjamna                    |      21 |
| Newcastle                  |      85 |
| Nezahualcyotl              |      60 |
| Nha Trang                  |     105 |
| Niznekamsk                 |      80 |
| Novi Sad                   |     108 |
| Novoterkassk               |      80 |
| Nukualofa                  |      95 |
| Nuuk                       |      40 |
| Nyeri                      |      52 |
| Ocumare del Tuy            |     104 |
| Ogbomosho                  |      69 |
| Okara                      |      72 |
| Okayama                    |      50 |
| Okinawa                    |      50 |
| Olomouc                    |      26 |
| Omdurman                   |      89 |
| Omiya                      |      50 |
| Ondo                       |      69 |
| Onomichi                   |      50 |
| Oshawa                     |      20 |
| Osmaniye                   |      97 |
| ostka                      |     100 |
| Otsu                       |      50 |
| Oulu                       |      33 |
| Ourense (Orense)           |      87 |
| Owo                        |      69 |
| Oyo                        |      69 |
| Ozamis                     |      75 |
| Paarl                      |      85 |
| Pachuca de Soto            |      60 |
| Pak Kret                   |      94 |
| Palghat (Palakkad)         |      44 |
| Pangkal Pinang             |      45 |
| Papeete                    |      36 |
| Parbhani                   |      44 |
| Pathankot                  |      44 |
| Patiala                    |      44 |
| Patras                     |      39 |
| Pavlodar                   |      51 |
| Pemalang                   |      45 |
| Peoria                     |     103 |
| Pereira                    |      24 |
| Phnom Penh                 |      18 |
| Pingxiang                  |      23 |
| Pjatigorsk                 |      80 |
| Plock                      |      76 |
| Po                         |      15 |
| Ponce                      |      77 |
| Pontianak                  |      45 |
| Poos de Caldas             |      15 |
| Portoviejo                 |      28 |
| Probolinggo                |      45 |
| Pudukkottai                |      44 |
| Pune                       |      44 |
| Purnea (Purnia)            |      44 |
| Purwakarta                 |      45 |
| Pyongyang                  |      70 |
| Qalyub                     |      29 |
| Qinhuangdao                |      23 |
| Qomsheh                    |      46 |
| Quilmes                    |       6 |
| Rae Bareli                 |      44 |
| Rajkot                     |      44 |
| Rampur                     |      44 |
| Rancagua                   |      22 |
| Ranchi                     |      44 |
| Richmond Hill              |      20 |
| Rio Claro                  |      15 |
| Rizhao                     |      23 |
| Roanoke                    |     103 |
| Robamba                    |      28 |
| Rockford                   |     103 |
| Ruse                       |      17 |
| Rustenburg                 |      85 |
| s-Hertogenbosch            |      67 |
| Saarbrcken                 |      38 |
| Sagamihara                 |      50 |
| Saint Louis                |     103 |
| Saint-Denis                |      79 |
| Sal                        |      62 |
| Salala                     |      71 |
| Salamanca                  |      60 |
| Salinas                    |     103 |
| Salzburg                   |       9 |
| Sambhal                    |      44 |
| San Bernardino             |     103 |
| San Felipe de Puerto Plata |      27 |
| San Felipe del Progreso    |      60 |
| San Juan Bautista Tuxtepec |      60 |
| San Lorenzo                |      73 |
| San Miguel de Tucumn       |       6 |
| Sanaa                      |     107 |
| Santa Brbara dOeste        |      15 |
| Santa F                    |       6 |
| Santa Rosa                 |      75 |
| Santiago de Compostela     |      87 |
| Santiago de los Caballeros |      27 |
| Santo Andr                 |      15 |
| Sanya                      |      23 |
| Sasebo                     |      50 |
| Satna                      |      44 |
| Sawhaj                     |      29 |
| Serpuhov                   |      80 |
| Shahr-e Kord               |      46 |
| Shanwei                    |      23 |
| Shaoguan                   |      23 |
| Sharja                     |     101 |
| Shenzhen                   |      23 |
| Shikarpur                  |      72 |
| Shimoga                    |      44 |
| Shimonoseki                |      50 |
| Shivapuri                  |      44 |
| Shubra al-Khayma           |      29 |
| Siegen                     |      38 |
| Siliguri (Shiliguri)       |      44 |
| Simferopol                 |     100 |
| Sincelejo                  |      24 |
| Sirjan                     |      46 |
| Sivas                      |      97 |
| Skikda                     |       2 |
| Smolensk                   |      80 |
| So Bernardo do Campo       |      15 |
| So Leopoldo                |      15 |
| Sogamoso                   |      24 |
| Sokoto                     |      69 |
| Songkhla                   |      94 |
| Sorocaba                   |      15 |
| Soshanguve                 |      85 |
| Sousse                     |      96 |
| South Hill                 |       5 |
| Southampton                |     102 |
| Southend-on-Sea            |     102 |
| Southport                  |     102 |
| Springs                    |      85 |
| Stara Zagora               |      17 |
| Sterling Heights           |     103 |
| Stockport                  |     102 |
| Sucre                      |      14 |
| Suihua                     |      23 |
| Sullana                    |      74 |
| Sultanbeyli                |      97 |
| Sumqayit                   |      10 |
| Sumy                       |     100 |
| Sungai Petani              |      59 |
| Sunnyvale                  |     103 |
| Surakarta                  |      45 |
| Syktyvkar                  |      80 |
| Syrakusa                   |      49 |
| Szkesfehrvr                |      43 |
| Tabora                     |      93 |
| Tabriz                     |      46 |
| Tabuk                      |      82 |
| Tafuna                     |       3 |
| Taguig                     |      75 |
| Taizz                      |     107 |
| Talavera                   |      75 |
| Tallahassee                |     103 |
| Tama                       |      50 |
| Tambaram                   |      44 |
| Tanauan                    |      75 |
| Tandil                     |       6 |
| Tangail                    |      12 |
| Tanshui                    |      92 |
| Tanza                      |      75 |
| Tarlac                     |      75 |
| Tarsus                     |      97 |
| Tartu                      |      30 |
| Teboksary                  |      80 |
| Tegal                      |      45 |
| Tel Aviv-Jaffa             |      48 |
| Tete                       |      63 |
| Tianjin                    |      23 |
| Tiefa                      |      23 |
| Tieli                      |      23 |
| Tokat                      |      97 |
| Tonghae                    |      86 |
| Tongliao                   |      23 |
| Torren                     |      60 |
| Touliu                     |      92 |
| Toulon                     |      34 |
| Toulouse                   |      34 |
| Trshavn                    |      32 |
| Tsaotun                    |      92 |
| Tsuyama                    |      50 |
| Tuguegarao                 |      75 |
| Tychy                      |      76 |
| Udaipur                    |      44 |
| Udine                      |      49 |
| Ueda                       |      50 |
| Uijongbu                   |      86 |
| Uluberia                   |      44 |
| Urawa                      |      50 |
| Uruapan                    |      60 |
| Usak                       |      97 |
| Usolje-Sibirskoje          |      80 |
| Uttarpara-Kotrung          |      44 |
| Vaduz                      |      55 |
| Valencia                   |     104 |
| Valle de la Pascua         |     104 |
| Valle de Santiago          |      60 |
| Valparai                   |      44 |
| Vancouver                  |      20 |
| Varanasi (Benares)         |      44 |
| Vicente Lpez               |       6 |
| Vijayawada                 |      44 |
| Vila Velha                 |      15 |
| Vilnius                    |      56 |
| Vinh                       |     105 |
| Vitria de Santo Anto       |      15 |
| Warren                     |     103 |
| Weifang                    |      23 |
| Witten                     |      38 |
| Woodridge                  |       8 |
| Wroclaw                    |      76 |
| Xiangfan                   |      23 |
| Xiangtan                   |      23 |
| Xintai                     |      23 |
| Xinxiang                   |      23 |
| Yamuna Nagar               |      44 |
| Yangor                     |      65 |
| Yantai                     |      23 |
| Yaound                     |      19 |
| Yerevan                    |       7 |
| Yinchuan                   |      23 |
| Yingkou                    |      23 |
| York                       |     102 |
| Yuncheng                   |      23 |
| Yuzhou                     |      23 |
| Zalantun                   |      23 |
| Zanzibar                   |      93 |
| Zaoyang                    |      23 |
| Zapopan                    |      60 |
| Zaria                      |      69 |
| Zeleznogorsk               |      80 |
| Zhezqazghan                |      51 |
| Zhoushan                   |      23 |
| Ziguinchor                 |      83 |
+----------------------------+---------+
600 rows in set (0.00 sec)

mysql> select distinct pais_id from cidade;
+---------+
| pais_id |
+---------+
|       1 |
|       2 |
|       3 |
|       4 |
|       5 |
|       6 |
|       7 |
|       8 |
|       9 |
|      10 |
|      11 |
|      12 |
|      13 |
|      14 |
|      15 |
|      16 |
|      17 |
|      18 |
|      19 |
|      20 |
|      21 |
|      22 |
|      23 |
|      24 |
|      25 |
|      26 |
|      27 |
|      28 |
|      29 |
|      30 |
|      31 |
|      32 |
|      33 |
|      34 |
|      35 |
|      36 |
|      37 |
|      38 |
|      39 |
|      40 |
|      41 |
|      42 |
|      43 |
|      44 |
|      45 |
|      46 |
|      47 |
|      48 |
|      49 |
|      50 |
|      51 |
|      52 |
|      53 |
|      54 |
|      55 |
|      56 |
|      57 |
|      58 |
|      59 |
|      60 |
|      61 |
|      62 |
|      63 |
|      64 |
|      65 |
|      66 |
|      67 |
|      68 |
|      69 |
|      70 |
|      71 |
|      72 |
|      73 |
|      74 |
|      75 |
|      76 |
|      77 |
|      78 |
|      79 |
|      80 |
|      81 |
|      82 |
|      83 |
|      84 |
|      85 |
|      86 |
|      87 |
|      88 |
|      89 |
|      90 |
|      91 |
|      92 |
|      93 |
|      94 |
|      95 |
|      96 |
|      97 |
|      98 |
|      99 |
|     100 |
|     101 |
|     102 |
|     103 |
|     104 |
|     105 |
|     106 |
|     107 |
|     108 |
|     109 |
+---------+
109 rows in set (0.00 sec)

mysql> select distinct pais_id from cidade where count(pais_id) > 3;
ERROR 1111 (HY000): Invalid use of group function
mysql> select distinct pais_id from cidade group by count(pais_id) > 3;
ERROR 1111 (HY000): Invalid use of group function
mysql> select pais_id from cidade group by count(pais_id) > 3;
ERROR 1111 (HY000): Invalid use of group function
mysql> select pais_id from cidade group by pais_id having count(pais_id) > 3;
+---------+
| pais_id |
+---------+
|       6 |
|      15 |
|      20 |
|      23 |
|      24 |
|      29 |
|      34 |
|      38 |
|      44 |
|      45 |
|      46 |
|      48 |
|      49 |
|      50 |
|      60 |
|      67 |
|      69 |
|      72 |
|      74 |
|      75 |
|      76 |
|      80 |
|      82 |
|      85 |
|      86 |
|      87 |
|      92 |
|      97 |
|     100 |
|     102 |
|     103 |
|     104 |
|     105 |
|     107 |
+---------+
34 rows in set (0.00 sec)

mysql> select pais_id, cidade from cidade group by pais_id having count(pais_id) > 3;
ERROR 1055 (42000): Expression #2 of SELECT list is not in GROUP BY clause and contains nonaggregated column 'sakila.cidade.cidade' which is not functionally dependent on columns in GROUP BY clause; this is incompatible with sql_mode=only_full_group_by
mysql> select pais_id, cidade from cidade group by pais_id having count(pais_id) > 3 order by cidade desc;
ERROR 1055 (42000): Expression #2 of SELECT list is not in GROUP BY clause and contains nonaggregated column 'sakila.cidade.cidade' which is not functionally dependent on columns in GROUP BY clause; this is incompatible with sql_mode=only_full_group_by
mysql> select cidade from cidade group by pais_id having count(pais_id) > 3)
    -> ;
ERROR 1064 (42000): You have an error in your SQL syntax; check the manual that corresponds to your MySQL server version for the right syntax to use near ')' at line 1
mysql> select cidade from cidade group by pais_id having count(pais_id) > 3;
ERROR 1055 (42000): Expression #1 of SELECT list is not in GROUP BY clause and contains nonaggregated column 'sakila.cidade.cidade' which is not functionally dependent on columns in GROUP BY clause; this is incompatible with sql_mode=only_full_group_by
mysql> select cidade, pais_id from cidade group by pais_id having count(pais_id) > 3;
ERROR 1055 (42000): Expression #1 of SELECT list is not in GROUP BY clause and contains nonaggregated column 'sakila.cidade.cidade' which is not functionally dependent on columns in GROUP BY clause; this is incompatible with sql_mode=only_full_group_by
mysql> select pais_id from cidade group by pais_id, cidade having count(pais_id) > 3;
Empty set (0.00 sec)

mysql> select pais_id, cidade from cidade group by pais_id, cidade having count(pais_id) > 3;
Empty set (0.00 sec)

mysql> select pais_id, cidade from cidade group by pais_id, cidade having count(pais_id) > 1;
Empty set (0.00 sec)

mysql> select pais_id, cidade from cidade group by cidade having count(pais_id) > 1;
ERROR 1055 (42000): Expression #1 of SELECT list is not in GROUP BY clause and contains nonaggregated column 'sakila.cidade.pais_id' which is not functionally dependent on columns in GROUP BY clause; this is incompatible with sql_mode=only_full_group_by
mysql> select pais.pais, cidade.cidade from pais inner join cidade group by pais.pais having count (pais) > 3;
ERROR 1630 (42000): FUNCTION sakila.count does not exist. Check the 'Function Name Parsing and Resolution' section in the Reference Manual
mysql> select pais_id, cidade from cidade group by pais_id having count(pais_id) > 3 and cidade like "%A" or cidade like "%R%;
    "> "\c
mysql> select pais_id, cidade from cidade group by pais_id having count(pais_id) > 3 and cidade like "%A" or cidade like "%R%";
ERROR 1055 (42000): Expression #2 of SELECT list is not in GROUP BY clause and contains nonaggregated column 'sakila.cidade.cidade' which is not functionally dependent on columns in GROUP BY clause; this is incompatible with sql_mode=only_full_group_by
mysql> select pais_id, cidade from cidade group by pais_id having count(pais_id) > 3 and having cidade like "%A" or cidade like "%R%";
ERROR 1064 (42000): You have an error in your SQL syntax; check the manual that corresponds to your MySQL server version for the right syntax to use near 'having cidade like "%A" or cidade like "%R%"' at line 1
mysql> select count(pais_id) as quantidade_paises, cidade from cidade group by quantidade_paises;
ERROR 1056 (42000): Can't group on 'quantidade_paises'
mysql> select count(pais_id) as quantidade_paises, cidade from cidade group by pais_id having count (pais_id) > 3;
ERROR 1630 (42000): FUNCTION sakila.count does not exist. Check the 'Function Name Parsing and Resolution' section in the Reference Manual
mysql> select count(c.cidade) from cidade c, pais p where c.pais_id = p.pais_id group by c.pais_id;
+-----------------+
| count(c.cidade) |
+-----------------+
|               1 |
|               3 |
|               1 |
|               2 |
|               1 |
|              13 |
|               1 |
|               1 |
|               3 |
|               2 |
|               1 |
|               3 |
|               2 |
|               2 |
|              28 |
|               1 |
|               2 |
|               2 |
|               2 |
|               7 |
|               1 |
|               3 |
|              53 |
|               6 |
|               2 |
|               1 |
|               3 |
|               3 |
|               6 |
|               1 |
|               1 |
|               1 |
|               1 |
|               4 |
|               1 |
|               2 |
|               1 |
|               7 |
|               2 |
|               1 |
|               1 |
|               1 |
|               1 |
|              60 |
|              14 |
|               8 |
|               1 |
|               4 |
|               7 |
|              31 |
|               2 |
|               2 |
|               1 |
|               2 |
|               1 |
|               1 |
|               1 |
|               1 |
|               3 |
|              30 |
|               1 |
|               3 |
|               3 |
|               2 |
|               1 |
|               1 |
|               5 |
|               1 |
|              13 |
|               1 |
|               2 |
|               5 |
|               3 |
|               4 |
|              20 |
|               8 |
|               2 |
|               2 |
|               1 |
|              28 |
|               1 |
|               5 |
|               1 |
|               1 |
|              11 |
|               5 |
|               5 |
|               1 |
|               2 |
|               1 |
|               3 |
|              10 |
|               3 |
|               3 |
|               1 |
|               1 |
|              15 |
|               1 |
|               1 |
|               6 |
|               3 |
|               8 |
|              35 |
|               7 |
|               6 |
|               1 |
|               4 |
|               2 |
|               1 |
+-----------------+
109 rows in set (0.00 sec)

mysql> select p.pais, count(c.cidade) from cidade c, pais p where c.pais_id = p.pais_id group by c.pais_id;
+---------------------------------------+-----------------+
| pais                                  | count(c.cidade) |
+---------------------------------------+-----------------+
| Afghanistan                           |               1 |
| Algeria                               |               3 |
| American Samoa                        |               1 |
| Angola                                |               2 |
| Anguilla                              |               1 |
| Argentina                             |              13 |
| Armenia                               |               1 |
| Australia                             |               1 |
| Austria                               |               3 |
| Azerbaijan                            |               2 |
| Bahrain                               |               1 |
| Bangladesh                            |               3 |
| Belarus                               |               2 |
| Bolivia                               |               2 |
| Brazil                                |              28 |
| Brunei                                |               1 |
| Bulgaria                              |               2 |
| Cambodia                              |               2 |
| Cameroon                              |               2 |
| Canada                                |               7 |
| Chad                                  |               1 |
| Chile                                 |               3 |
| China                                 |              53 |
| Colombia                              |               6 |
| Congo, The Democratic Republic of the |               2 |
| Czech Republic                        |               1 |
| Dominican Republic                    |               3 |
| Ecuador                               |               3 |
| Egypt                                 |               6 |
| Estonia                               |               1 |
| Ethiopia                              |               1 |
| Faroe Islands                         |               1 |
| Finland                               |               1 |
| France                                |               4 |
| French Guiana                         |               1 |
| French Polynesia                      |               2 |
| Gambia                                |               1 |
| Germany                               |               7 |
| Greece                                |               2 |
| Greenland                             |               1 |
| Holy See (Vatican City State)         |               1 |
| Hong Kong                             |               1 |
| Hungary                               |               1 |
| India                                 |              60 |
| Indonesia                             |              14 |
| Iran                                  |               8 |
| Iraq                                  |               1 |
| Israel                                |               4 |
| Italy                                 |               7 |
| Japan                                 |              31 |
| Kazakstan                             |               2 |
| Kenya                                 |               2 |
| Kuwait                                |               1 |
| Latvia                                |               2 |
| Liechtenstein                         |               1 |
| Lithuania                             |               1 |
| Madagascar                            |               1 |
| Malawi                                |               1 |
| Malaysia                              |               3 |
| Mexico                                |              30 |
| Moldova                               |               1 |
| Morocco                               |               3 |
| Mozambique                            |               3 |
| Myanmar                               |               2 |
| Nauru                                 |               1 |
| Nepal                                 |               1 |
| Netherlands                           |               5 |
| New Zealand                           |               1 |
| Nigeria                               |              13 |
| North Korea                           |               1 |
| Oman                                  |               2 |
| Pakistan                              |               5 |
| Paraguay                              |               3 |
| Peru                                  |               4 |
| Philippines                           |              20 |
| Poland                                |               8 |
| Puerto Rico                           |               2 |
| Romania                               |               2 |
| Runion                                |               1 |
| Russian Federation                    |              28 |
| Saint Vincent and the Grenadines      |               1 |
| Saudi Arabia                          |               5 |
| Senegal                               |               1 |
| Slovakia                              |               1 |
| South Africa                          |              11 |
| South Korea                           |               5 |
| Spain                                 |               5 |
| Sri Lanka                             |               1 |
| Sudan                                 |               2 |
| Sweden                                |               1 |
| Switzerland                           |               3 |
| Taiwan                                |              10 |
| Tanzania                              |               3 |
| Thailand                              |               3 |
| Tonga                                 |               1 |
| Tunisia                               |               1 |
| Turkey                                |              15 |
| Turkmenistan                          |               1 |
| Tuvalu                                |               1 |
| Ukraine                               |               6 |
| United Arab Emirates                  |               3 |
| United Kingdom                        |               8 |
| United States                         |              35 |
| Venezuela                             |               7 |
| Vietnam                               |               6 |
| Virgin Islands, U.S.                  |               1 |
| Yemen                                 |               4 |
| Yugoslavia                            |               2 |
| Zambia                                |               1 |
+---------------------------------------+-----------------+
109 rows in set (0.00 sec)

mysql> select p.pais, count(c.cidade) from cidade c, pais p where c.pais_id = p.pais_id group by c.pais_id having c.cidade like "%A" or c.cidade like "%R%" order by p.pais desc;
ERROR 1054 (42S22): Unknown column 'c.cidade' in 'having clause'
mysql> select p.pais, count(c.cidade) from cidade c, pais p where c.pais_id = p.pais_id group by c.pais_id having count (c.cidade) > 3;
ERROR 1630 (42000): FUNCTION sakila.count does not exist. Check the 'Function Name Parsing and Resolution' section in the Reference Manual
mysql> select p.pais, count(c.cidade) from cidade c, pais p where c.pais_id = p.pais_id group by c.pais_id having COUNT (c.cidade) > 3;
ERROR 1630 (42000): FUNCTION sakila.COUNT does not exist. Check the 'Function Name Parsing and Resolution' section in the Reference Manual
mysql> select p.pais, count(c.cidade) from cidade c, pais p where c.pais_id = p.pais_id group by c.pais_id having count (c.cidade) > 3;
ERROR 1630 (42000): FUNCTION sakila.count does not exist. Check the 'Function Name Parsing and Resolution' section in the Reference Manual
mysql> select p.pais, count(c.cidade) from cidade c, pais p where c.pais_id = p.pais_id group by p.pais having count (c.cidade) > 3;
ERROR 1630 (42000): FUNCTION sakila.count does not exist. Check the 'Function Name Parsing and Resolution' section in the Reference Manual
mysql> select p.pais, count(c.cidade) from cidade c, pais p where c.pais_id = p.pais_id and c.cidade like "%A" or "%R%" group by p.pais having count (c.cidade) > 3;
ERROR 1630 (42000): FUNCTION sakila.count does not exist. Check the 'Function Name Parsing and Resolution' section in the Reference Manual
mysql> select p.pais, count(c.cidade) from cidade c, pais p where c.pais_id = p.pais_id and c.cidade like 'A%' or '%R%' group by p.pais having count (c.cidade) > 3;
ERROR 1630 (42000): FUNCTION sakila.count does not exist. Check the 'Function Name Parsing and Resolution' section in the Reference Manual
mysql> SELECT p.pais, count(c.cidade) FROM cidade c, pais p WHERE c.pais_id = p.pais_id AND c.cidade LIKE 'A%' OR '%R%' GROUP BY p.pais HAVING COUNT (c.cidade) > 3;
ERROR 1630 (42000): FUNCTION sakila.COUNT does not exist. Check the 'Function Name Parsing and Resolution' section in the Reference Manual
mysql> SELECT p.pais, count(c.cidade) FROM cidade c, pais p WHERE c.pais_id = p.pais_id AND c.cidade LIKE 'A%' OR '%R%' GROUP BY p.pais HAVING COUNT (c.cidade) > 3;
ERROR 1630 (42000): FUNCTION sakila.COUNT does not exist. Check the 'Function Name Parsing and Resolution' section in the Reference Manual
mysql> SELECT
    -> p.pais,
    -> COUNT
    -> (c.cidade)
    -> FROM
    -> pais p,
    -> cidade c
    -> WHERE
    -> p.pais_id = c.pais_id
    -> AND
    -> c.cidade like "A%" or "%R%"
    -> GROUP BY
    -> p.pais
    -> HAVING
    -> COUNT
    -> (c.cidade) > 3
    -> ORDER BY
    -> 1
    -> ASC
    -> ;
ERROR 1630 (42000): FUNCTION sakila.COUNT does not exist. Check the 'Function Name Parsing and Resolution' section in the Reference Manual
mysql> select p.pais, count (c.cidade) from pais p, cidade c where p.pais_id = c.pais_id and c.cidade like "A%" or "%R%" group by p.pais having count (c.cidade) > 3 order by 1 asc;
ERROR 1630 (42000): FUNCTION sakila.count does not exist. Check the 'Function Name Parsing and Resolution' section in the Reference Manual
mysql> select p.pais, count (c.cidade) from cidade c, pais p where p.pais_id = c.pais_id and c.cidade like "A%" or "%R%" group by p.pais having count (c.cidade) > 3 order by 1 asc;
ERROR 1630 (42000): FUNCTION sakila.count does not exist. Check the 'Function Name Parsing and Resolution' section in the Reference Manual
mysql> desc clientes;
ERROR 1146 (42S02): Table 'sakila.clientes' doesn't exist
mysql> desc cliente;
+--------------------+-------------------+------+-----+-------------------+-----------------------------------------------+
| Field              | Type              | Null | Key | Default           | Extra                                         |
+--------------------+-------------------+------+-----+-------------------+-----------------------------------------------+
| cliente_id         | smallint unsigned | NO   | PRI | NULL              | auto_increment                                |
| loja_id            | tinyint unsigned  | NO   | MUL | NULL              |                                               |
| primeiro_nome      | varchar(45)       | NO   |     | NULL              |                                               |
| ultimo_nome        | varchar(45)       | NO   | MUL | NULL              |                                               |
| email              | varchar(50)       | YES  |     | NULL              |                                               |
| endereco_id        | smallint unsigned | NO   | MUL | NULL              |                                               |
| ativo              | tinyint(1)        | NO   |     | 1                 |                                               |
| data_criacao       | datetime          | NO   |     | NULL              |                                               |
| ultima_atualizacao | timestamp         | NO   |     | CURRENT_TIMESTAMP | DEFAULT_GENERATED on update CURRENT_TIMESTAMP |
+--------------------+-------------------+------+-----+-------------------+-----------------------------------------------+
9 rows in set (0.00 sec)

mysql> show tables;
+------------------+
| Tables_in_sakila |
+------------------+
| aluguel          |
| ator             |
| categoria        |
| cidade           |
| cliente          |
| endereco         |
| filme            |
| filme_ator       |
| filme_categoria  |
| filme_texto      |
| funcionario      |
| idioma           |
| inventario       |
| loja             |
| pagamento        |
| pais             |
+------------------+
16 rows in set (0.00 sec)

mysql> desc endereco;
+--------------------+-------------------+------+-----+-------------------+-----------------------------------------------+
| Field              | Type              | Null | Key | Default           | Extra                                         |
+--------------------+-------------------+------+-----+-------------------+-----------------------------------------------+
| endereco_id        | smallint unsigned | NO   | PRI | NULL              | auto_increment                                |
| endereco           | varchar(50)       | NO   |     | NULL              |                                               |
| endereco2          | varchar(50)       | YES  |     | NULL              |                                               |
| bairro             | varchar(20)       | NO   |     | NULL              |                                               |
| cidade_id          | smallint unsigned | NO   | MUL | NULL              |                                               |
| cep                | varchar(10)       | YES  |     | NULL              |                                               |
| telefone           | varchar(20)       | NO   |     | NULL              |                                               |
| ultima_atualizacao | timestamp         | NO   |     | CURRENT_TIMESTAMP | DEFAULT_GENERATED on update CURRENT_TIMESTAMP |
+--------------------+-------------------+------+-----+-------------------+-----------------------------------------------+
8 rows in set (0.00 sec)

mysql> desc pais;
+--------------------+-------------------+------+-----+-------------------+-----------------------------------------------+
| Field              | Type              | Null | Key | Default           | Extra                                         |
+--------------------+-------------------+------+-----+-------------------+-----------------------------------------------+
| pais_id            | smallint unsigned | NO   | PRI | NULL              | auto_increment                                |
| pais               | varchar(50)       | NO   |     | NULL              |                                               |
| ultima_atualizacao | timestamp         | NO   |     | CURRENT_TIMESTAMP | DEFAULT_GENERATED on update CURRENT_TIMESTAMP |
+--------------------+-------------------+------+-----+-------------------+-----------------------------------------------+
3 rows in set (0.00 sec)

mysql> select p.pais, count(c.cidade) from cidade c, pais p where p.pais_id = c.pais_id and c.cidade like "A%" or "%R%" group by p.pais having count(c.cidade) > 3 order by 1 asc;
+---------------+-----------------+
| pais          | count(c.cidade) |
+---------------+-----------------+
| Brazil        |               5 |
| India         |               5 |
| United States |               4 |
+---------------+-----------------+
3 rows in set, 1 warning (0.00 sec)

mysql> SELECT
    -> p.pais,
    -> COUNT
    -> \c;
ERROR:
No query specified

mysql> SELECT
    -> p.pais,
    -> COUNT(c.cidade)
    -> FROM
    -> cidade c,
    -> pais p
    -> WHERE
    -> p.pais_id = c.pais_id
    -> AND
    -> c.cidade
    -> LIKE
    -> "A%"
    -> OR
    -> "%R%"
    -> GROUP BY
    -> p.pais
    -> HAVING
    -> COUNT(c.cidade)
    -> > 3
    -> ORDER BY
    -> 1
    -> ASC
    -> ;
+---------------+-----------------+
| pais          | COUNT(c.cidade) |
+---------------+-----------------+
| Brazil        |               5 |
| India         |               5 |
| United States |               4 |
+---------------+-----------------+
3 rows in set, 1 warning (0.00 sec)

mysql> select count(c.cliente), p.pais from cliente c, endereco e, cidade i, pais p where c.endereco_id = e.endereco_id and e.cidade_id = i.cidade_id and i.pais_id = p.pais_id group by pais having pais = "United States";
ERROR 1054 (42S22): Unknown column 'c.cliente' in 'field list'
mysql> select count(c.cliente_id), p.pais from cliente c, endereco e, cidade i, pais p where c.endereco_id = e.endereco_id and e.cidade_id = i.cidade_id and i.pais_id = p.pais_id group by pais having pais = "United States";
+---------------------+---------------+
| count(c.cliente_id) | pais          |
+---------------------+---------------+
|                  36 | United States |
+---------------------+---------------+
1 row in set (0.01 sec)

mysql> select count(c.cliente_id), p.pais
    -> from cliente c, endereco e, cidade i, pais p
    -> where c.endereco_id = e.endereco_id
    -> and e.cidade_id = i.cidade_id
    -> and i.pais_id = p.pais_id
    -> group by pais
    -> having pais = "United States"
    -> ;
+---------------------+---------------+
| count(c.cliente_id) | pais          |
+---------------------+---------------+
|                  36 | United States |
+---------------------+---------------+
1 row in set (0.00 sec)

mysql> select count(c.cliente_id), p.pais
    -> from cliente c, endereco e, cidade i, pais p
    -> where c.endereco_id = e.endereco_id
    -> and e.cidade_id = i.cidade_id
    -> and i.pais_id = p.pais_id
    -> group by pais
    -> having pais = "Brazil"
    -> ;
+---------------------+--------+
| count(c.cliente_id) | pais   |
+---------------------+--------+
|                  28 | Brazil |
+---------------------+--------+
1 row in set (0.01 sec)

mysql> desc cliente;
+--------------------+-------------------+------+-----+-------------------+-----------------------------------------------+
| Field              | Type              | Null | Key | Default           | Extra                                         |
+--------------------+-------------------+------+-----+-------------------+-----------------------------------------------+
| cliente_id         | smallint unsigned | NO   | PRI | NULL              | auto_increment                                |
| loja_id            | tinyint unsigned  | NO   | MUL | NULL              |                                               |
| primeiro_nome      | varchar(45)       | NO   |     | NULL              |                                               |
| ultimo_nome        | varchar(45)       | NO   | MUL | NULL              |                                               |
| email              | varchar(50)       | YES  |     | NULL              |                                               |
| endereco_id        | smallint unsigned | NO   | MUL | NULL              |                                               |
| ativo              | tinyint(1)        | NO   |     | 1                 |                                               |
| data_criacao       | datetime          | NO   |     | NULL              |                                               |
| ultima_atualizacao | timestamp         | NO   |     | CURRENT_TIMESTAMP | DEFAULT_GENERATED on update CURRENT_TIMESTAMP |
+--------------------+-------------------+------+-----+-------------------+-----------------------------------------------+
9 rows in set (0.00 sec)

mysql> select c.primeiro_nome, p.pais
    -> from cliente c, endereco e, cidade i, pais p
    -> where c.endereco_id = e.endereco_id
    -> and e.cidade_id = i.cidade_id
    -> and i.pais_id = p.pais_id
    -> group by pais
    -> having pais = "United States"
    -> ;
ERROR 1055 (42000): Expression #1 of SELECT list is not in GROUP BY clause and contains nonaggregated column 'sakila.c.primeiro_nome' which is not functionally dependent on columns in GROUP BY clause; this is incompatible with sql_mode=only_full_group_by
mysql> select c.primeiro_nome, p.pais
    -> from cliente c, endereco e, cidade i, pais p
    -> where c.endereco_id = e.endereco_id
    -> and e.cidade_id = i.cidade_id
    -> and i.pais_id = p.pais_id
    -> group by pais
    -> having pais = "United States"
    -> ;
ERROR 1055 (42000): Expression #1 of SELECT list is not in GROUP BY clause and contains nonaggregated column 'sakila.c.primeiro_nome' which is not functionally dependent on columns in GROUP BY clause; this is incompatible with sql_mode=only_full_group_by
mysql> select c.primeiro_nome, p.pais
    -> from cliente c, endereco e, cidade i, pais p
    -> where c.endereco_id = e.endereco_id
    -> and e.cidade_id = i.cidade_id
    -> and i.pais_id = p.pais_id
    -> group by p.pais
    -> having pais = "United States"
    -> ;
ERROR 1055 (42000): Expression #1 of SELECT list is not in GROUP BY clause and contains nonaggregated column 'sakila.c.primeiro_nome' which is not functionally dependent on columns in GROUP BY clause; this is incompatible with sql_mode=only_full_group_by
mysql> select c.primeiro_nome
    -> from cliente c, endereco e, cidade i, pais p
    -> where c.endereco_id = e.endereco_id
    -> and e.cidade_id = i.cidade_id
    -> and i.pais_id = p.pais_id
    -> group by p.pais
    -> having pais = "United States"
    -> ;
ERROR 1055 (42000): Expression #1 of SELECT list is not in GROUP BY clause and contains nonaggregated column 'sakila.c.primeiro_nome' which is not functionally dependent on columns in GROUP BY clause; this is incompatible with sql_mode=only_full_group_by
mysql> select pais_id from pais where pais like "United States";
+---------+
| pais_id |
+---------+
|     103 |
+---------+
1 row in set (0.00 sec)

mysql> select c.primeiro_nome, p.pais
    -> from cliente c inner join pais p,
    -> endereco e, cidade i
    -> where
    -> c.endereco_id = e.endereco_id
    -> and e.cidade_id = i.cidade_id
    -> and i.pais_id = p.pais_id
    -> group by pais_id
    -> having pais_id = 103
    -> ;
ERROR 1052 (23000): Column 'pais_id' in group statement is ambiguous
mysql> select c.primeiro_nome, p.pais
    -> from cliente c inner join pais p,
    -> endereco e, cidade i
    -> where
    -> c.endereco_id = e.endereco_id
    -> and e.cidade_id = i.cidade_id
    -> and i.pais_id = p.pais_id
    -> group by pais
    -> having pais_id = 103
    -> ;
ERROR 1054 (42S22): Unknown column 'pais_id' in 'having clause'
mysql> select c.primeiro_nome, p.pais
    -> from cliente c inner join pais p,
    -> endereco e, cidade i
    -> where
    -> c.endereco_id = e.endereco_id
    -> and e.cidade_id = i.cidade_id
    -> and i.pais_id = p.pais_id
    -> group by p.pais
    -> having pais_id = 103
    -> ;
ERROR 1054 (42S22): Unknown column 'pais_id' in 'having clause'
mysql> select count(c.cliente_id), p.pais
    ->     -> from cliente c, endereco e, cidade i, pais p
    ->     -> where c.endereco_id = e.endereco_id
    ->     -> and e.cidade_id = i.cidade_id
    ->     -> and i.pais_id = p.pais_id
    ->     -> group by pais
    ->     -> having pais = "Brazil"
    -> \c
mysql> select c.primeiro_nome, p.pais
    -> from cliente c, endereco e, cidade i, pais p
    -> where c.endereco_id = e.endereco_id
    -> and e.cidade_id = i.cidade_id
    -> and i.pais_id = p.pais_id
    -> and p.pais = "United States";
+---------------+---------------+
| primeiro_nome | pais          |
+---------------+---------------+
| ZACHARY       | United States |
| RICHARD       | United States |
| DIANA         | United States |
| SCOTT         | United States |
| CLINTON       | United States |
| WILMA         | United States |
| VALERIE       | United States |
| KARL          | United States |
| BETTY         | United States |
| EVA           | United States |
| RENEE         | United States |
| BRYAN         | United States |
| SHELLY        | United States |
| JACOB         | United States |
| ALICE         | United States |
| RENE          | United States |
| IAN           | United States |
| KIM           | United States |
| VERONICA      | United States |
| NATHANIEL     | United States |
| THOMAS        | United States |
| ROSA          | United States |
| JENNIFER      | United States |
| ASHLEY        | United States |
| VICTOR        | United States |
| ANA           | United States |
| CAROLE        | United States |
| TONI          | United States |
| BILL          | United States |
| JOAN          | United States |
| CASSANDRA     | United States |
| PATRICIA      | United States |
| JAMIE         | United States |
| KRISTIN       | United States |
| CAROLINE      | United States |
| BRANDY        | United States |
+---------------+---------------+
36 rows in set (0.00 sec)

mysql> select c.primeiro_nome, p.pais
    -> from cliente c, endereco e, cidade i, pais p
    -> where c.endereco_id = e.endereco_id
    -> and e.cidade_id = i.cidade_id
    -> and i.pais_id = p.pais_id
    -> and p.pais = "Brazil";
+---------------+--------+
| primeiro_nome | pais   |
+---------------+--------+
| CLAYTON       | Brazil |
| JOSEPH        | Brazil |
| TAMARA        | Brazil |
| NATALIE       | Brazil |
| JANE          | Brazil |
| ANTONIO       | Brazil |
| NICHOLAS      | Brazil |
| TERRI         | Brazil |
| HAROLD        | Brazil |
| TIMOTHY       | Brazil |
| TINA          | Brazil |
| JESUS         | Brazil |
| CHARLOTTE     | Brazil |
| DANIEL        | Brazil |
| FRANCES       | Brazil |
| KENT          | Brazil |
| IDA           | Brazil |
| MARIAN        | Brazil |
| ELLEN         | Brazil |
| MAXINE        | Brazil |
| DENISE        | Brazil |
| MARION        | Brazil |
| JUSTIN        | Brazil |
| CODY          | Brazil |
| FRANCISCO     | Brazil |
| GEORGE        | Brazil |
| DEBRA         | Brazil |
| JEREMY        | Brazil |
+---------------+--------+
28 rows in set (0.00 sec)

mysql> select count(c.*), p.pais
    -> from cliente c, endereco e, cidade i, pais p
    -> where c.endereco_id = e.endereco_id
    -> and e.cidade_id = i.cidade_id
    -> and i.pais_id = p.pais_id
    -> and p.pais = "Brazil";
ERROR 1064 (42000): You have an error in your SQL syntax; check the manual that corresponds to your MySQL server version for the right syntax to use near '*), p.pais
from cliente c, endereco e, cidade i, pais p
where c.endereco_id = e.' at line 1
mysql> select count(c.cliente_id), p.pais
    -> from cliente c, endereco e, cidade i, pais p
    -> where c.endereco_id = e.endereco_id
    -> and e.cidade_id = i.cidade_id
    -> and i.pais_id = p.pais_id
    -> and p.pais = "Brazil";
+---------------------+--------+
| count(c.cliente_id) | pais   |
+---------------------+--------+
|                  28 | Brazil |
+---------------------+--------+
1 row in set (0.00 sec)

mysql> select count(c.cliente_id), p.pais
    -> from cliente c, endereco e, cidade i, pais p
    -> where c.endereco_id = e.endereco_id
    -> and e.cidade_id = i.cidade_id
    -> and i.pais_id = p.pais_id
    -> and p.pais = "United States"
    -> ;
+---------------------+---------------+
| count(c.cliente_id) | pais          |
+---------------------+---------------+
|                  36 | United States |
+---------------------+---------------+
1 row in set (0.00 sec)

mysql> \c
mysql> select count(c.cliente_id), p.pais
    -> from cliente c, endereco e, cidade i, pais p
    -> where c.endereco_id = e.endereco_id
    -> and e.cidade_id = i.cidade_id
    -> and i.pais_id = p.pais_id
    -> group by cliente_id;
+---------------------+---------------------------------------+
| count(c.cliente_id) | pais                                  |
+---------------------+---------------------------------------+
|                   1 | Afghanistan                           |
|                   1 | Algeria                               |
|                   1 | Algeria                               |
|                   1 | Algeria                               |
|                   1 | American Samoa                        |
|                   1 | Angola                                |
|                   1 | Angola                                |
|                   1 | Anguilla                              |
|                   1 | Argentina                             |
|                   1 | Argentina                             |
|                   1 | Argentina                             |
|                   1 | Argentina                             |
|                   1 | Argentina                             |
|                   1 | Argentina                             |
|                   1 | Argentina                             |
|                   1 | Argentina                             |
|                   1 | Argentina                             |
|                   1 | Argentina                             |
|                   1 | Argentina                             |
|                   1 | Argentina                             |
|                   1 | Argentina                             |
|                   1 | Armenia                               |
|                   1 | Austria                               |
|                   1 | Austria                               |
|                   1 | Austria                               |
|                   1 | Azerbaijan                            |
|                   1 | Azerbaijan                            |
|                   1 | Bahrain                               |
|                   1 | Bangladesh                            |
|                   1 | Bangladesh                            |
|                   1 | Bangladesh                            |
|                   1 | Belarus                               |
|                   1 | Belarus                               |
|                   1 | Bolivia                               |
|                   1 | Bolivia                               |
|                   1 | Brazil                                |
|                   1 | Brazil                                |
|                   1 | Brazil                                |
|                   1 | Brazil                                |
|                   1 | Brazil                                |
|                   1 | Brazil                                |
|                   1 | Brazil                                |
|                   1 | Brazil                                |
|                   1 | Brazil                                |
|                   1 | Brazil                                |
|                   1 | Brazil                                |
|                   1 | Brazil                                |
|                   1 | Brazil                                |
|                   1 | Brazil                                |
|                   1 | Brazil                                |
|                   1 | Brazil                                |
|                   1 | Brazil                                |
|                   1 | Brazil                                |
|                   1 | Brazil                                |
|                   1 | Brazil                                |
|                   1 | Brazil                                |
|                   1 | Brazil                                |
|                   1 | Brazil                                |
|                   1 | Brazil                                |
|                   1 | Brazil                                |
|                   1 | Brazil                                |
|                   1 | Brazil                                |
|                   1 | Brazil                                |
|                   1 | Brunei                                |
|                   1 | Bulgaria                              |
|                   1 | Bulgaria                              |
|                   1 | Cambodia                              |
|                   1 | Cambodia                              |
|                   1 | Cameroon                              |
|                   1 | Cameroon                              |
|                   1 | Canada                                |
|                   1 | Canada                                |
|                   1 | Canada                                |
|                   1 | Canada                                |
|                   1 | Canada                                |
|                   1 | Chad                                  |
|                   1 | Chile                                 |
|                   1 | Chile                                 |
|                   1 | Chile                                 |
|                   1 | China                                 |
|                   1 | China                                 |
|                   1 | China                                 |
|                   1 | China                                 |
|                   1 | China                                 |
|                   1 | China                                 |
|                   1 | China                                 |
|                   1 | China                                 |
|                   1 | China                                 |
|                   1 | China                                 |
|                   1 | China                                 |
|                   1 | China                                 |
|                   1 | China                                 |
|                   1 | China                                 |
|                   1 | China                                 |
|                   1 | China                                 |
|                   1 | China                                 |
|                   1 | China                                 |
|                   1 | China                                 |
|                   1 | China                                 |
|                   1 | China                                 |
|                   1 | China                                 |
|                   1 | China                                 |
|                   1 | China                                 |
|                   1 | China                                 |
|                   1 | China                                 |
|                   1 | China                                 |
|                   1 | China                                 |
|                   1 | China                                 |
|                   1 | China                                 |
|                   1 | China                                 |
|                   1 | China                                 |
|                   1 | China                                 |
|                   1 | China                                 |
|                   1 | China                                 |
|                   1 | China                                 |
|                   1 | China                                 |
|                   1 | China                                 |
|                   1 | China                                 |
|                   1 | China                                 |
|                   1 | China                                 |
|                   1 | China                                 |
|                   1 | China                                 |
|                   1 | China                                 |
|                   1 | China                                 |
|                   1 | China                                 |
|                   1 | China                                 |
|                   1 | China                                 |
|                   1 | China                                 |
|                   1 | China                                 |
|                   1 | China                                 |
|                   1 | China                                 |
|                   1 | China                                 |
|                   1 | Colombia                              |
|                   1 | Colombia                              |
|                   1 | Colombia                              |
|                   1 | Colombia                              |
|                   1 | Colombia                              |
|                   1 | Colombia                              |
|                   1 | Congo, The Democratic Republic of the |
|                   1 | Congo, The Democratic Republic of the |
|                   1 | Czech Republic                        |
|                   1 | Dominican Republic                    |
|                   1 | Dominican Republic                    |
|                   1 | Dominican Republic                    |
|                   1 | Ecuador                               |
|                   1 | Ecuador                               |
|                   1 | Ecuador                               |
|                   1 | Egypt                                 |
|                   1 | Egypt                                 |
|                   1 | Egypt                                 |
|                   1 | Egypt                                 |
|                   1 | Egypt                                 |
|                   1 | Egypt                                 |
|                   1 | Estonia                               |
|                   1 | Ethiopia                              |
|                   1 | Faroe Islands                         |
|                   1 | Finland                               |
|                   1 | France                                |
|                   1 | France                                |
|                   1 | France                                |
|                   1 | France                                |
|                   1 | French Guiana                         |
|                   1 | French Polynesia                      |
|                   1 | French Polynesia                      |
|                   1 | Gambia                                |
|                   1 | Germany                               |
|                   1 | Germany                               |
|                   1 | Germany                               |
|                   1 | Germany                               |
|                   1 | Germany                               |
|                   1 | Germany                               |
|                   1 | Germany                               |
|                   1 | Greece                                |
|                   1 | Greece                                |
|                   1 | Greenland                             |
|                   1 | Holy See (Vatican City State)         |
|                   1 | Hong Kong                             |
|                   1 | Hungary                               |
|                   1 | India                                 |
|                   1 | India                                 |
|                   1 | India                                 |
|                   1 | India                                 |
|                   1 | India                                 |
|                   1 | India                                 |
|                   1 | India                                 |
|                   1 | India                                 |
|                   1 | India                                 |
|                   1 | India                                 |
|                   1 | India                                 |
|                   1 | India                                 |
|                   1 | India                                 |
|                   1 | India                                 |
|                   1 | India                                 |
|                   1 | India                                 |
|                   1 | India                                 |
|                   1 | India                                 |
|                   1 | India                                 |
|                   1 | India                                 |
|                   1 | India                                 |
|                   1 | India                                 |
|                   1 | India                                 |
|                   1 | India                                 |
|                   1 | India                                 |
|                   1 | India                                 |
|                   1 | India                                 |
|                   1 | India                                 |
|                   1 | India                                 |
|                   1 | India                                 |
|                   1 | India                                 |
|                   1 | India                                 |
|                   1 | India                                 |
|                   1 | India                                 |
|                   1 | India                                 |
|                   1 | India                                 |
|                   1 | India                                 |
|                   1 | India                                 |
|                   1 | India                                 |
|                   1 | India                                 |
|                   1 | India                                 |
|                   1 | India                                 |
|                   1 | India                                 |
|                   1 | India                                 |
|                   1 | India                                 |
|                   1 | India                                 |
|                   1 | India                                 |
|                   1 | India                                 |
|                   1 | India                                 |
|                   1 | India                                 |
|                   1 | India                                 |
|                   1 | India                                 |
|                   1 | India                                 |
|                   1 | India                                 |
|                   1 | India                                 |
|                   1 | India                                 |
|                   1 | India                                 |
|                   1 | India                                 |
|                   1 | India                                 |
|                   1 | India                                 |
|                   1 | Indonesia                             |
|                   1 | Indonesia                             |
|                   1 | Indonesia                             |
|                   1 | Indonesia                             |
|                   1 | Indonesia                             |
|                   1 | Indonesia                             |
|                   1 | Indonesia                             |
|                   1 | Indonesia                             |
|                   1 | Indonesia                             |
|                   1 | Indonesia                             |
|                   1 | Indonesia                             |
|                   1 | Indonesia                             |
|                   1 | Indonesia                             |
|                   1 | Indonesia                             |
|                   1 | Iran                                  |
|                   1 | Iran                                  |
|                   1 | Iran                                  |
|                   1 | Iran                                  |
|                   1 | Iran                                  |
|                   1 | Iran                                  |
|                   1 | Iran                                  |
|                   1 | Iran                                  |
|                   1 | Iraq                                  |
|                   1 | Israel                                |
|                   1 | Israel                                |
|                   1 | Israel                                |
|                   1 | Israel                                |
|                   1 | Italy                                 |
|                   1 | Italy                                 |
|                   1 | Italy                                 |
|                   1 | Italy                                 |
|                   1 | Italy                                 |
|                   1 | Italy                                 |
|                   1 | Italy                                 |
|                   1 | Japan                                 |
|                   1 | Japan                                 |
|                   1 | Japan                                 |
|                   1 | Japan                                 |
|                   1 | Japan                                 |
|                   1 | Japan                                 |
|                   1 | Japan                                 |
|                   1 | Japan                                 |
|                   1 | Japan                                 |
|                   1 | Japan                                 |
|                   1 | Japan                                 |
|                   1 | Japan                                 |
|                   1 | Japan                                 |
|                   1 | Japan                                 |
|                   1 | Japan                                 |
|                   1 | Japan                                 |
|                   1 | Japan                                 |
|                   1 | Japan                                 |
|                   1 | Japan                                 |
|                   1 | Japan                                 |
|                   1 | Japan                                 |
|                   1 | Japan                                 |
|                   1 | Japan                                 |
|                   1 | Japan                                 |
|                   1 | Japan                                 |
|                   1 | Japan                                 |
|                   1 | Japan                                 |
|                   1 | Japan                                 |
|                   1 | Japan                                 |
|                   1 | Japan                                 |
|                   1 | Japan                                 |
|                   1 | Kazakstan                             |
|                   1 | Kazakstan                             |
|                   1 | Kenya                                 |
|                   1 | Kenya                                 |
|                   1 | Kuwait                                |
|                   1 | Latvia                                |
|                   1 | Latvia                                |
|                   1 | Liechtenstein                         |
|                   1 | Lithuania                             |
|                   1 | Madagascar                            |
|                   1 | Malawi                                |
|                   1 | Malaysia                              |
|                   1 | Malaysia                              |
|                   1 | Malaysia                              |
|                   1 | Mexico                                |
|                   1 | Mexico                                |
|                   1 | Mexico                                |
|                   1 | Mexico                                |
|                   1 | Mexico                                |
|                   1 | Mexico                                |
|                   1 | Mexico                                |
|                   1 | Mexico                                |
|                   1 | Mexico                                |
|                   1 | Mexico                                |
|                   1 | Mexico                                |
|                   1 | Mexico                                |
|                   1 | Mexico                                |
|                   1 | Mexico                                |
|                   1 | Mexico                                |
|                   1 | Mexico                                |
|                   1 | Mexico                                |
|                   1 | Mexico                                |
|                   1 | Mexico                                |
|                   1 | Mexico                                |
|                   1 | Mexico                                |
|                   1 | Mexico                                |
|                   1 | Mexico                                |
|                   1 | Mexico                                |
|                   1 | Mexico                                |
|                   1 | Mexico                                |
|                   1 | Mexico                                |
|                   1 | Mexico                                |
|                   1 | Mexico                                |
|                   1 | Mexico                                |
|                   1 | Moldova                               |
|                   1 | Morocco                               |
|                   1 | Morocco                               |
|                   1 | Morocco                               |
|                   1 | Mozambique                            |
|                   1 | Mozambique                            |
|                   1 | Mozambique                            |
|                   1 | Myanmar                               |
|                   1 | Myanmar                               |
|                   1 | Nauru                                 |
|                   1 | Nepal                                 |
|                   1 | Netherlands                           |
|                   1 | Netherlands                           |
|                   1 | Netherlands                           |
|                   1 | Netherlands                           |
|                   1 | Netherlands                           |
|                   1 | New Zealand                           |
|                   1 | Nigeria                               |
|                   1 | Nigeria                               |
|                   1 | Nigeria                               |
|                   1 | Nigeria                               |
|                   1 | Nigeria                               |
|                   1 | Nigeria                               |
|                   1 | Nigeria                               |
|                   1 | Nigeria                               |
|                   1 | Nigeria                               |
|                   1 | Nigeria                               |
|                   1 | Nigeria                               |
|                   1 | Nigeria                               |
|                   1 | Nigeria                               |
|                   1 | North Korea                           |
|                   1 | Oman                                  |
|                   1 | Oman                                  |
|                   1 | Pakistan                              |
|                   1 | Pakistan                              |
|                   1 | Pakistan                              |
|                   1 | Pakistan                              |
|                   1 | Pakistan                              |
|                   1 | Paraguay                              |
|                   1 | Paraguay                              |
|                   1 | Paraguay                              |
|                   1 | Peru                                  |
|                   1 | Peru                                  |
|                   1 | Peru                                  |
|                   1 | Peru                                  |
|                   1 | Philippines                           |
|                   1 | Philippines                           |
|                   1 | Philippines                           |
|                   1 | Philippines                           |
|                   1 | Philippines                           |
|                   1 | Philippines                           |
|                   1 | Philippines                           |
|                   1 | Philippines                           |
|                   1 | Philippines                           |
|                   1 | Philippines                           |
|                   1 | Philippines                           |
|                   1 | Philippines                           |
|                   1 | Philippines                           |
|                   1 | Philippines                           |
|                   1 | Philippines                           |
|                   1 | Philippines                           |
|                   1 | Philippines                           |
|                   1 | Philippines                           |
|                   1 | Philippines                           |
|                   1 | Philippines                           |
|                   1 | Poland                                |
|                   1 | Poland                                |
|                   1 | Poland                                |
|                   1 | Poland                                |
|                   1 | Poland                                |
|                   1 | Poland                                |
|                   1 | Poland                                |
|                   1 | Poland                                |
|                   1 | Puerto Rico                           |
|                   1 | Puerto Rico                           |
|                   1 | Romania                               |
|                   1 | Romania                               |
|                   1 | Runion                                |
|                   1 | Russian Federation                    |
|                   1 | Russian Federation                    |
|                   1 | Russian Federation                    |
|                   1 | Russian Federation                    |
|                   1 | Russian Federation                    |
|                   1 | Russian Federation                    |
|                   1 | Russian Federation                    |
|                   1 | Russian Federation                    |
|                   1 | Russian Federation                    |
|                   1 | Russian Federation                    |
|                   1 | Russian Federation                    |
|                   1 | Russian Federation                    |
|                   1 | Russian Federation                    |
|                   1 | Russian Federation                    |
|                   1 | Russian Federation                    |
|                   1 | Russian Federation                    |
|                   1 | Russian Federation                    |
|                   1 | Russian Federation                    |
|                   1 | Russian Federation                    |
|                   1 | Russian Federation                    |
|                   1 | Russian Federation                    |
|                   1 | Russian Federation                    |
|                   1 | Russian Federation                    |
|                   1 | Russian Federation                    |
|                   1 | Russian Federation                    |
|                   1 | Russian Federation                    |
|                   1 | Russian Federation                    |
|                   1 | Russian Federation                    |
|                   1 | Saint Vincent and the Grenadines      |
|                   1 | Saudi Arabia                          |
|                   1 | Saudi Arabia                          |
|                   1 | Saudi Arabia                          |
|                   1 | Saudi Arabia                          |
|                   1 | Saudi Arabia                          |
|                   1 | Senegal                               |
|                   1 | Slovakia                              |
|                   1 | South Africa                          |
|                   1 | South Africa                          |
|                   1 | South Africa                          |
|                   1 | South Africa                          |
|                   1 | South Africa                          |
|                   1 | South Africa                          |
|                   1 | South Africa                          |
|                   1 | South Africa                          |
|                   1 | South Africa                          |
|                   1 | South Africa                          |
|                   1 | South Africa                          |
|                   1 | South Korea                           |
|                   1 | South Korea                           |
|                   1 | South Korea                           |
|                   1 | South Korea                           |
|                   1 | South Korea                           |
|                   1 | Spain                                 |
|                   1 | Spain                                 |
|                   1 | Spain                                 |
|                   1 | Spain                                 |
|                   1 | Spain                                 |
|                   1 | Sri Lanka                             |
|                   1 | Sudan                                 |
|                   1 | Sudan                                 |
|                   1 | Sweden                                |
|                   1 | Switzerland                           |
|                   1 | Switzerland                           |
|                   1 | Switzerland                           |
|                   1 | Taiwan                                |
|                   1 | Taiwan                                |
|                   1 | Taiwan                                |
|                   1 | Taiwan                                |
|                   1 | Taiwan                                |
|                   1 | Taiwan                                |
|                   1 | Taiwan                                |
|                   1 | Taiwan                                |
|                   1 | Taiwan                                |
|                   1 | Taiwan                                |
|                   1 | Tanzania                              |
|                   1 | Tanzania                              |
|                   1 | Tanzania                              |
|                   1 | Thailand                              |
|                   1 | Thailand                              |
|                   1 | Thailand                              |
|                   1 | Tonga                                 |
|                   1 | Tunisia                               |
|                   1 | Turkey                                |
|                   1 | Turkey                                |
|                   1 | Turkey                                |
|                   1 | Turkey                                |
|                   1 | Turkey                                |
|                   1 | Turkey                                |
|                   1 | Turkey                                |
|                   1 | Turkey                                |
|                   1 | Turkey                                |
|                   1 | Turkey                                |
|                   1 | Turkey                                |
|                   1 | Turkey                                |
|                   1 | Turkey                                |
|                   1 | Turkey                                |
|                   1 | Turkey                                |
|                   1 | Turkmenistan                          |
|                   1 | Tuvalu                                |
|                   1 | Ukraine                               |
|                   1 | Ukraine                               |
|                   1 | Ukraine                               |
|                   1 | Ukraine                               |
|                   1 | Ukraine                               |
|                   1 | Ukraine                               |
|                   1 | United Arab Emirates                  |
|                   1 | United Arab Emirates                  |
|                   1 | United Arab Emirates                  |
|                   1 | United Kingdom                        |
|                   1 | United Kingdom                        |
|                   1 | United Kingdom                        |
|                   1 | United Kingdom                        |
|                   1 | United Kingdom                        |
|                   1 | United Kingdom                        |
|                   1 | United Kingdom                        |
|                   1 | United Kingdom                        |
|                   1 | United Kingdom                        |
|                   1 | United States                         |
|                   1 | United States                         |
|                   1 | United States                         |
|                   1 | United States                         |
|                   1 | United States                         |
|                   1 | United States                         |
|                   1 | United States                         |
|                   1 | United States                         |
|                   1 | United States                         |
|                   1 | United States                         |
|                   1 | United States                         |
|                   1 | United States                         |
|                   1 | United States                         |
|                   1 | United States                         |
|                   1 | United States                         |
|                   1 | United States                         |
|                   1 | United States                         |
|                   1 | United States                         |
|                   1 | United States                         |
|                   1 | United States                         |
|                   1 | United States                         |
|                   1 | United States                         |
|                   1 | United States                         |
|                   1 | United States                         |
|                   1 | United States                         |
|                   1 | United States                         |
|                   1 | United States                         |
|                   1 | United States                         |
|                   1 | United States                         |
|                   1 | United States                         |
|                   1 | United States                         |
|                   1 | United States                         |
|                   1 | United States                         |
|                   1 | United States                         |
|                   1 | United States                         |
|                   1 | United States                         |
|                   1 | Venezuela                             |
|                   1 | Venezuela                             |
|                   1 | Venezuela                             |
|                   1 | Venezuela                             |
|                   1 | Venezuela                             |
|                   1 | Venezuela                             |
|                   1 | Venezuela                             |
|                   1 | Vietnam                               |
|                   1 | Vietnam                               |
|                   1 | Vietnam                               |
|                   1 | Vietnam                               |
|                   1 | Vietnam                               |
|                   1 | Vietnam                               |
|                   1 | Virgin Islands, U.S.                  |
|                   1 | Yemen                                 |
|                   1 | Yemen                                 |
|                   1 | Yemen                                 |
|                   1 | Yemen                                 |
|                   1 | Yugoslavia                            |
|                   1 | Yugoslavia                            |
|                   1 | Zambia                                |
+---------------------+---------------------------------------+
599 rows in set (0.01 sec)

mysql> select distinct count(c.cliente_id), p.pais
    -> from cliente c, endereco e, cidade i, pais p
    -> where c.endereco_id = e.endereco_id
    -> and e.cidade_id = i.cidade_id
    -> and i.pais_id = p.pais_id
    -> group by cliente_id;
+---------------------+---------------------------------------+
| count(c.cliente_id) | pais                                  |
+---------------------+---------------------------------------+
|                   1 | Afghanistan                           |
|                   1 | Algeria                               |
|                   1 | American Samoa                        |
|                   1 | Angola                                |
|                   1 | Anguilla                              |
|                   1 | Argentina                             |
|                   1 | Armenia                               |
|                   1 | Austria                               |
|                   1 | Azerbaijan                            |
|                   1 | Bahrain                               |
|                   1 | Bangladesh                            |
|                   1 | Belarus                               |
|                   1 | Bolivia                               |
|                   1 | Brazil                                |
|                   1 | Brunei                                |
|                   1 | Bulgaria                              |
|                   1 | Cambodia                              |
|                   1 | Cameroon                              |
|                   1 | Canada                                |
|                   1 | Chad                                  |
|                   1 | Chile                                 |
|                   1 | China                                 |
|                   1 | Colombia                              |
|                   1 | Congo, The Democratic Republic of the |
|                   1 | Czech Republic                        |
|                   1 | Dominican Republic                    |
|                   1 | Ecuador                               |
|                   1 | Egypt                                 |
|                   1 | Estonia                               |
|                   1 | Ethiopia                              |
|                   1 | Faroe Islands                         |
|                   1 | Finland                               |
|                   1 | France                                |
|                   1 | French Guiana                         |
|                   1 | French Polynesia                      |
|                   1 | Gambia                                |
|                   1 | Germany                               |
|                   1 | Greece                                |
|                   1 | Greenland                             |
|                   1 | Holy See (Vatican City State)         |
|                   1 | Hong Kong                             |
|                   1 | Hungary                               |
|                   1 | India                                 |
|                   1 | Indonesia                             |
|                   1 | Iran                                  |
|                   1 | Iraq                                  |
|                   1 | Israel                                |
|                   1 | Italy                                 |
|                   1 | Japan                                 |
|                   1 | Kazakstan                             |
|                   1 | Kenya                                 |
|                   1 | Kuwait                                |
|                   1 | Latvia                                |
|                   1 | Liechtenstein                         |
|                   1 | Lithuania                             |
|                   1 | Madagascar                            |
|                   1 | Malawi                                |
|                   1 | Malaysia                              |
|                   1 | Mexico                                |
|                   1 | Moldova                               |
|                   1 | Morocco                               |
|                   1 | Mozambique                            |
|                   1 | Myanmar                               |
|                   1 | Nauru                                 |
|                   1 | Nepal                                 |
|                   1 | Netherlands                           |
|                   1 | New Zealand                           |
|                   1 | Nigeria                               |
|                   1 | North Korea                           |
|                   1 | Oman                                  |
|                   1 | Pakistan                              |
|                   1 | Paraguay                              |
|                   1 | Peru                                  |
|                   1 | Philippines                           |
|                   1 | Poland                                |
|                   1 | Puerto Rico                           |
|                   1 | Romania                               |
|                   1 | Runion                                |
|                   1 | Russian Federation                    |
|                   1 | Saint Vincent and the Grenadines      |
|                   1 | Saudi Arabia                          |
|                   1 | Senegal                               |
|                   1 | Slovakia                              |
|                   1 | South Africa                          |
|                   1 | South Korea                           |
|                   1 | Spain                                 |
|                   1 | Sri Lanka                             |
|                   1 | Sudan                                 |
|                   1 | Sweden                                |
|                   1 | Switzerland                           |
|                   1 | Taiwan                                |
|                   1 | Tanzania                              |
|                   1 | Thailand                              |
|                   1 | Tonga                                 |
|                   1 | Tunisia                               |
|                   1 | Turkey                                |
|                   1 | Turkmenistan                          |
|                   1 | Tuvalu                                |
|                   1 | Ukraine                               |
|                   1 | United Arab Emirates                  |
|                   1 | United Kingdom                        |
|                   1 | United States                         |
|                   1 | Venezuela                             |
|                   1 | Vietnam                               |
|                   1 | Virgin Islands, U.S.                  |
|                   1 | Yemen                                 |
|                   1 | Yugoslavia                            |
|                   1 | Zambia                                |
+---------------------+---------------------------------------+
108 rows in set (0.01 sec)

mysql> select distinct count(c.cliente_id), p.pais
    -> from cliente c, endereco e, cidade i, pais p
    -> where c.endereco_id = e.endereco_id
    -> and e.cidade_id = i.cidade_id
    -> and i.pais_id = p.pais_id
    -> group by cliente_id
    -> having c.pais_id = p.pais_id
    -> ;
ERROR 1054 (42S22): Unknown column 'c.pais_id' in 'having clause'
mysql> select count(c.cliente), p.pais
    -> from cliente c, pais p, endereco e, cidade i
    -> where c.endereco_id = e.endereco_id
    -> and e.cidade_id = i.cidade_id
    -> and i.pais_id = p.pais_id
    -> group by count(c.cliente_id);
ERROR 1054 (42S22): Unknown column 'c.cliente' in 'field list'
mysql> select count(c.cliente_id), p.pais
    -> from cliente c, pais p, endereco e, cidade i
    -> where c.endereco_id = e.endereco_id
    -> and e.cidade_id = i.cidade_id
    -> and i.pais_id = p.pais_id
    -> group by count(c.cliente_id);
ERROR 1056 (42000): Can't group on 'count(c.cliente_id)'
mysql> select count(c.cliente), p.pais
    -> from cliente c, pais p, endereco e, cidade i
    -> where c.endereco_id = e.endereco_id
    -> and e.cidade_id = i.cidade_id
    -> and i.pais_id = p.pais_id
    -> group by cliente_id;
ERROR 1054 (42S22): Unknown column 'c.cliente' in 'field list'
mysql> select count(c.cliente_id), p.pais
    -> from cliente c, pais p, endereco e, cidade i
    -> where c.endereco_id = e.endereco_id
    -> and e.cidade_id = i.cidade_id
    -> and i.pais_id = p.pais_id
    -> group by cliente_id;
+---------------------+---------------------------------------+
| count(c.cliente_id) | pais                                  |
+---------------------+---------------------------------------+
|                   1 | Afghanistan                           |
|                   1 | Algeria                               |
|                   1 | Algeria                               |
|                   1 | Algeria                               |
|                   1 | American Samoa                        |
|                   1 | Angola                                |
|                   1 | Angola                                |
|                   1 | Anguilla                              |
|                   1 | Argentina                             |
|                   1 | Argentina                             |
|                   1 | Argentina                             |
|                   1 | Argentina                             |
|                   1 | Argentina                             |
|                   1 | Argentina                             |
|                   1 | Argentina                             |
|                   1 | Argentina                             |
|                   1 | Argentina                             |
|                   1 | Argentina                             |
|                   1 | Argentina                             |
|                   1 | Argentina                             |
|                   1 | Argentina                             |
|                   1 | Armenia                               |
|                   1 | Austria                               |
|                   1 | Austria                               |
|                   1 | Austria                               |
|                   1 | Azerbaijan                            |
|                   1 | Azerbaijan                            |
|                   1 | Bahrain                               |
|                   1 | Bangladesh                            |
|                   1 | Bangladesh                            |
|                   1 | Bangladesh                            |
|                   1 | Belarus                               |
|                   1 | Belarus                               |
|                   1 | Bolivia                               |
|                   1 | Bolivia                               |
|                   1 | Brazil                                |
|                   1 | Brazil                                |
|                   1 | Brazil                                |
|                   1 | Brazil                                |
|                   1 | Brazil                                |
|                   1 | Brazil                                |
|                   1 | Brazil                                |
|                   1 | Brazil                                |
|                   1 | Brazil                                |
|                   1 | Brazil                                |
|                   1 | Brazil                                |
|                   1 | Brazil                                |
|                   1 | Brazil                                |
|                   1 | Brazil                                |
|                   1 | Brazil                                |
|                   1 | Brazil                                |
|                   1 | Brazil                                |
|                   1 | Brazil                                |
|                   1 | Brazil                                |
|                   1 | Brazil                                |
|                   1 | Brazil                                |
|                   1 | Brazil                                |
|                   1 | Brazil                                |
|                   1 | Brazil                                |
|                   1 | Brazil                                |
|                   1 | Brazil                                |
|                   1 | Brazil                                |
|                   1 | Brazil                                |
|                   1 | Brunei                                |
|                   1 | Bulgaria                              |
|                   1 | Bulgaria                              |
|                   1 | Cambodia                              |
|                   1 | Cambodia                              |
|                   1 | Cameroon                              |
|                   1 | Cameroon                              |
|                   1 | Canada                                |
|                   1 | Canada                                |
|                   1 | Canada                                |
|                   1 | Canada                                |
|                   1 | Canada                                |
|                   1 | Chad                                  |
|                   1 | Chile                                 |
|                   1 | Chile                                 |
|                   1 | Chile                                 |
|                   1 | China                                 |
|                   1 | China                                 |
|                   1 | China                                 |
|                   1 | China                                 |
|                   1 | China                                 |
|                   1 | China                                 |
|                   1 | China                                 |
|                   1 | China                                 |
|                   1 | China                                 |
|                   1 | China                                 |
|                   1 | China                                 |
|                   1 | China                                 |
|                   1 | China                                 |
|                   1 | China                                 |
|                   1 | China                                 |
|                   1 | China                                 |
|                   1 | China                                 |
|                   1 | China                                 |
|                   1 | China                                 |
|                   1 | China                                 |
|                   1 | China                                 |
|                   1 | China                                 |
|                   1 | China                                 |
|                   1 | China                                 |
|                   1 | China                                 |
|                   1 | China                                 |
|                   1 | China                                 |
|                   1 | China                                 |
|                   1 | China                                 |
|                   1 | China                                 |
|                   1 | China                                 |
|                   1 | China                                 |
|                   1 | China                                 |
|                   1 | China                                 |
|                   1 | China                                 |
|                   1 | China                                 |
|                   1 | China                                 |
|                   1 | China                                 |
|                   1 | China                                 |
|                   1 | China                                 |
|                   1 | China                                 |
|                   1 | China                                 |
|                   1 | China                                 |
|                   1 | China                                 |
|                   1 | China                                 |
|                   1 | China                                 |
|                   1 | China                                 |
|                   1 | China                                 |
|                   1 | China                                 |
|                   1 | China                                 |
|                   1 | China                                 |
|                   1 | China                                 |
|                   1 | China                                 |
|                   1 | Colombia                              |
|                   1 | Colombia                              |
|                   1 | Colombia                              |
|                   1 | Colombia                              |
|                   1 | Colombia                              |
|                   1 | Colombia                              |
|                   1 | Congo, The Democratic Republic of the |
|                   1 | Congo, The Democratic Republic of the |
|                   1 | Czech Republic                        |
|                   1 | Dominican Republic                    |
|                   1 | Dominican Republic                    |
|                   1 | Dominican Republic                    |
|                   1 | Ecuador                               |
|                   1 | Ecuador                               |
|                   1 | Ecuador                               |
|                   1 | Egypt                                 |
|                   1 | Egypt                                 |
|                   1 | Egypt                                 |
|                   1 | Egypt                                 |
|                   1 | Egypt                                 |
|                   1 | Egypt                                 |
|                   1 | Estonia                               |
|                   1 | Ethiopia                              |
|                   1 | Faroe Islands                         |
|                   1 | Finland                               |
|                   1 | France                                |
|                   1 | France                                |
|                   1 | France                                |
|                   1 | France                                |
|                   1 | French Guiana                         |
|                   1 | French Polynesia                      |
|                   1 | French Polynesia                      |
|                   1 | Gambia                                |
|                   1 | Germany                               |
|                   1 | Germany                               |
|                   1 | Germany                               |
|                   1 | Germany                               |
|                   1 | Germany                               |
|                   1 | Germany                               |
|                   1 | Germany                               |
|                   1 | Greece                                |
|                   1 | Greece                                |
|                   1 | Greenland                             |
|                   1 | Holy See (Vatican City State)         |
|                   1 | Hong Kong                             |
|                   1 | Hungary                               |
|                   1 | India                                 |
|                   1 | India                                 |
|                   1 | India                                 |
|                   1 | India                                 |
|                   1 | India                                 |
|                   1 | India                                 |
|                   1 | India                                 |
|                   1 | India                                 |
|                   1 | India                                 |
|                   1 | India                                 |
|                   1 | India                                 |
|                   1 | India                                 |
|                   1 | India                                 |
|                   1 | India                                 |
|                   1 | India                                 |
|                   1 | India                                 |
|                   1 | India                                 |
|                   1 | India                                 |
|                   1 | India                                 |
|                   1 | India                                 |
|                   1 | India                                 |
|                   1 | India                                 |
|                   1 | India                                 |
|                   1 | India                                 |
|                   1 | India                                 |
|                   1 | India                                 |
|                   1 | India                                 |
|                   1 | India                                 |
|                   1 | India                                 |
|                   1 | India                                 |
|                   1 | India                                 |
|                   1 | India                                 |
|                   1 | India                                 |
|                   1 | India                                 |
|                   1 | India                                 |
|                   1 | India                                 |
|                   1 | India                                 |
|                   1 | India                                 |
|                   1 | India                                 |
|                   1 | India                                 |
|                   1 | India                                 |
|                   1 | India                                 |
|                   1 | India                                 |
|                   1 | India                                 |
|                   1 | India                                 |
|                   1 | India                                 |
|                   1 | India                                 |
|                   1 | India                                 |
|                   1 | India                                 |
|                   1 | India                                 |
|                   1 | India                                 |
|                   1 | India                                 |
|                   1 | India                                 |
|                   1 | India                                 |
|                   1 | India                                 |
|                   1 | India                                 |
|                   1 | India                                 |
|                   1 | India                                 |
|                   1 | India                                 |
|                   1 | India                                 |
|                   1 | Indonesia                             |
|                   1 | Indonesia                             |
|                   1 | Indonesia                             |
|                   1 | Indonesia                             |
|                   1 | Indonesia                             |
|                   1 | Indonesia                             |
|                   1 | Indonesia                             |
|                   1 | Indonesia                             |
|                   1 | Indonesia                             |
|                   1 | Indonesia                             |
|                   1 | Indonesia                             |
|                   1 | Indonesia                             |
|                   1 | Indonesia                             |
|                   1 | Indonesia                             |
|                   1 | Iran                                  |
|                   1 | Iran                                  |
|                   1 | Iran                                  |
|                   1 | Iran                                  |
|                   1 | Iran                                  |
|                   1 | Iran                                  |
|                   1 | Iran                                  |
|                   1 | Iran                                  |
|                   1 | Iraq                                  |
|                   1 | Israel                                |
|                   1 | Israel                                |
|                   1 | Israel                                |
|                   1 | Israel                                |
|                   1 | Italy                                 |
|                   1 | Italy                                 |
|                   1 | Italy                                 |
|                   1 | Italy                                 |
|                   1 | Italy                                 |
|                   1 | Italy                                 |
|                   1 | Italy                                 |
|                   1 | Japan                                 |
|                   1 | Japan                                 |
|                   1 | Japan                                 |
|                   1 | Japan                                 |
|                   1 | Japan                                 |
|                   1 | Japan                                 |
|                   1 | Japan                                 |
|                   1 | Japan                                 |
|                   1 | Japan                                 |
|                   1 | Japan                                 |
|                   1 | Japan                                 |
|                   1 | Japan                                 |
|                   1 | Japan                                 |
|                   1 | Japan                                 |
|                   1 | Japan                                 |
|                   1 | Japan                                 |
|                   1 | Japan                                 |
|                   1 | Japan                                 |
|                   1 | Japan                                 |
|                   1 | Japan                                 |
|                   1 | Japan                                 |
|                   1 | Japan                                 |
|                   1 | Japan                                 |
|                   1 | Japan                                 |
|                   1 | Japan                                 |
|                   1 | Japan                                 |
|                   1 | Japan                                 |
|                   1 | Japan                                 |
|                   1 | Japan                                 |
|                   1 | Japan                                 |
|                   1 | Japan                                 |
|                   1 | Kazakstan                             |
|                   1 | Kazakstan                             |
|                   1 | Kenya                                 |
|                   1 | Kenya                                 |
|                   1 | Kuwait                                |
|                   1 | Latvia                                |
|                   1 | Latvia                                |
|                   1 | Liechtenstein                         |
|                   1 | Lithuania                             |
|                   1 | Madagascar                            |
|                   1 | Malawi                                |
|                   1 | Malaysia                              |
|                   1 | Malaysia                              |
|                   1 | Malaysia                              |
|                   1 | Mexico                                |
|                   1 | Mexico                                |
|                   1 | Mexico                                |
|                   1 | Mexico                                |
|                   1 | Mexico                                |
|                   1 | Mexico                                |
|                   1 | Mexico                                |
|                   1 | Mexico                                |
|                   1 | Mexico                                |
|                   1 | Mexico                                |
|                   1 | Mexico                                |
|                   1 | Mexico                                |
|                   1 | Mexico                                |
|                   1 | Mexico                                |
|                   1 | Mexico                                |
|                   1 | Mexico                                |
|                   1 | Mexico                                |
|                   1 | Mexico                                |
|                   1 | Mexico                                |
|                   1 | Mexico                                |
|                   1 | Mexico                                |
|                   1 | Mexico                                |
|                   1 | Mexico                                |
|                   1 | Mexico                                |
|                   1 | Mexico                                |
|                   1 | Mexico                                |
|                   1 | Mexico                                |
|                   1 | Mexico                                |
|                   1 | Mexico                                |
|                   1 | Mexico                                |
|                   1 | Moldova                               |
|                   1 | Morocco                               |
|                   1 | Morocco                               |
|                   1 | Morocco                               |
|                   1 | Mozambique                            |
|                   1 | Mozambique                            |
|                   1 | Mozambique                            |
|                   1 | Myanmar                               |
|                   1 | Myanmar                               |
|                   1 | Nauru                                 |
|                   1 | Nepal                                 |
|                   1 | Netherlands                           |
|                   1 | Netherlands                           |
|                   1 | Netherlands                           |
|                   1 | Netherlands                           |
|                   1 | Netherlands                           |
|                   1 | New Zealand                           |
|                   1 | Nigeria                               |
|                   1 | Nigeria                               |
|                   1 | Nigeria                               |
|                   1 | Nigeria                               |
|                   1 | Nigeria                               |
|                   1 | Nigeria                               |
|                   1 | Nigeria                               |
|                   1 | Nigeria                               |
|                   1 | Nigeria                               |
|                   1 | Nigeria                               |
|                   1 | Nigeria                               |
|                   1 | Nigeria                               |
|                   1 | Nigeria                               |
|                   1 | North Korea                           |
|                   1 | Oman                                  |
|                   1 | Oman                                  |
|                   1 | Pakistan                              |
|                   1 | Pakistan                              |
|                   1 | Pakistan                              |
|                   1 | Pakistan                              |
|                   1 | Pakistan                              |
|                   1 | Paraguay                              |
|                   1 | Paraguay                              |
|                   1 | Paraguay                              |
|                   1 | Peru                                  |
|                   1 | Peru                                  |
|                   1 | Peru                                  |
|                   1 | Peru                                  |
|                   1 | Philippines                           |
|                   1 | Philippines                           |
|                   1 | Philippines                           |
|                   1 | Philippines                           |
|                   1 | Philippines                           |
|                   1 | Philippines                           |
|                   1 | Philippines                           |
|                   1 | Philippines                           |
|                   1 | Philippines                           |
|                   1 | Philippines                           |
|                   1 | Philippines                           |
|                   1 | Philippines                           |
|                   1 | Philippines                           |
|                   1 | Philippines                           |
|                   1 | Philippines                           |
|                   1 | Philippines                           |
|                   1 | Philippines                           |
|                   1 | Philippines                           |
|                   1 | Philippines                           |
|                   1 | Philippines                           |
|                   1 | Poland                                |
|                   1 | Poland                                |
|                   1 | Poland                                |
|                   1 | Poland                                |
|                   1 | Poland                                |
|                   1 | Poland                                |
|                   1 | Poland                                |
|                   1 | Poland                                |
|                   1 | Puerto Rico                           |
|                   1 | Puerto Rico                           |
|                   1 | Romania                               |
|                   1 | Romania                               |
|                   1 | Runion                                |
|                   1 | Russian Federation                    |
|                   1 | Russian Federation                    |
|                   1 | Russian Federation                    |
|                   1 | Russian Federation                    |
|                   1 | Russian Federation                    |
|                   1 | Russian Federation                    |
|                   1 | Russian Federation                    |
|                   1 | Russian Federation                    |
|                   1 | Russian Federation                    |
|                   1 | Russian Federation                    |
|                   1 | Russian Federation                    |
|                   1 | Russian Federation                    |
|                   1 | Russian Federation                    |
|                   1 | Russian Federation                    |
|                   1 | Russian Federation                    |
|                   1 | Russian Federation                    |
|                   1 | Russian Federation                    |
|                   1 | Russian Federation                    |
|                   1 | Russian Federation                    |
|                   1 | Russian Federation                    |
|                   1 | Russian Federation                    |
|                   1 | Russian Federation                    |
|                   1 | Russian Federation                    |
|                   1 | Russian Federation                    |
|                   1 | Russian Federation                    |
|                   1 | Russian Federation                    |
|                   1 | Russian Federation                    |
|                   1 | Russian Federation                    |
|                   1 | Saint Vincent and the Grenadines      |
|                   1 | Saudi Arabia                          |
|                   1 | Saudi Arabia                          |
|                   1 | Saudi Arabia                          |
|                   1 | Saudi Arabia                          |
|                   1 | Saudi Arabia                          |
|                   1 | Senegal                               |
|                   1 | Slovakia                              |
|                   1 | South Africa                          |
|                   1 | South Africa                          |
|                   1 | South Africa                          |
|                   1 | South Africa                          |
|                   1 | South Africa                          |
|                   1 | South Africa                          |
|                   1 | South Africa                          |
|                   1 | South Africa                          |
|                   1 | South Africa                          |
|                   1 | South Africa                          |
|                   1 | South Africa                          |
|                   1 | South Korea                           |
|                   1 | South Korea                           |
|                   1 | South Korea                           |
|                   1 | South Korea                           |
|                   1 | South Korea                           |
|                   1 | Spain                                 |
|                   1 | Spain                                 |
|                   1 | Spain                                 |
|                   1 | Spain                                 |
|                   1 | Spain                                 |
|                   1 | Sri Lanka                             |
|                   1 | Sudan                                 |
|                   1 | Sudan                                 |
|                   1 | Sweden                                |
|                   1 | Switzerland                           |
|                   1 | Switzerland                           |
|                   1 | Switzerland                           |
|                   1 | Taiwan                                |
|                   1 | Taiwan                                |
|                   1 | Taiwan                                |
|                   1 | Taiwan                                |
|                   1 | Taiwan                                |
|                   1 | Taiwan                                |
|                   1 | Taiwan                                |
|                   1 | Taiwan                                |
|                   1 | Taiwan                                |
|                   1 | Taiwan                                |
|                   1 | Tanzania                              |
|                   1 | Tanzania                              |
|                   1 | Tanzania                              |
|                   1 | Thailand                              |
|                   1 | Thailand                              |
|                   1 | Thailand                              |
|                   1 | Tonga                                 |
|                   1 | Tunisia                               |
|                   1 | Turkey                                |
|                   1 | Turkey                                |
|                   1 | Turkey                                |
|                   1 | Turkey                                |
|                   1 | Turkey                                |
|                   1 | Turkey                                |
|                   1 | Turkey                                |
|                   1 | Turkey                                |
|                   1 | Turkey                                |
|                   1 | Turkey                                |
|                   1 | Turkey                                |
|                   1 | Turkey                                |
|                   1 | Turkey                                |
|                   1 | Turkey                                |
|                   1 | Turkey                                |
|                   1 | Turkmenistan                          |
|                   1 | Tuvalu                                |
|                   1 | Ukraine                               |
|                   1 | Ukraine                               |
|                   1 | Ukraine                               |
|                   1 | Ukraine                               |
|                   1 | Ukraine                               |
|                   1 | Ukraine                               |
|                   1 | United Arab Emirates                  |
|                   1 | United Arab Emirates                  |
|                   1 | United Arab Emirates                  |
|                   1 | United Kingdom                        |
|                   1 | United Kingdom                        |
|                   1 | United Kingdom                        |
|                   1 | United Kingdom                        |
|                   1 | United Kingdom                        |
|                   1 | United Kingdom                        |
|                   1 | United Kingdom                        |
|                   1 | United Kingdom                        |
|                   1 | United Kingdom                        |
|                   1 | United States                         |
|                   1 | United States                         |
|                   1 | United States                         |
|                   1 | United States                         |
|                   1 | United States                         |
|                   1 | United States                         |
|                   1 | United States                         |
|                   1 | United States                         |
|                   1 | United States                         |
|                   1 | United States                         |
|                   1 | United States                         |
|                   1 | United States                         |
|                   1 | United States                         |
|                   1 | United States                         |
|                   1 | United States                         |
|                   1 | United States                         |
|                   1 | United States                         |
|                   1 | United States                         |
|                   1 | United States                         |
|                   1 | United States                         |
|                   1 | United States                         |
|                   1 | United States                         |
|                   1 | United States                         |
|                   1 | United States                         |
|                   1 | United States                         |
|                   1 | United States                         |
|                   1 | United States                         |
|                   1 | United States                         |
|                   1 | United States                         |
|                   1 | United States                         |
|                   1 | United States                         |
|                   1 | United States                         |
|                   1 | United States                         |
|                   1 | United States                         |
|                   1 | United States                         |
|                   1 | United States                         |
|                   1 | Venezuela                             |
|                   1 | Venezuela                             |
|                   1 | Venezuela                             |
|                   1 | Venezuela                             |
|                   1 | Venezuela                             |
|                   1 | Venezuela                             |
|                   1 | Venezuela                             |
|                   1 | Vietnam                               |
|                   1 | Vietnam                               |
|                   1 | Vietnam                               |
|                   1 | Vietnam                               |
|                   1 | Vietnam                               |
|                   1 | Vietnam                               |
|                   1 | Virgin Islands, U.S.                  |
|                   1 | Yemen                                 |
|                   1 | Yemen                                 |
|                   1 | Yemen                                 |
|                   1 | Yemen                                 |
|                   1 | Yugoslavia                            |
|                   1 | Yugoslavia                            |
|                   1 | Zambia                                |
+---------------------+---------------------------------------+
599 rows in set (0.00 sec)

mysql> select count(c.cliente_id), p.pais
    -> from cliente c, pais p, endereco e, cidade i
    -> where c.endereco_id = e.endereco_id
    -> and e.cidade_id = i.cidade_id
    -> and i.pais_id = p.pais_id
    -> group by pais;
+---------------------+---------------------------------------+
| count(c.cliente_id) | pais                                  |
+---------------------+---------------------------------------+
|                   1 | Afghanistan                           |
|                   3 | Algeria                               |
|                   1 | American Samoa                        |
|                   2 | Angola                                |
|                   1 | Anguilla                              |
|                  13 | Argentina                             |
|                   1 | Armenia                               |
|                   3 | Austria                               |
|                   2 | Azerbaijan                            |
|                   1 | Bahrain                               |
|                   3 | Bangladesh                            |
|                   2 | Belarus                               |
|                   2 | Bolivia                               |
|                  28 | Brazil                                |
|                   1 | Brunei                                |
|                   2 | Bulgaria                              |
|                   2 | Cambodia                              |
|                   2 | Cameroon                              |
|                   5 | Canada                                |
|                   1 | Chad                                  |
|                   3 | Chile                                 |
|                  53 | China                                 |
|                   6 | Colombia                              |
|                   2 | Congo, The Democratic Republic of the |
|                   1 | Czech Republic                        |
|                   3 | Dominican Republic                    |
|                   3 | Ecuador                               |
|                   6 | Egypt                                 |
|                   1 | Estonia                               |
|                   1 | Ethiopia                              |
|                   1 | Faroe Islands                         |
|                   1 | Finland                               |
|                   4 | France                                |
|                   1 | French Guiana                         |
|                   2 | French Polynesia                      |
|                   1 | Gambia                                |
|                   7 | Germany                               |
|                   2 | Greece                                |
|                   1 | Greenland                             |
|                   1 | Holy See (Vatican City State)         |
|                   1 | Hong Kong                             |
|                   1 | Hungary                               |
|                  60 | India                                 |
|                  14 | Indonesia                             |
|                   8 | Iran                                  |
|                   1 | Iraq                                  |
|                   4 | Israel                                |
|                   7 | Italy                                 |
|                  31 | Japan                                 |
|                   2 | Kazakstan                             |
|                   2 | Kenya                                 |
|                   1 | Kuwait                                |
|                   2 | Latvia                                |
|                   1 | Liechtenstein                         |
|                   1 | Lithuania                             |
|                   1 | Madagascar                            |
|                   1 | Malawi                                |
|                   3 | Malaysia                              |
|                  30 | Mexico                                |
|                   1 | Moldova                               |
|                   3 | Morocco                               |
|                   3 | Mozambique                            |
|                   2 | Myanmar                               |
|                   1 | Nauru                                 |
|                   1 | Nepal                                 |
|                   5 | Netherlands                           |
|                   1 | New Zealand                           |
|                  13 | Nigeria                               |
|                   1 | North Korea                           |
|                   2 | Oman                                  |
|                   5 | Pakistan                              |
|                   3 | Paraguay                              |
|                   4 | Peru                                  |
|                  20 | Philippines                           |
|                   8 | Poland                                |
|                   2 | Puerto Rico                           |
|                   2 | Romania                               |
|                   1 | Runion                                |
|                  28 | Russian Federation                    |
|                   1 | Saint Vincent and the Grenadines      |
|                   5 | Saudi Arabia                          |
|                   1 | Senegal                               |
|                   1 | Slovakia                              |
|                  11 | South Africa                          |
|                   5 | South Korea                           |
|                   5 | Spain                                 |
|                   1 | Sri Lanka                             |
|                   2 | Sudan                                 |
|                   1 | Sweden                                |
|                   3 | Switzerland                           |
|                  10 | Taiwan                                |
|                   3 | Tanzania                              |
|                   3 | Thailand                              |
|                   1 | Tonga                                 |
|                   1 | Tunisia                               |
|                  15 | Turkey                                |
|                   1 | Turkmenistan                          |
|                   1 | Tuvalu                                |
|                   6 | Ukraine                               |
|                   3 | United Arab Emirates                  |
|                   9 | United Kingdom                        |
|                  36 | United States                         |
|                   7 | Venezuela                             |
|                   6 | Vietnam                               |
|                   1 | Virgin Islands, U.S.                  |
|                   4 | Yemen                                 |
|                   2 | Yugoslavia                            |
|                   1 | Zambia                                |
+---------------------+---------------------------------------+
108 rows in set (0.01 sec)

mysql> select count(c.cliente_id), p.pais
    -> from cliente c, pais p, endereco e, cidade i
    -> where c.endereco_id = e.endereco_id
    -> and e.cidade_id = i.cidade_id
    -> and i.pais_id = p.pais_id
    -> group by pais
    -> having count(c.cliente_id) > 10
    -> ;
+---------------------+--------------------+
| count(c.cliente_id) | pais               |
+---------------------+--------------------+
|                  13 | Argentina          |
|                  28 | Brazil             |
|                  53 | China              |
|                  60 | India              |
|                  14 | Indonesia          |
|                  31 | Japan              |
|                  30 | Mexico             |
|                  13 | Nigeria            |
|                  20 | Philippines        |
|                  28 | Russian Federation |
|                  11 | South Africa       |
|                  15 | Turkey             |
|                  36 | United States      |
+---------------------+--------------------+
13 rows in set (0.00 sec)

mysql> select count(c.cliente_id), p.pais
    -> from cliente c, pais p, endereco e, cidade i
    -> where c.endereco_id = e.endereco_id
    -> and e.cidade_id = i.cidade_id
    -> and i.pais_id = p.pais_id
    -> group by pais
    -> having count(c.cliente_id) > 10
    -> order by pais desc;
+---------------------+--------------------+
| count(c.cliente_id) | pais               |
+---------------------+--------------------+
|                  36 | United States      |
|                  15 | Turkey             |
|                  11 | South Africa       |
|                  28 | Russian Federation |
|                  20 | Philippines        |
|                  13 | Nigeria            |
|                  30 | Mexico             |
|                  31 | Japan              |
|                  14 | Indonesia          |
|                  60 | India              |
|                  53 | China              |
|                  28 | Brazil             |
|                  13 | Argentina          |
+---------------------+--------------------+
13 rows in set (0.01 sec)

mysql> select count(c.cliente_id), p.pais
    -> from cliente c, pais p, endereco e, cidade i
    -> where c.endereco_id = e.endereco_id
    -> and e.cidade_id = i.cidade_id
    -> and i.pais_id = p.pais_id
    -> group by pais
    -> having count(c.cliente_id) > 10
    -> order by 1 asc;
+---------------------+--------------------+
| count(c.cliente_id) | pais               |
+---------------------+--------------------+
|                  11 | South Africa       |
|                  13 | Argentina          |
|                  13 | Nigeria            |
|                  14 | Indonesia          |
|                  15 | Turkey             |
|                  20 | Philippines        |
|                  28 | Brazil             |
|                  28 | Russian Federation |
|                  30 | Mexico             |
|                  31 | Japan              |
|                  36 | United States      |
|                  53 | China              |
|                  60 | India              |
+---------------------+--------------------+
13 rows in set (0.01 sec)

mysql> select count(c.cliente_id), p.pais
    -> from cliente c, pais p, endereco e, cidade i
    -> where c.endereco_id = e.endereco_id
    -> and e.cidade_id = i.cidade_id
    -> and i.pais_id = p.pais_id
    -> group by pais
    -> having count(c.cliente_id) > 10
    -> order by 1 desc;
+---------------------+--------------------+
| count(c.cliente_id) | pais               |
+---------------------+--------------------+
|                  60 | India              |
|                  53 | China              |
|                  36 | United States      |
|                  31 | Japan              |
|                  30 | Mexico             |
|                  28 | Brazil             |
|                  28 | Russian Federation |
|                  20 | Philippines        |
|                  15 | Turkey             |
|                  14 | Indonesia          |
|                  13 | Argentina          |
|                  13 | Nigeria            |
|                  11 | South Africa       |
+---------------------+--------------------+
13 rows in set (0.01 sec)

mysql>